Component: ARM Compiler 5.06 update 4 (build 422) Tool: armlink [4d35d2]

==============================================================================

Section Cross References

    stm32f4xx_adc.o(i.ADC_DeInit) refers to stm32f4xx_rcc.o(i.RCC_APB2PeriphResetCmd) for RCC_APB2PeriphResetCmd
    stm32f4xx_can.o(i.CAN_DeInit) refers to stm32f4xx_rcc.o(i.RCC_APB1PeriphResetCmd) for RCC_APB1PeriphResetCmd
    stm32f4xx_can.o(i.CAN_GetITStatus) refers to stm32f4xx_can.o(i.CheckITStatus) for CheckITStatus
    stm32f4xx_cryp.o(i.CRYP_DeInit) refers to stm32f4xx_rcc.o(i.RCC_AHB2PeriphResetCmd) for RCC_AHB2PeriphResetCmd
    stm32f4xx_cryp_aes.o(i.CRYP_AES_CBC) refers to stm32f4xx_cryp.o(i.CRYP_KeyStructInit) for CRYP_KeyStructInit
    stm32f4xx_cryp_aes.o(i.CRYP_AES_CBC) refers to stm32f4xx_cryp.o(i.CRYP_KeyInit) for CRYP_KeyInit
    stm32f4xx_cryp_aes.o(i.CRYP_AES_CBC) refers to stm32f4xx_cryp.o(i.CRYP_Init) for CRYP_Init
    stm32f4xx_cryp_aes.o(i.CRYP_AES_CBC) refers to stm32f4xx_cryp.o(i.CRYP_IVInit) for CRYP_IVInit
    stm32f4xx_cryp_aes.o(i.CRYP_AES_CBC) refers to stm32f4xx_cryp.o(i.CRYP_FIFOFlush) for CRYP_FIFOFlush
    stm32f4xx_cryp_aes.o(i.CRYP_AES_CBC) refers to stm32f4xx_cryp.o(i.CRYP_Cmd) for CRYP_Cmd
    stm32f4xx_cryp_aes.o(i.CRYP_AES_CBC) refers to stm32f4xx_cryp.o(i.CRYP_GetCmdStatus) for CRYP_GetCmdStatus
    stm32f4xx_cryp_aes.o(i.CRYP_AES_CBC) refers to stm32f4xx_cryp.o(i.CRYP_GetFlagStatus) for CRYP_GetFlagStatus
    stm32f4xx_cryp_aes.o(i.CRYP_AES_CBC) refers to stm32f4xx_cryp.o(i.CRYP_DataIn) for CRYP_DataIn
    stm32f4xx_cryp_aes.o(i.CRYP_AES_CBC) refers to stm32f4xx_cryp.o(i.CRYP_DataOut) for CRYP_DataOut
    stm32f4xx_cryp_aes.o(i.CRYP_AES_CCM) refers to stm32f4xx_cryp.o(i.CRYP_KeyStructInit) for CRYP_KeyStructInit
    stm32f4xx_cryp_aes.o(i.CRYP_AES_CCM) refers to stm32f4xx_cryp.o(i.CRYP_FIFOFlush) for CRYP_FIFOFlush
    stm32f4xx_cryp_aes.o(i.CRYP_AES_CCM) refers to stm32f4xx_cryp.o(i.CRYP_KeyInit) for CRYP_KeyInit
    stm32f4xx_cryp_aes.o(i.CRYP_AES_CCM) refers to stm32f4xx_cryp.o(i.CRYP_IVInit) for CRYP_IVInit
    stm32f4xx_cryp_aes.o(i.CRYP_AES_CCM) refers to stm32f4xx_cryp.o(i.CRYP_Init) for CRYP_Init
    stm32f4xx_cryp_aes.o(i.CRYP_AES_CCM) refers to stm32f4xx_cryp.o(i.CRYP_PhaseConfig) for CRYP_PhaseConfig
    stm32f4xx_cryp_aes.o(i.CRYP_AES_CCM) refers to stm32f4xx_cryp.o(i.CRYP_DataIn) for CRYP_DataIn
    stm32f4xx_cryp_aes.o(i.CRYP_AES_CCM) refers to stm32f4xx_cryp.o(i.CRYP_Cmd) for CRYP_Cmd
    stm32f4xx_cryp_aes.o(i.CRYP_AES_CCM) refers to stm32f4xx_cryp.o(i.CRYP_GetCmdStatus) for CRYP_GetCmdStatus
    stm32f4xx_cryp_aes.o(i.CRYP_AES_CCM) refers to stm32f4xx_cryp.o(i.CRYP_GetFlagStatus) for CRYP_GetFlagStatus
    stm32f4xx_cryp_aes.o(i.CRYP_AES_CCM) refers to stm32f4xx_cryp.o(i.CRYP_DataOut) for CRYP_DataOut
    stm32f4xx_cryp_aes.o(i.CRYP_AES_CTR) refers to stm32f4xx_cryp.o(i.CRYP_KeyStructInit) for CRYP_KeyStructInit
    stm32f4xx_cryp_aes.o(i.CRYP_AES_CTR) refers to stm32f4xx_cryp.o(i.CRYP_KeyInit) for CRYP_KeyInit
    stm32f4xx_cryp_aes.o(i.CRYP_AES_CTR) refers to stm32f4xx_cryp.o(i.CRYP_Init) for CRYP_Init
    stm32f4xx_cryp_aes.o(i.CRYP_AES_CTR) refers to stm32f4xx_cryp.o(i.CRYP_IVInit) for CRYP_IVInit
    stm32f4xx_cryp_aes.o(i.CRYP_AES_CTR) refers to stm32f4xx_cryp.o(i.CRYP_FIFOFlush) for CRYP_FIFOFlush
    stm32f4xx_cryp_aes.o(i.CRYP_AES_CTR) refers to stm32f4xx_cryp.o(i.CRYP_Cmd) for CRYP_Cmd
    stm32f4xx_cryp_aes.o(i.CRYP_AES_CTR) refers to stm32f4xx_cryp.o(i.CRYP_GetCmdStatus) for CRYP_GetCmdStatus
    stm32f4xx_cryp_aes.o(i.CRYP_AES_CTR) refers to stm32f4xx_cryp.o(i.CRYP_DataIn) for CRYP_DataIn
    stm32f4xx_cryp_aes.o(i.CRYP_AES_CTR) refers to stm32f4xx_cryp.o(i.CRYP_GetFlagStatus) for CRYP_GetFlagStatus
    stm32f4xx_cryp_aes.o(i.CRYP_AES_CTR) refers to stm32f4xx_cryp.o(i.CRYP_DataOut) for CRYP_DataOut
    stm32f4xx_cryp_aes.o(i.CRYP_AES_ECB) refers to stm32f4xx_cryp.o(i.CRYP_KeyStructInit) for CRYP_KeyStructInit
    stm32f4xx_cryp_aes.o(i.CRYP_AES_ECB) refers to stm32f4xx_cryp.o(i.CRYP_KeyInit) for CRYP_KeyInit
    stm32f4xx_cryp_aes.o(i.CRYP_AES_ECB) refers to stm32f4xx_cryp.o(i.CRYP_Init) for CRYP_Init
    stm32f4xx_cryp_aes.o(i.CRYP_AES_ECB) refers to stm32f4xx_cryp.o(i.CRYP_FIFOFlush) for CRYP_FIFOFlush
    stm32f4xx_cryp_aes.o(i.CRYP_AES_ECB) refers to stm32f4xx_cryp.o(i.CRYP_Cmd) for CRYP_Cmd
    stm32f4xx_cryp_aes.o(i.CRYP_AES_ECB) refers to stm32f4xx_cryp.o(i.CRYP_GetCmdStatus) for CRYP_GetCmdStatus
    stm32f4xx_cryp_aes.o(i.CRYP_AES_ECB) refers to stm32f4xx_cryp.o(i.CRYP_GetFlagStatus) for CRYP_GetFlagStatus
    stm32f4xx_cryp_aes.o(i.CRYP_AES_ECB) refers to stm32f4xx_cryp.o(i.CRYP_DataIn) for CRYP_DataIn
    stm32f4xx_cryp_aes.o(i.CRYP_AES_ECB) refers to stm32f4xx_cryp.o(i.CRYP_DataOut) for CRYP_DataOut
    stm32f4xx_cryp_aes.o(i.CRYP_AES_GCM) refers to stm32f4xx_cryp.o(i.CRYP_KeyStructInit) for CRYP_KeyStructInit
    stm32f4xx_cryp_aes.o(i.CRYP_AES_GCM) refers to stm32f4xx_cryp.o(i.CRYP_FIFOFlush) for CRYP_FIFOFlush
[...]
    i.CAN2_RX1_IRQHandler                    0x08000a78   Section        0  can_protocol.o(i.CAN2_RX1_IRQHandler)
    i.CAN2_TX_IRQHandler                     0x08000ad4   Section        0  can_protocol.o(i.CAN2_TX_IRQHandler)
    i.CAN_ClearITPendingBit                  0x08000b00   Section        0  stm32f4xx_can.o(i.CAN_ClearITPendingBit)
    i.CAN_GetITStatus                        0x08000ba8   Section        0  stm32f4xx_can.o(i.CAN_GetITStatus)
    i.CAN_Receive                            0x08000cb4   Section        0  stm32f4xx_can.o(i.CAN_Receive)
    i.CheckITStatus                          0x08000d72   Section        0  stm32f4xx_can.o(i.CheckITStatus)
    CheckITStatus                            0x08000d73   Thumb Code    12  stm32f4xx_can.o(i.CheckITStatus)
    i.DAC_Cmd                                0x08000d80   Section        0  stm32f4xx_dac.o(i.DAC_Cmd)
    i.DAC_DMACmd                             0x08000da4   Section        0  stm32f4xx_dac.o(i.DAC_DMACmd)
    i.DAC_Init                               0x08000dc8   Section        0  stm32f4xx_dac.o(i.DAC_Init)
    i.DAC_SetChannel1Data                    0x08000e00   Section        0  stm32f4xx_dac.o(i.DAC_SetChannel1Data)
    i.DAC_TIM4_Config                        0x08000e18   Section        0  dac.o(i.DAC_TIM4_Config)
    i.DAC_enable                             0x08000e60   Section        0  dac.o(i.DAC_enable)
    i.DAC_enable_init                        0x08000e74   Section        0  dac.o(i.DAC_enable_init)
    i.DMA2_Stream0_IRQHandler                0x08000eac   Section        0  adc.o(i.DMA2_Stream0_IRQHandler)
    i.DMA_ClearITPendingBit                  0x08000ecc   Section        0  stm32f4xx_dma.o(i.DMA_ClearITPendingBit)
    i.DMA_Cmd                                0x08000efc   Section        0  stm32f4xx_dma.o(i.DMA_Cmd)
    i.DMA_DeInit                             0x08000f14   Section        0  stm32f4xx_dma.o(i.DMA_DeInit)
    i.DMA_ITConfig                           0x0800109c   Section        0  stm32f4xx_dma.o(i.DMA_ITConfig)
    i.DMA_Init                               0x080010d4   Section        0  stm32f4xx_dma.o(i.DMA_Init)
    i.DebugMon_Handler                       0x08001150   Section        0  stm32f4xx_it.o(i.DebugMon_Handler)
    i.EXTI15_10_IRQHandler                   0x08001152   Section        0  spi_xbc_mb.o(i.EXTI15_10_IRQHandler)
    i.EXTI_ClearITPendingBit                 0x08001174   Section        0  stm32f4xx_exti.o(i.EXTI_ClearITPendingBit)
    i.EXTI_GetITStatus                       0x08001180   Section        0  stm32f4xx_exti.o(i.EXTI_GetITStatus)
    i.FET_gnd                                0x08001194   Section        0  dac.o(i.FET_gnd)
    i.GPIO_Init                              0x08001250   Section        0  stm32f4xx_gpio.o(i.GPIO_Init)
    i.GPIO_PinAFConfig                       0x080012e6   Section        0  stm32f4xx_gpio.o(i.GPIO_PinAFConfig)
    i.GPIO_ReadInputDataBit                  0x08001308   Section        0  stm32f4xx_gpio.o(i.GPIO_ReadInputDataBit)
    i.GPIO_ReadOutputDataBit                 0x08001316   Section        0  stm32f4xx_gpio.o(i.GPIO_ReadOutputDataBit)
    i.GPIO_StructInit                        0x08001324   Section        0  stm32f4xx_gpio.o(i.GPIO_StructInit)
    i.GPIO_WriteBit                          0x08001336   Section        0  stm32f4xx_gpio.o(i.GPIO_WriteBit)
    i.Gaussian_filter                        0x08001344   Section        0  adc.o(i.Gaussian_filter)
    i.HFI_init                               0x080013d4   Section        0  dac.o(i.HFI_init)
    i.HFI_read                               0x08001408   Section        0  dac.o(i.HFI_read)
    i.HardFault_Handler                      0x08001428   Section        0  stm32f4xx_it.o(i.HardFault_Handler)
    i.MemManage_Handler                      0x0800142a   Section        0  stm32f4xx_it.o(i.MemManage_Handler)
    i.NMI_Handler                            0x0800142c   Section        0  stm32f4xx_it.o(i.NMI_Handler)
    i.NVIC_Init                              0x08001430   Section        0  misc.o(i.NVIC_Init)
    i.N_method                               0x080014a4   Section        0  pos_esti.o(i.N_method)
    i.PWM_A                                  0x0800164c   Section        0  pwm.o(i.PWM_A)
    i.PWM_AL                                 0x08001660   Section        0  pwm.o(i.PWM_AL)
    i.PWM_B                                  0x0800166c   Section        0  pwm.o(i.PWM_B)
    i.PWM_BL                                 0x08001680   Section        0  pwm.o(i.PWM_BL)
    i.PWM_C                                  0x0800168c   Section        0  pwm.o(i.PWM_C)
    i.PWM_CL                                 0x080016a0   Section        0  pwm.o(i.PWM_CL)
    i.PWM_NAH                                0x080016ac   Section        0  pwm.o(i.PWM_NAH)
    i.PWM_NBH                                0x080016b8   Section        0  pwm.o(i.PWM_NBH)
    i.PWM_NCH                                0x080016c4   Section        0  pwm.o(i.PWM_NCH)
    i.PWM_init                               0x080016d0   Section        0  pwm.o(i.PWM_init)
    i.PendSV_Handler                         0x080018d0   Section        0  stm32f4xx_it.o(i.PendSV_Handler)
    i.RCC_AHB1PeriphClockCmd                 0x080018d4   Section        0  stm32f4xx_rcc.o(i.RCC_AHB1PeriphClockCmd)
    i.RCC_APB1PeriphClockCmd                 0x080018f0   Section        0  stm32f4xx_rcc.o(i.RCC_APB1PeriphClockCmd)
    i.RCC_APB1PeriphResetCmd                 0x0800190c   Section        0  stm32f4xx_rcc.o(i.RCC_APB1PeriphResetCmd)
    i.RCC_APB2PeriphClockCmd                 0x08001928   Section        0  stm32f4xx_rcc.o(i.RCC_APB2PeriphClockCmd)
    i.RCC_APB2PeriphResetCmd                 0x08001944   Section        0  stm32f4xx_rcc.o(i.RCC_APB2PeriphResetCmd)
    i.RCC_GetClocksFreq                      0x08001960   Section        0  stm32f4xx_rcc.o(i.RCC_GetClocksFreq)
    i.SPI1_IRQHandler                        0x08001a10   Section        0  spi_protocol.o(i.SPI1_IRQHandler)
    i.SPI2_IRQHandler                        0x08001a40   Section        0  spi_protocol.o(i.SPI2_IRQHandler)
    i.SPI3_IRQHandler                        0x08001a70   Section        0  spi_protocol.o(i.SPI3_IRQHandler)
    i.SPI_I2S_GetITStatus                    0x08001aa0   Section        0  stm32f4xx_spi.o(i.SPI_I2S_GetITStatus)
    i.SPI_I2S_ReceiveData                    0x08001ace   Section        0  stm32f4xx_spi.o(i.SPI_I2S_ReceiveData)
    i.SPI_NSSInternalSoftwareConfig          0x08001ad2   Section        0  stm32f4xx_spi.o(i.SPI_NSSInternalSoftwareConfig)
    i.SVC_Handler                            0x08001aee   Section        0  stm32f4xx_it.o(i.SVC_Handler)
    i.Scale_init                             0x08001af0   Section        0  dac.o(i.Scale_init)
    i.SetSysClock                            0x08001b34   Section        0  system_stm32f4xx.o(i.SetSysClock)
    SetSysClock                              0x08001b35   Thumb Code   188  system_stm32f4xx.o(i.SetSysClock)
    i.SysTick_Handler                        0x08001c10   Section        0  stm32f4xx_it.o(i.SysTick_Handler)
    i.SystemCoreClockUpdate                  0x08001c14   Section        0  system_stm32f4xx.o(i.SystemCoreClockUpdate)
    i.SystemInit                             0x08001ca4   Section        0  system_stm32f4xx.o(i.SystemInit)
    i.TIM2_IRQHandler                        0x08001d04   Section        0  ticks.o(i.TIM2_IRQHandler)
    i.TIM5_IRQHandler                        0x08001d2c   Section        0  pos_esti.o(i.TIM5_IRQHandler)
    i.TIM7_IRQHandler                        0x08001d38   Section        0  timer.o(i.TIM7_IRQHandler)
    i.TIM_BDTRConfig                         0x08001e30   Section        0  stm32f4xx_tim.o(i.TIM_BDTRConfig)
    i.TIM_BDTRStructInit                     0x08001e54   Section        0  stm32f4xx_tim.o(i.TIM_BDTRStructInit)
    i.TIM_CCPreloadControl                   0x08001e66   Section        0  stm32f4xx_tim.o(i.TIM_CCPreloadControl)
    i.TIM_ClearITPendingBit                  0x08001e7e   Section        0  stm32f4xx_tim.o(i.TIM_ClearITPendingBit)
    i.TIM_Cmd                                0x08001e84   Section        0  stm32f4xx_tim.o(i.TIM_Cmd)
    i.TIM_CtrlPWMOutputs                     0x08001e9c   Section        0  stm32f4xx_tim.o(i.TIM_CtrlPWMOutputs)
    i.TIM_DeInit                             0x08001ebc   Section        0  stm32f4xx_tim.o(i.TIM_DeInit)
    i.TIM_GetITStatus                        0x08002072   Section        0  stm32f4xx_tim.o(i.TIM_GetITStatus)
    i.TIM_ITConfig                           0x08002088   Section        0  stm32f4xx_tim.o(i.TIM_ITConfig)
    i.TIM_OC1Init                            0x0800209e   Section        0  stm32f4xx_tim.o(i.TIM_OC1Init)
    i.TIM_OC1PreloadConfig                   0x0800210e   Section        0  stm32f4xx_tim.o(i.TIM_OC1PreloadConfig)
    i.TIM_OC2Init                            0x0800211a   Section        0  stm32f4xx_tim.o(i.TIM_OC2Init)
    i.TIM_OC2PreloadConfig                   0x080021a8   Section        0  stm32f4xx_tim.o(i.TIM_OC2PreloadConfig)
    i.TIM_OC3Init                            0x080021bc   Section        0  stm32f4xx_tim.o(i.TIM_OC3Init)
    i.TIM_OC3PreloadConfig                   0x08002248   Section        0  stm32f4xx_tim.o(i.TIM_OC3PreloadConfig)
    i.TIM_OC4Init                            0x08002254   Section        0  stm32f4xx_tim.o(i.TIM_OC4Init)
    i.TIM_OC4PreloadConfig                   0x080022c0   Section        0  stm32f4xx_tim.o(i.TIM_OC4PreloadConfig)
    i.TIM_OCStructInit                       0x080022d4   Section        0  stm32f4xx_tim.o(i.TIM_OCStructInit)
    i.TIM_SelectOutputTrigger                0x080022e8   Section        0  stm32f4xx_tim.o(i.TIM_SelectOutputTrigger)
    i.TIM_SetAutoreload                      0x080022f8   Section        0  stm32f4xx_tim.o(i.TIM_SetAutoreload)
    i.TIM_SetCompare1                        0x080022fc   Section        0  stm32f4xx_tim.o(i.TIM_SetCompare1)
    i.TIM_SetCompare2                        0x08002300   Section        0  stm32f4xx_tim.o(i.TIM_SetCompare2)
    i.TIM_SetCompare3                        0x08002304   Section        0  stm32f4xx_tim.o(i.TIM_SetCompare3)
    i.TIM_SetCompare4                        0x08002308   Section        0  stm32f4xx_tim.o(i.TIM_SetCompare4)
    i.TIM_SetCounter                         0x0800230c   Section        0  stm32f4xx_tim.o(i.TIM_SetCounter)
    i.TIM_TimeBaseInit                       0x08002310   Section        0  stm32f4xx_tim.o(i.TIM_TimeBaseInit)
    i.USART3_IRQHandler                      0x08002390   Section        0  uart.o(i.USART3_IRQHandler)
    i.USART_ClearITPendingBit                0x08002430   Section        0  stm32f4xx_usart.o(i.USART_ClearITPendingBit)
    i.USART_Cmd                              0x08002442   Section        0  stm32f4xx_usart.o(i.USART_Cmd)
    i.USART_GetFlagStatus                    0x0800245a   Section        0  stm32f4xx_usart.o(i.USART_GetFlagStatus)
    i.USART_GetITStatus                      0x08002468   Section        0  stm32f4xx_usart.o(i.USART_GetITStatus)
    i.USART_ITConfig                         0x080024b0   Section        0  stm32f4xx_usart.o(i.USART_ITConfig)
    i.USART_Init                             0x080024ec   Section        0  stm32f4xx_usart.o(i.USART_Init)
    i.USART_ReceiveData                      0x080025bc   Section        0  stm32f4xx_usart.o(i.USART_ReceiveData)
    i.UsageFault_Handler                     0x080025c4   Section        0  stm32f4xx_it.o(i.UsageFault_Handler)
    i.__0vsprintf                            0x080025c8   Section        0  printfa.o(i.__0vsprintf)
    i.__ARM_fpclassifyf                      0x080025ec   Section        0  fpclassifyf.o(i.__ARM_fpclassifyf)
    i.__hardfp_atan2f                        0x08002614   Section        0  atan2f.o(i.__hardfp_atan2f)
    i.__mathlib_flt_infnan2                  0x08002864   Section        0  funder.o(i.__mathlib_flt_infnan2)
    i.__mathlib_flt_underflow                0x0800286c   Section        0  funder.o(i.__mathlib_flt_underflow)
    i.__scatterload_copy                     0x0800287c   Section       14  handlers.o(i.__scatterload_copy)
    i.__scatterload_null                     0x0800288a   Section        2  handlers.o(i.__scatterload_null)
    i.__scatterload_zeroinit                 0x0800288c   Section       14  handlers.o(i.__scatterload_zeroinit)
    i._delay_ms                              0x0800289a   Section        0  ticks.o(i._delay_ms)
    i._delay_us                              0x080028b4   Section        0  ticks.o(i._delay_us)
    i._fp_digits                             0x080028d0   Section        0  printfa.o(i._fp_digits)
    _fp_digits                               0x080028d1   Thumb Code   366  printfa.o(i._fp_digits)
    i._printf_core                           0x08002a54   Section        0  printfa.o(i._printf_core)
    _printf_core                             0x08002a55   Thumb Code  1744  printfa.o(i._printf_core)
    i._printf_post_padding                   0x08003130   Section        0  printfa.o(i._printf_post_padding)
    _printf_post_padding                     0x08003131   Thumb Code    36  printfa.o(i._printf_post_padding)
    i._printf_pre_padding                    0x08003154   Section        0  printfa.o(i._printf_pre_padding)
    _printf_pre_padding                      0x08003155   Thumb Code    46  printfa.o(i._printf_pre_padding)
    i._sputc                                 0x08003182   Section        0  printfa.o(i._sputc)
    _sputc                                   0x08003183   Thumb Code    10  printfa.o(i._sputc)
    i.absEnc_init                            0x0800318c   Section        0  absenc.o(i.absEnc_init)
    i.adc_dma_init                           0x080031c8   Section        0  adc.o(i.adc_dma_init)
    i.adc_done                               0x08003348   Section        0  adc.o(i.adc_done)
    i.adc_gpio_init                          0x0800335c   Section        0  adc.o(i.adc_gpio_init)
    i.adc_init                               0x08003398   Section        0  adc.o(i.adc_init)
    i.app_atan2                              0x0800339c   Section        0  trigon_math.o(i.app_atan2)
    i.btn_init                               0x080033dc   Section        0  button.o(i.btn_init)
    i.btn_onclick                            0x08003408   Section        0  button.o(i.btn_onclick)
    i.btn_pressed                            0x08003428   Section        0  button.o(i.btn_pressed)
    i.btn_update                             0x0800345c   Section        0  button.o(i.btn_update)
    i.can1_tx_dequeue                        0x080034a4   Section        0  can_protocol.o(i.can1_tx_dequeue)
    can1_tx_dequeue                          0x080034a5   Thumb Code   294  can_protocol.o(i.can1_tx_dequeue)
    i.can2_tx_dequeue                        0x080035e4   Section        0  can_protocol.o(i.can2_tx_dequeue)
    can2_tx_dequeue                          0x080035e5   Thumb Code   294  can_protocol.o(i.can2_tx_dequeue)
    i.dac_init                               0x08003724   Section        0  dac.o(i.dac_init)
    i.det                                    0x08003888   Section        0  vec.o(i.det)
    i.diode_gnd                              0x08003890   Section        0  dac.o(i.diode_gnd)
    i.diode_init                             0x080038b0   Section        0  dac.o(i.diode_init)
    i.enc_cal                                0x080038e4   Section        0  pos_esti.o(i.enc_cal)
    i.getPinSource                           0x08003948   Section        0  gpio.o(i.getPinSource)
    i.get_abs                                0x080039e0   Section        0  absenc.o(i.get_abs)
    i.get_abs_angle                          0x080039f4   Section        0  absenc.o(i.get_abs_angle)
    i.get_can_queue_size                     0x08003a3c   Section        0  can_protocol.o(i.get_can_queue_size)
    i.get_interval                           0x08003a68   Section        0  dac.o(i.get_interval)
    i.get_pk2pk                              0x08003a7c   Section        0  adc.o(i.get_pk2pk)
    i.get_uart_queue_size                    0x08003a94   Section        0  uart.o(i.get_uart_queue_size)
    i.get_voltage                            0x08003ac0   Section        0  dac.o(i.get_voltage)
    i.gpio_af_init                           0x08003ad4   Section        0  gpio.o(i.gpio_af_init)
    i.gpio_input_init                        0x08003b1e   Section        0  gpio.o(i.gpio_input_init)
    i.gpio_output_init                       0x08003b46   Section        0  gpio.o(i.gpio_output_init)
    i.gpio_rcc_init                          0x08003b7c   Section        0  gpio.o(i.gpio_rcc_init)
    i.gpio_read_input                        0x08003bf0   Section        0  gpio.o(i.gpio_read_input)
    i.gpio_toggle                            0x08003bf8   Section        0  gpio.o(i.gpio_toggle)
    i.gray2bin                               0x08003c18   Section        0  absenc.o(i.gray2bin)
    i.induc_sense                            0x08003c78   Section        0  pos_esti.o(i.induc_sense)
    i.inv_sqrt                               0x08003d14   Section        0  approx_math.o(i.inv_sqrt)
    i.inverse                                0x08003d64   Section        0  vec.o(i.inverse)
    i.led_blink                              0x08003e90   Section        0  led.o(i.led_blink)
    i.led_init                               0x08003ea0   Section        0  led.o(i.led_init)
    i.main                                   0x08003ec8   Section        0  main.o(i.main)
    i.mat_det                                0x08003fa8   Section        0  vec.o(i.mat_det)
    i.mat_vec_prod                           0x08003fe8   Section        0  vec.o(i.mat_vec_prod)
    i.pk2pk2                                 0x08004044   Section        0  adc.o(i.pk2pk2)
    i.pos_update_induc                       0x0800420c   Section        0  pos_esti.o(i.pos_update_induc)
    i.reset_dma_adc                          0x08004360   Section        0  adc.o(i.reset_dma_adc)
    i.sca_mat_div                            0x08004390   Section        0  vec.o(i.sca_mat_div)
    i.sca_mat_prod                           0x080043da   Section        0  vec.o(i.sca_mat_prod)
    i.sca_vec_div                            0x08004412   Section        0  vec.o(i.sca_vec_div)
    i.sense_init                             0x0800442c   Section        0  pos_esti.o(i.sense_init)
    i.set_PWM                                0x08004478   Section        0  pwm.o(i.set_PWM)
    i.set_floating                           0x080044cc   Section        0  pwm.o(i.set_floating)
    i.spi_xbc_update_ssi                     0x080044fc   Section        0  spi_xbc_mb.o(i.spi_xbc_update_ssi)
    spi_xbc_update_ssi                       0x080044fd   Thumb Code    44  spi_xbc_mb.o(i.spi_xbc_update_ssi)
    i.test_algo                              0x08004530   Section        0  main.o(i.test_algo)
    i.ticks_init                             0x08004548   Section        0  ticks.o(i.ticks_init)
    i.toggle_FUCK                            0x080045b0   Section        0  adc.o(i.toggle_FUCK)
    i.transpose                              0x080045bc   Section        0  vec.o(i.transpose)
    i.uart_init                              0x08004604   Section        0  uart.o(i.uart_init)
    i.uart_tx                                0x080046c4   Section        0  uart.o(i.uart_tx)
    i.v_funct                                0x08004768   Section        0  pos_esti.o(i.v_funct)
    i.vec_sub                                0x080047d4   Section        0  vec.o(i.vec_sub)
    .constdata                               0x08004800   Section       20  uart.o(.constdata)
    UARTPorts                                0x08004800   Data          20  uart.o(.constdata)
    .constdata                               0x08004814   Section        8  gpio.o(.constdata)
    .constdata                               0x0800481c   Section        8  gpio.o(.constdata)
    .constdata                               0x08004824   Section        8  gpio.o(.constdata)
    .constdata                               0x0800482c   Section        8  gpio.o(.constdata)
    .constdata                               0x08004834   Section        8  gpio.o(.constdata)
    .constdata                               0x0800483c   Section     1280  dac.o(.constdata)
    .constdata                               0x08004d3c   Section      640  dac.o(.constdata)
    .constdata                               0x08004fbc   Section      320  dac.o(.constdata)
    .constdata                               0x080050fc   Section      120  dac.o(.constdata)
    .constdata                               0x08005174   Section        8  button.o(.constdata)
    BUTTONS                                  0x08005174   Data           8  button.o(.constdata)
    .data                                    0x20000000   Section       16  stm32f4xx_rcc.o(.data)
    APBAHBPrescTable                         0x20000000   Data          16  stm32f4xx_rcc.o(.data)
    .data                                    0x20000010   Section       24  system_stm32f4xx.o(.data)
    .data                                    0x20000028   Section       12  main.o(.data)
    .data                                    0x20000034   Section      104  adc.o(.data)
    NVIC_InitStructure                       0x20000040   Data           4  adc.o(.data)
    .data                                    0x2000009c   Section       36  can_protocol.o(.data)
    CAN_filter_count                         0x2000009c   Data           2  can_protocol.o(.data)
    CAN_max_filter                           0x2000009e   Data           2  can_protocol.o(.data)
    can_tx_dequeue                           0x200000a0   Data           8  can_protocol.o(.data)
    CAN_queue_max_size                       0x200000a8   Data           8  can_protocol.o(.data)
    .data                                    0x200000c0   Section       16  uart.o(.data)
    tx_buf_max_size                          0x200000c0   Data           4  uart.o(.data)
    rxListeners                              0x200000c4   Data           4  uart.o(.data)
    tx_queue                                 0x200000c8   Data           8  uart.o(.data)
    .data                                    0x200000d0   Section        4  ticks.o(.data)
    .data                                    0x200000d4   Section       32  dac.o(.data)
    .data                                    0x200000f4   Section       52  pos_esti.o(.data)
    .data                                    0x20000128   Section       14  pwm.o(.data)
    .data                                    0x20000138   Section       20  button.o(.data)
    btn_state                                0x20000138   Data           1  button.o(.data)
    clickListeners                           0x2000013c   Data           4  button.o(.data)
    releaseListeners                         0x20000140   Data           4  button.o(.data)
    holdListeners                            0x20000144   Data           8  button.o(.data)
    .data                                    0x2000014c   Section        4  led.o(.data)
    LEDs                                     0x2000014c   Data           4  led.o(.data)
    .data                                    0x20000150   Section        4  timer.o(.data)
    running                                  0x20000150   Data           1  timer.o(.data)
    size                                     0x20000152   Data           2  timer.o(.data)
    .data                                    0x20000154   Section       24  spi_xbc_mb.o(.data)
    xbc_connection                           0x20000154   Data           1  spi_xbc_mb.o(.data)
    xbc_back_buttons                         0x20000156   Data           2  spi_xbc_mb.o(.data)
    xbc_nss                                  0x20000158   Data           4  spi_xbc_mb.o(.data)
    xbc_digital                              0x2000015c   Data           4  spi_xbc_mb.o(.data)
    pointer                                  0x20000160   Data           4  spi_xbc_mb.o(.data)
    error_count                              0x20000164   Data           4  spi_xbc_mb.o(.data)
    last_recv                                0x20000168   Data           4  spi_xbc_mb.o(.data)
    .bss                                     0x2000016c   Section     2144  adc.o(.bss)
    DMA_InitStructure                        0x200008f8   Data          60  adc.o(.bss)
    ADC_InitStructure                        0x20000934   Data          24  adc.o(.bss)
    ADC_CommonInitStructure                  0x2000094c   Data          16  adc.o(.bss)
    .bss                                     0x200009cc   Section      112  can_protocol.o(.bss)
    .bss                                     0x20000a3c   Section     1200  can_protocol.o(.bss)
    CAN1_tx_queue_items                      0x20000a3c   Data        1200  can_protocol.o(.bss)
    .bss                                     0x20000eec   Section     1200  can_protocol.o(.bss)
    CAN2_tx_queue_items                      0x20000eec   Data        1200  can_protocol.o(.bss)
    .bss                                     0x2000139c   Section       64  uart.o(.bss)
    tx_buf_item_1                            0x2000139c   Data          64  uart.o(.bss)
    .bss                                     0x200013dc   Section       12  spi_protocol.o(.bss)
    SpiRxListenerList                        0x200013dc   Data          12  spi_protocol.o(.bss)
    .bss                                     0x200013e8   Section     1020  pos_esti.o(.bss)
    .bss                                     0x200017e4   Section      400  timer.o(.bss)
    actions                                  0x200017e4   Data         400  timer.o(.bss)
    STACK                                    0x20001978   Section     2048  startup_stm32f40_41xxx.o(STACK)

    Global Symbols

    Symbol Name                              Value     Ov Type        Size  Object(Section)

    BuildAttributes$$THM_ISAv4$E$P$D$K$B$S$7EM$VFPi3$EXTD16$VFPS$VFMA$PE$A:L22UL41UL21$X:L11$S22US41US21$IEEE1$IW$USESV6$~STKCKD$USESV7$~SHL$OTIME$ROPI$IEEEX$EBA8$MICROLIB$REQ8$PRES8$EABIv2 0x00000000   Number         0  anon$$obj.o ABSOLUTE
    __ARM_use_no_argv                        0x00000000   Number         0  main.o ABSOLUTE
    __cpp_initialize__aeabi_                  - Undefined Weak Reference
    __cxa_finalize                            - Undefined Weak Reference
    _clock_init                               - Undefined Weak Reference
    _microlib_exit                            - Undefined Weak Reference
    __Vectors_Size                           0x00000188   Number         0  startup_stm32f40_41xxx.o ABSOLUTE
    __Vectors                                0x08000000   Data           4  startup_stm32f40_41xxx.o(RESET)
    __Vectors_End                            0x08000188   Data           0  startup_stm32f40_41xxx.o(RESET)
    __main                                   0x08000189   Thumb Code     0  entry.o(.ARM.Collect$$$$00000000)
    _main_stk                                0x08000189   Thumb Code     0  entry2.o(.ARM.Collect$$$$00000001)
    _main_scatterload                        0x0800018d   Thumb Code     0  entry5.o(.ARM.Collect$$$$00000004)
    __main_after_scatterload                 0x08000191   Thumb Code     0  entry5.o(.ARM.Collect$$$$00000004)
    _main_clock                              0x08000191   Thumb Code     0  entry7b.o(.ARM.Collect$$$$00000008)
    _main_cpp_init                           0x08000191   Thumb Code     0  entry8b.o(.ARM.Collect$$$$0000000A)
    _main_init                               0x08000191   Thumb Code     0  entry9a.o(.ARM.Collect$$$$0000000B)
    __rt_final_cpp                           0x08000199   Thumb Code     0  entry10a.o(.ARM.Collect$$$$0000000D)
    __rt_final_exit                          0x08000199   Thumb Code     0  entry11a.o(.ARM.Collect$$$$0000000F)
    Reset_Handler                            0x0800019d   Thumb Code     8  startup_stm32f40_41xxx.o(.text)
    ADC_IRQHandler                           0x080001b7   Thumb Code     0  startup_stm32f40_41xxx.o(.text)
    CAN1_SCE_IRQHandler                      0x080001b7   Thumb Code     0  startup_stm32f40_41xxx.o(.text)
    CAN2_SCE_IRQHandler                      0x080001b7   Thumb Code     0  startup_stm32f40_41xxx.o(.text)
    CRYP_IRQHandler                          0x080001b7   Thumb Code     0  startup_stm32f40_41xxx.o(.text)
    DCMI_IRQHandler                          0x080001b7   Thumb Code     0  startup_stm32f40_41xxx.o(.text)
    DMA1_Stream0_IRQHandler                  0x080001b7   Thumb Code     0  startup_stm32f40_41xxx.o(.text)
    DMA1_Stream1_IRQHandler                  0x080001b7   Thumb Code     0  startup_stm32f40_41xxx.o(.text)
    DMA1_Stream2_IRQHandler                  0x080001b7   Thumb Code     0  startup_stm32f40_41xxx.o(.text)
    DMA1_Stream3_IRQHandler                  0x080001b7   Thumb Code     0  startup_stm32f40_41xxx.o(.text)
    DMA1_Stream4_IRQHandler                  0x080001b7   Thumb Code     0  startup_stm32f40_41xxx.o(.text)
    DMA1_Stream5_IRQHandler                  0x080001b7   Thumb Code     0  startup_stm32f40_41xxx.o(.text)
    DMA1_Stream6_IRQHandler                  0x080001b7   Thumb Code     0  startup_stm32f40_41xxx.o(.text)
    DMA1_Stream7_IRQHandler                  0x080001b7   Thumb Code     0  startup_stm32f40_41xxx.o(.text)
    DMA2_Stream1_IRQHandler                  0x080001b7   Thumb Code     0  startup_stm32f40_41xxx.o(.text)
    DMA2_Stream2_IRQHandler                  0x080001b7   Thumb Code     0  startup_stm32f40_41xxx.o(.text)
    DMA2_Stream3_IRQHandler                  0x080001b7   Thumb Code     0  startup_stm32f40_41xxx.o(.text)
    DMA2_Stream4_IRQHandler                  0x080001b7   Thumb Code     0  startup_stm32f40_41xxx.o(.text)
    DMA2_Stream5_IRQHandler                  0x080001b7   Thumb Code     0  startup_stm32f40_41xxx.o(.text)
    DMA2_Stream6_IRQHandler                  0x080001b7   Thumb Code     0  startup_stm32f40_41xxx.o(.text)
    DMA2_Stream7_IRQHandler                  0x080001b7   Thumb Code     0  startup_stm32f40_41xxx.o(.text)
    ETH_IRQHandler                           0x080001b7   Thumb Code     0  startup_stm32f40_41xxx.o(.text)
    ETH_WKUP_IRQHandler                      0x080001b7   Thumb Code     0  startup_stm32f40_41xxx.o(.text)
    EXTI0_IRQHandler                         0x080001b7   Thumb Code     0  startup_stm32f40_41xxx.o(.text)
    EXTI1_IRQHandler                         0x080001b7   Thumb Code     0  startup_stm32f40_41xxx.o(.text)
    EXTI2_IRQHandler                         0x080001b7   Thumb Code     0  startup_stm32f40_41xxx.o(.text)
    EXTI3_IRQHandler                         0x080001b7   Thumb Code     0  startup_stm32f40_41xxx.o(.text)
    EXTI4_IRQHandler                         0x080001b7   Thumb Code     0  startup_stm32f40_41xxx.o(.text)
    EXTI9_5_IRQHandler                       0x080001b7   Thumb Code     0  startup_stm32f40_41xxx.o(.text)
    FLASH_IRQHandler                         0x080001b7   Thumb Code     0  startup_stm32f40_41xxx.o(.text)
    FPU_IRQHandler                           0x080001b7   Thumb Code     0  startup_stm32f40_41xxx.o(.text)
    FSMC_IRQHandler                          0x080001b7   Thumb Code     0  startup_stm32f40_41xxx.o(.text)
    HASH_RNG_IRQHandler                      0x080001b7   Thumb Code     0  startup_stm32f40_41xxx.o(.text)
    I2C1_ER_IRQHandler                       0x080001b7   Thumb Code     0  startup_stm32f40_41xxx.o(.text)
    I2C1_EV_IRQHandler                       0x080001b7   Thumb Code     0  startup_stm32f40_41xxx.o(.text)
    I2C2_ER_IRQHandler                       0x080001b7   Thumb Code     0  startup_stm32f40_41xxx.o(.text)
    I2C2_EV_IRQHandler                       0x080001b7   Thumb Code     0  startup_stm32f40_41xxx.o(.text)
    I2C3_ER_IRQHandler                       0x080001b7   Thumb Code     0  startup_stm32f40_41xxx.o(.text)
    I2C3_EV_IRQHandler                       0x080001b7   Thumb Code     0  startup_stm32f40_41xxx.o(.text)
    OTG_FS_IRQHandler                        0x080001b7   Thumb Code     0  startup_stm32f40_41xxx.o(.text)
    OTG_FS_WKUP_IRQHandler                   0x080001b7   Thumb Code     0  startup_stm32f40_41xxx.o(.text)
    OTG_HS_EP1_IN_IRQHandler                 0x080001b7   Thumb Code     0  startup_stm32f40_41xxx.o(.text)
    OTG_HS_EP1_OUT_IRQHandler                0x080001b7   Thumb Code     0  startup_stm32f40_41xxx.o(.text)
    OTG_HS_IRQHandler                        0x080001b7   Thumb Code     0  startup_stm32f40_41xxx.o(.text)
    OTG_HS_WKUP_IRQHandler                   0x080001b7   Thumb Code     0  startup_stm32f40_41xxx.o(.text)
    PVD_IRQHandler                           0x080001b7   Thumb Code     0  startup_stm32f40_41xxx.o(.text)
    RCC_IRQHandler                           0x080001b7   Thumb Code     0  startup_stm32f40_41xxx.o(.text)
    RTC_Alarm_IRQHandler                     0x080001b7   Thumb Code     0  startup_stm32f40_41xxx.o(.text)
    RTC_WKUP_IRQHandler                      0x080001b7   Thumb Code     0  startup_stm32f40_41xxx.o(.text)
    SDIO_IRQHandler                          0x080001b7   Thumb Code     0  startup_stm32f40_41xxx.o(.text)
    TAMP_STAMP_IRQHandler                    0x080001b7   Thumb Code     0  startup_stm32f40_41xxx.o(.text)
    TIM1_BRK_TIM9_IRQHandler                 0x080001b7   Thumb Code     0  startup_stm32f40_41xxx.o(.text)
    TIM1_CC_IRQHandler                       0x080001b7   Thumb Code     0  startup_stm32f40_41xxx.o(.text)
    TIM1_TRG_COM_TIM11_IRQHandler            0x080001b7   Thumb Code     0  startup_stm32f40_41xxx.o(.text)
    TIM1_UP_TIM10_IRQHandler                 0x080001b7   Thumb Code     0  startup_stm32f40_41xxx.o(.text)
    TIM3_IRQHandler                          0x080001b7   Thumb Code     0  startup_stm32f40_41xxx.o(.text)
    TIM4_IRQHandler                          0x080001b7   Thumb Code     0  startup_stm32f40_41xxx.o(.text)
    TIM6_DAC_IRQHandler                      0x080001b7   Thumb Code     0  startup_stm32f40_41xxx.o(.text)
    TIM8_BRK_TIM12_IRQHandler                0x080001b7   Thumb Code     0  startup_stm32f40_41xxx.o(.text)
    TIM8_CC_IRQHandler                       0x080001b7   Thumb Code     0  startup_stm32f40_41xxx.o(.text)
    TIM8_TRG_COM_TIM14_IRQHandler            0x080001b7   Thumb Code     0  startup_stm32f40_41xxx.o(.text)
    TIM8_UP_TIM13_IRQHandler                 0x080001b7   Thumb Code     0  startup_stm32f40_41xxx.o(.text)
    UART4_IRQHandler                         0x080001b7   Thumb Code     0  startup_stm32f40_41xxx.o(.text)
    UART5_IRQHandler                         0x080001b7   Thumb Code     0  startup_stm32f40_41xxx.o(.text)
    USART1_IRQHandler                        0x080001b7   Thumb Code     0  startup_stm32f40_41xxx.o(.text)
    USART2_IRQHandler                        0x080001b7   Thumb Code     0  startup_stm32f40_41xxx.o(.text)
    USART6_IRQHandler                        0x080001b7   Thumb Code     0  startup_stm32f40_41xxx.o(.text)
    WWDG_IRQHandler                          0x080001b7   Thumb Code     0  startup_stm32f40_41xxx.o(.text)
    __aeabi_uldivmod                         0x080001c1   Thumb Code    98  uldiv.o(.text)
    __aeabi_dadd                             0x08000223   Thumb Code   322  dadd.o(.text)
    __aeabi_dsub                             0x08000365   Thumb Code     6  dadd.o(.text)
    __aeabi_drsub                            0x0800036b   Thumb Code     6  dadd.o(.text)
    __aeabi_dmul                             0x08000371   Thumb Code   228  dmul.o(.text)
    __aeabi_ddiv                             0x08000455   Thumb Code   222  ddiv.o(.text)
    __aeabi_uidiv                            0x08000533   Thumb Code     0  uidiv.o(.text)
    __aeabi_uidivmod                         0x08000533   Thumb Code    44  uidiv.o(.text)
    __aeabi_llsl                             0x0800055f   Thumb Code    30  llshl.o(.text)
    _ll_shift_l                              0x0800055f   Thumb Code     0  llshl.o(.text)
    __aeabi_llsr                             0x0800057d   Thumb Code    32  llushr.o(.text)
    _ll_ushift_r                             0x0800057d   Thumb Code     0  llushr.o(.text)
    __aeabi_lasr                             0x0800059d   Thumb Code    36  llsshr.o(.text)
    _ll_sshift_r                             0x0800059d   Thumb Code     0  llsshr.o(.text)
    __I$use$fp                               0x080005c1   Thumb Code     0  iusefp.o(.text)
    _double_round                            0x080005c1   Thumb Code    30  depilogue.o(.text)
    _double_epilogue                         0x080005df   Thumb Code   156  depilogue.o(.text)
    __aeabi_d2ulz                            0x0800067b   Thumb Code    48  dfixul.o(.text)
    __aeabi_cdrcmple                         0x080006ad   Thumb Code    48  cdrcmple.o(.text)
    __scatterload                            0x080006dd   Thumb Code    28  init.o(.text)
    __scatterload_rt2                        0x080006dd   Thumb Code     0  init.o(.text)
    __decompress                             0x08000701   Thumb Code     0  __dczerorl2.o(.text)
    __decompress1                            0x08000701   Thumb Code    86  __dczerorl2.o(.text)
    ADC_Cmd                                  0x08000757   Thumb Code    24  stm32f4xx_adc.o(i.ADC_Cmd)
    ADC_CommonInit                           0x08000771   Thumb Code    36  stm32f4xx_adc.o(i.ADC_CommonInit)
    ADC_DMACmd                               0x0800079d   Thumb Code    24  stm32f4xx_adc.o(i.ADC_DMACmd)
    ADC_DeInit                               0x080007b5   Thumb Code    24  stm32f4xx_adc.o(i.ADC_DeInit)
    ADC_Init                                 0x080007cd   Thumb Code    82  stm32f4xx_adc.o(i.ADC_Init)
    ADC_MultiModeDMARequestAfterLastTransferCmd 0x08000825   Thumb Code    34  stm32f4xx_adc.o(i.ADC_MultiModeDMARequestAfterLastTransferCmd)
    ADC_RegularChannelConfig                 0x0800084d   Thumb Code   144  stm32f4xx_adc.o(i.ADC_RegularChannelConfig)
    ADC_SoftwareStartConv                    0x080008dd   Thumb Code    10  stm32f4xx_adc.o(i.ADC_SoftwareStartConv)
    BEMF_init                                0x080008e9   Thumb Code    48  dac.o(i.BEMF_init)
    BEMF_read                                0x0800091d   Thumb Code    26  dac.o(i.BEMF_read)
    BusFault_Handler                         0x0800093d   Thumb Code     2  stm32f4xx_it.o(i.BusFault_Handler)
    CAN1_RX0_IRQHandler                      0x08000941   Thumb Code    74  can_protocol.o(i.CAN1_RX0_IRQHandler)
    CAN1_RX1_IRQHandler                      0x08000999   Thumb Code    74  can_protocol.o(i.CAN1_RX1_IRQHandler)
    CAN1_TX_IRQHandler                       0x080009f1   Thumb Code    36  can_protocol.o(i.CAN1_TX_IRQHandler)
    CAN2_RX0_IRQHandler                      0x08000a1d   Thumb Code    80  can_protocol.o(i.CAN2_RX0_IRQHandler)
    CAN2_RX1_IRQHandler                      0x08000a79   Thumb Code    80  can_protocol.o(i.CAN2_RX1_IRQHandler)
    CAN2_TX_IRQHandler                       0x08000ad5   Thumb Code    36  can_protocol.o(i.CAN2_TX_IRQHandler)
    CAN_ClearITPendingBit                    0x08000b01   Thumb Code   164  stm32f4xx_can.o(i.CAN_ClearITPendingBit)
    CAN_GetITStatus                          0x08000ba9   Thumb Code   264  stm32f4xx_can.o(i.CAN_GetITStatus)
    CAN_Receive                              0x08000cb5   Thumb Code   190  stm32f4xx_can.o(i.CAN_Receive)
    DAC_Cmd                                  0x08000d81   Thumb Code    30  stm32f4xx_dac.o(i.DAC_Cmd)
    DAC_DMACmd                               0x08000da5   Thumb Code    30  stm32f4xx_dac.o(i.DAC_DMACmd)
    DAC_Init                                 0x08000dc9   Thumb Code    50  stm32f4xx_dac.o(i.DAC_Init)
    DAC_SetChannel1Data                      0x08000e01   Thumb Code    22  stm32f4xx_dac.o(i.DAC_SetChannel1Data)
    DAC_TIM4_Config                          0x08000e19   Thumb Code    66  dac.o(i.DAC_TIM4_Config)
    DAC_enable                               0x08000e61   Thumb Code    14  dac.o(i.DAC_enable)
    DAC_enable_init                          0x08000e75   Thumb Code    48  dac.o(i.DAC_enable_init)
    DMA2_Stream0_IRQHandler                  0x08000ead   Thumb Code    18  adc.o(i.DMA2_Stream0_IRQHandler)
    DMA_ClearITPendingBit                    0x08000ecd   Thumb Code    32  stm32f4xx_dma.o(i.DMA_ClearITPendingBit)
    DMA_Cmd                                  0x08000efd   Thumb Code    24  stm32f4xx_dma.o(i.DMA_Cmd)
    DMA_DeInit                               0x08000f15   Thumb Code   302  stm32f4xx_dma.o(i.DMA_DeInit)
    DMA_ITConfig                             0x0800109d   Thumb Code    54  stm32f4xx_dma.o(i.DMA_ITConfig)
    DMA_Init                                 0x080010d5   Thumb Code   120  stm32f4xx_dma.o(i.DMA_Init)
    DebugMon_Handler                         0x08001151   Thumb Code     2  stm32f4xx_it.o(i.DebugMon_Handler)
    EXTI15_10_IRQHandler                     0x08001153   Thumb Code    32  spi_xbc_mb.o(i.EXTI15_10_IRQHandler)
    EXTI_ClearITPendingBit                   0x08001175   Thumb Code     6  stm32f4xx_exti.o(i.EXTI_ClearITPendingBit)
    EXTI_GetITStatus                         0x08001181   Thumb Code    16  stm32f4xx_exti.o(i.EXTI_GetITStatus)
    FET_gnd                                  0x08001195   Thumb Code   172  dac.o(i.FET_gnd)
    GPIO_Init                                0x08001251   Thumb Code   150  stm32f4xx_gpio.o(i.GPIO_Init)
    GPIO_PinAFConfig                         0x080012e7   Thumb Code    34  stm32f4xx_gpio.o(i.GPIO_PinAFConfig)
    GPIO_ReadInputDataBit                    0x08001309   Thumb Code    14  stm32f4xx_gpio.o(i.GPIO_ReadInputDataBit)
    GPIO_ReadOutputDataBit                   0x08001317   Thumb Code    14  stm32f4xx_gpio.o(i.GPIO_ReadOutputDataBit)
    GPIO_StructInit                          0x08001325   Thumb Code    18  stm32f4xx_gpio.o(i.GPIO_StructInit)
    GPIO_WriteBit                            0x08001337   Thumb Code    12  stm32f4xx_gpio.o(i.GPIO_WriteBit)
    Gaussian_filter                          0x08001345   Thumb Code   128  adc.o(i.Gaussian_filter)
    HFI_init                                 0x080013d5   Thumb Code    48  dac.o(i.HFI_init)
    HFI_read                                 0x08001409   Thumb Code    26  dac.o(i.HFI_read)
    HardFault_Handler                        0x08001429   Thumb Code     2  stm32f4xx_it.o(i.HardFault_Handler)
    MemManage_Handler                        0x0800142b   Thumb Code     2  stm32f4xx_it.o(i.MemManage_Handler)
    NMI_Handler                              0x0800142d   Thumb Code     2  stm32f4xx_it.o(i.NMI_Handler)
    NVIC_Init                                0x08001431   Thumb Code   112  misc.o(i.NVIC_Init)
    N_method                                 0x080014a5   Thumb Code   418  pos_esti.o(i.N_method)
    PWM_A                                    0x0800164d   Thumb Code    20  pwm.o(i.PWM_A)
    PWM_AL                                   0x08001661   Thumb Code     8  pwm.o(i.PWM_AL)
    PWM_B                                    0x0800166d   Thumb Code    20  pwm.o(i.PWM_B)
    PWM_BL                                   0x08001681   Thumb Code     8  pwm.o(i.PWM_BL)
    PWM_C                                    0x0800168d   Thumb Code    20  pwm.o(i.PWM_C)
    PWM_CL                                   0x080016a1   Thumb Code     8  pwm.o(i.PWM_CL)
    PWM_NAH                                  0x080016ad   Thumb Code     8  pwm.o(i.PWM_NAH)
    PWM_NBH                                  0x080016b9   Thumb Code     8  pwm.o(i.PWM_NBH)
    PWM_NCH                                  0x080016c5   Thumb Code     8  pwm.o(i.PWM_NCH)
    PWM_init                                 0x080016d1   Thumb Code   488  pwm.o(i.PWM_init)
    PendSV_Handler                           0x080018d1   Thumb Code     2  stm32f4xx_it.o(i.PendSV_Handler)
    RCC_AHB1PeriphClockCmd                   0x080018d5   Thumb Code    24  stm32f4xx_rcc.o(i.RCC_AHB1PeriphClockCmd)
    RCC_APB1PeriphClockCmd                   0x080018f1   Thumb Code    24  stm32f4xx_rcc.o(i.RCC_APB1PeriphClockCmd)
    RCC_APB1PeriphResetCmd                   0x0800190d   Thumb Code    24  stm32f4xx_rcc.o(i.RCC_APB1PeriphResetCmd)
    RCC_APB2PeriphClockCmd                   0x08001929   Thumb Code    24  stm32f4xx_rcc.o(i.RCC_APB2PeriphClockCmd)
    RCC_APB2PeriphResetCmd                   0x08001945   Thumb Code    24  stm32f4xx_rcc.o(i.RCC_APB2PeriphResetCmd)
    RCC_GetClocksFreq                        0x08001961   Thumb Code   160  stm32f4xx_rcc.o(i.RCC_GetClocksFreq)
    SPI1_IRQHandler                          0x08001a11   Thumb Code    40  spi_protocol.o(i.SPI1_IRQHandler)
    SPI2_IRQHandler                          0x08001a41   Thumb Code    40  spi_protocol.o(i.SPI2_IRQHandler)
    SPI3_IRQHandler                          0x08001a71   Thumb Code    40  spi_protocol.o(i.SPI3_IRQHandler)
    SPI_I2S_GetITStatus                      0x08001aa1   Thumb Code    46  stm32f4xx_spi.o(i.SPI_I2S_GetITStatus)
    SPI_I2S_ReceiveData                      0x08001acf   Thumb Code     4  stm32f4xx_spi.o(i.SPI_I2S_ReceiveData)
    SPI_NSSInternalSoftwareConfig            0x08001ad3   Thumb Code    28  stm32f4xx_spi.o(i.SPI_NSSInternalSoftwareConfig)
    SVC_Handler                              0x08001aef   Thumb Code     2  stm32f4xx_it.o(i.SVC_Handler)
    Scale_init                               0x08001af1   Thumb Code    58  dac.o(i.Scale_init)
    SysTick_Handler                          0x08001c11   Thumb Code     2  stm32f4xx_it.o(i.SysTick_Handler)
    SystemCoreClockUpdate                    0x08001c15   Thumb Code   124  system_stm32f4xx.o(i.SystemCoreClockUpdate)
    SystemInit                               0x08001ca5   Thumb Code    72  system_stm32f4xx.o(i.SystemInit)
    TIM2_IRQHandler                          0x08001d05   Thumb Code    36  ticks.o(i.TIM2_IRQHandler)
    TIM5_IRQHandler                          0x08001d2d   Thumb Code     8  pos_esti.o(i.TIM5_IRQHandler)
    TIM7_IRQHandler                          0x08001d39   Thumb Code   232  timer.o(i.TIM7_IRQHandler)
    TIM_BDTRConfig                           0x08001e31   Thumb Code    36  stm32f4xx_tim.o(i.TIM_BDTRConfig)
    TIM_BDTRStructInit                       0x08001e55   Thumb Code    18  stm32f4xx_tim.o(i.TIM_BDTRStructInit)
    TIM_CCPreloadControl                     0x08001e67   Thumb Code    24  stm32f4xx_tim.o(i.TIM_CCPreloadControl)
    TIM_ClearITPendingBit                    0x08001e7f   Thumb Code     6  stm32f4xx_tim.o(i.TIM_ClearITPendingBit)
    TIM_Cmd                                  0x08001e85   Thumb Code    24  stm32f4xx_tim.o(i.TIM_Cmd)
    TIM_CtrlPWMOutputs                       0x08001e9d   Thumb Code    32  stm32f4xx_tim.o(i.TIM_CtrlPWMOutputs)
    TIM_DeInit                               0x08001ebd   Thumb Code   438  stm32f4xx_tim.o(i.TIM_DeInit)
    TIM_GetITStatus                          0x08002073   Thumb Code    22  stm32f4xx_tim.o(i.TIM_GetITStatus)
    TIM_ITConfig                             0x08002089   Thumb Code    22  stm32f4xx_tim.o(i.TIM_ITConfig)
    TIM_OC1Init                              0x0800209f   Thumb Code   112  stm32f4xx_tim.o(i.TIM_OC1Init)
    TIM_OC1PreloadConfig                     0x0800210f   Thumb Code    12  stm32f4xx_tim.o(i.TIM_OC1PreloadConfig)
    TIM_OC2Init                              0x0800211b   Thumb Code   142  stm32f4xx_tim.o(i.TIM_OC2Init)
    TIM_OC2PreloadConfig                     0x080021a9   Thumb Code    20  stm32f4xx_tim.o(i.TIM_OC2PreloadConfig)
    TIM_OC3Init                              0x080021bd   Thumb Code   140  stm32f4xx_tim.o(i.TIM_OC3Init)
    TIM_OC3PreloadConfig                     0x08002249   Thumb Code    12  stm32f4xx_tim.o(i.TIM_OC3PreloadConfig)
    TIM_OC4Init                              0x08002255   Thumb Code   108  stm32f4xx_tim.o(i.TIM_OC4Init)
    TIM_OC4PreloadConfig                     0x080022c1   Thumb Code    20  stm32f4xx_tim.o(i.TIM_OC4PreloadConfig)
    TIM_OCStructInit                         0x080022d5   Thumb Code    20  stm32f4xx_tim.o(i.TIM_OCStructInit)
    TIM_SelectOutputTrigger                  0x080022e9   Thumb Code    16  stm32f4xx_tim.o(i.TIM_SelectOutputTrigger)
    TIM_SetAutoreload                        0x080022f9   Thumb Code     4  stm32f4xx_tim.o(i.TIM_SetAutoreload)
    TIM_SetCompare1                          0x080022fd   Thumb Code     4  stm32f4xx_tim.o(i.TIM_SetCompare1)
    TIM_SetCompare2                          0x08002301   Thumb Code     4  stm32f4xx_tim.o(i.TIM_SetCompare2)
    TIM_SetCompare3                          0x08002305   Thumb Code     4  stm32f4xx_tim.o(i.TIM_SetCompare3)
    TIM_SetCompare4                          0x08002309   Thumb Code     4  stm32f4xx_tim.o(i.TIM_SetCompare4)
    TIM_SetCounter                           0x0800230d   Thumb Code     4  stm32f4xx_tim.o(i.TIM_SetCounter)
    TIM_TimeBaseInit                         0x08002311   Thumb Code   120  stm32f4xx_tim.o(i.TIM_TimeBaseInit)
    USART3_IRQHandler                        0x08002391   Thumb Code   138  uart.o(i.USART3_IRQHandler)
    USART_ClearITPendingBit                  0x08002431   Thumb Code    18  stm32f4xx_usart.o(i.USART_ClearITPendingBit)
    USART_Cmd                                0x08002443   Thumb Code    24  stm32f4xx_usart.o(i.USART_Cmd)
    USART_GetFlagStatus                      0x0800245b   Thumb Code    14  stm32f4xx_usart.o(i.USART_GetFlagStatus)
    USART_GetITStatus                        0x08002469   Thumb Code    72  stm32f4xx_usart.o(i.USART_GetITStatus)
    USART_ITConfig                           0x080024b1   Thumb Code    58  stm32f4xx_usart.o(i.USART_ITConfig)
    USART_Init                               0x080024ed   Thumb Code   202  stm32f4xx_usart.o(i.USART_Init)
    USART_ReceiveData                        0x080025bd   Thumb Code     8  stm32f4xx_usart.o(i.USART_ReceiveData)
    UsageFault_Handler                       0x080025c5   Thumb Code     2  stm32f4xx_it.o(i.UsageFault_Handler)
    __0vsprintf                              0x080025c9   Thumb Code    30  printfa.o(i.__0vsprintf)
    __1vsprintf                              0x080025c9   Thumb Code     0  printfa.o(i.__0vsprintf)
    __2vsprintf                              0x080025c9   Thumb Code     0  printfa.o(i.__0vsprintf)
    __c89vsprintf                            0x080025c9   Thumb Code     0  printfa.o(i.__0vsprintf)
    vsprintf                                 0x080025c9   Thumb Code     0  printfa.o(i.__0vsprintf)
    __ARM_fpclassifyf                        0x080025ed   Thumb Code    38  fpclassifyf.o(i.__ARM_fpclassifyf)
    __hardfp_atan2f                          0x08002615   Thumb Code   502  atan2f.o(i.__hardfp_atan2f)
    __mathlib_flt_infnan2                    0x08002865   Thumb Code     6  funder.o(i.__mathlib_flt_infnan2)
    __mathlib_flt_underflow                  0x0800286d   Thumb Code    10  funder.o(i.__mathlib_flt_underflow)
    __scatterload_copy                       0x0800287d   Thumb Code    14  handlers.o(i.__scatterload_copy)
    __scatterload_null                       0x0800288b   Thumb Code     2  handlers.o(i.__scatterload_null)
    __scatterload_zeroinit                   0x0800288d   Thumb Code    14  handlers.o(i.__scatterload_zeroinit)
    _delay_ms                                0x0800289b   Thumb Code    26  ticks.o(i._delay_ms)
    _delay_us                                0x080028b5   Thumb Code    26  ticks.o(i._delay_us)
    absEnc_init                              0x0800318d   Thumb Code    54  absenc.o(i.absEnc_init)
    adc_dma_init                             0x080031c9   Thumb Code   338  adc.o(i.adc_dma_init)
    adc_done                                 0x08003349   Thumb Code    16  adc.o(i.adc_done)
    adc_gpio_init                            0x0800335d   Thumb Code    56  adc.o(i.adc_gpio_init)
    adc_init                                 0x08003399   Thumb Code     2  adc.o(i.adc_init)
    app_atan2                                0x0800339d   Thumb Code    56  trigon_math.o(i.app_atan2)
    btn_init                                 0x080033dd   Thumb Code    38  button.o(i.btn_init)
    btn_onclick                              0x08003409   Thumb Code    26  button.o(i.btn_onclick)
    btn_pressed                              0x08003429   Thumb Code    46  button.o(i.btn_pressed)
    btn_update                               0x0800345d   Thumb Code    62  button.o(i.btn_update)
    dac_init                                 0x08003725   Thumb Code   322  dac.o(i.dac_init)
    det                                      0x08003889   Thumb Code     8  vec.o(i.det)
    diode_gnd                                0x08003891   Thumb Code    26  dac.o(i.diode_gnd)
    diode_init                               0x080038b1   Thumb Code    48  dac.o(i.diode_init)
    enc_cal                                  0x080038e5   Thumb Code    96  pos_esti.o(i.enc_cal)
    getPinSource                             0x08003949   Thumb Code   152  gpio.o(i.getPinSource)
    get_abs                                  0x080039e1   Thumb Code    16  absenc.o(i.get_abs)
    get_abs_angle                            0x080039f5   Thumb Code    62  absenc.o(i.get_abs_angle)
    get_can_queue_size                       0x08003a3d   Thumb Code    34  can_protocol.o(i.get_can_queue_size)
    get_interval                             0x08003a69   Thumb Code    14  dac.o(i.get_interval)
    get_pk2pk                                0x08003a7d   Thumb Code    18  adc.o(i.get_pk2pk)
    get_uart_queue_size                      0x08003a95   Thumb Code    34  uart.o(i.get_uart_queue_size)
    get_voltage                              0x08003ac1   Thumb Code    14  dac.o(i.get_voltage)
    gpio_af_init                             0x08003ad5   Thumb Code    74  gpio.o(i.gpio_af_init)
    gpio_input_init                          0x08003b1f   Thumb Code    40  gpio.o(i.gpio_input_init)
    gpio_output_init                         0x08003b47   Thumb Code    52  gpio.o(i.gpio_output_init)
    gpio_rcc_init                            0x08003b7d   Thumb Code   110  gpio.o(i.gpio_rcc_init)
    gpio_read_input                          0x08003bf1   Thumb Code     8  gpio.o(i.gpio_read_input)
    gpio_toggle                              0x08003bf9   Thumb Code    32  gpio.o(i.gpio_toggle)
    gray2bin                                 0x08003c19   Thumb Code    96  absenc.o(i.gray2bin)
    induc_sense                              0x08003c79   Thumb Code   152  pos_esti.o(i.induc_sense)
    inv_sqrt                                 0x08003d15   Thumb Code    72  approx_math.o(i.inv_sqrt)
    inverse                                  0x08003d65   Thumb Code   300  vec.o(i.inverse)
    led_blink                                0x08003e91   Thumb Code    10  led.o(i.led_blink)
    led_init                                 0x08003ea1   Thumb Code    36  led.o(i.led_init)
    main                                     0x08003ec9   Thumb Code   206  main.o(i.main)
    mat_det                                  0x08003fa9   Thumb Code    64  vec.o(i.mat_det)
    mat_vec_prod                             0x08003fe9   Thumb Code    92  vec.o(i.mat_vec_prod)
    pk2pk2                                   0x08004045   Thumb Code   410  adc.o(i.pk2pk2)
    pos_update_induc                         0x0800420d   Thumb Code   318  pos_esti.o(i.pos_update_induc)
    reset_dma_adc                            0x08004361   Thumb Code    34  adc.o(i.reset_dma_adc)
    sca_mat_div                              0x08004391   Thumb Code    74  vec.o(i.sca_mat_div)
    sca_mat_prod                             0x080043db   Thumb Code    56  vec.o(i.sca_mat_prod)
    sca_vec_div                              0x08004413   Thumb Code    26  vec.o(i.sca_vec_div)
    sense_init                               0x0800442d   Thumb Code    68  pos_esti.o(i.sense_init)
    set_PWM                                  0x08004479   Thumb Code    80  pwm.o(i.set_PWM)
    set_floating                             0x080044cd   Thumb Code    48  pwm.o(i.set_floating)
    test_algo                                0x08004531   Thumb Code    24  main.o(i.test_algo)
    ticks_init                               0x08004549   Thumb Code   100  ticks.o(i.ticks_init)
    toggle_FUCK                              0x080045b1   Thumb Code     8  adc.o(i.toggle_FUCK)
    transpose                                0x080045bd   Thumb Code    72  vec.o(i.transpose)
    uart_init                                0x08004605   Thumb Code   186  uart.o(i.uart_init)
    uart_tx                                  0x080046c5   Thumb Code   156  uart.o(i.uart_tx)
    v_funct                                  0x08004769   Thumb Code   102  pos_esti.o(i.v_funct)
    vec_sub                                  0x080047d5   Thumb Code    44  vec.o(i.vec_sub)
    PB10                                     0x08004814   Data           8  gpio.o(.constdata)
    PB11                                     0x0800481c   Data           8  gpio.o(.constdata)
    PB13                                     0x08004824   Data           8  gpio.o(.constdata)
    PB15                                     0x0800482c   Data           8  gpio.o(.constdata)
    PC13                                     0x08004834   Data           8  gpio.o(.constdata)
    sin1                                     0x0800483c   Data        1280  dac.o(.constdata)
    sin2                                     0x08004d3c   Data         640  dac.o(.constdata)
    sin3                                     0x08004fbc   Data         320  dac.o(.constdata)
    sine                                     0x080050fc   Data         120  dac.o(.constdata)
    Region$$Table$$Base                      0x0800517c   Number         0  anon$$obj.o(Region$$Table)
    Region$$Table$$Limit                     0x0800519c   Number         0  anon$$obj.o(Region$$Table)
    IsClockFucked                            0x20000010   Data           1  system_stm32f4xx.o(.data)
    SystemCoreClock                          0x20000014   Data           4  system_stm32f4xx.o(.data)
    AHBPrescTable                            0x20000018   Data          16  system_stm32f4xx.o(.data)
    PWM_state                                0x20000028   Data           1  main.o(.data)
    cc                                       0x20000029   Data           1  main.o(.data)
    last_ticks                               0x2000002c   Data           4  main.o(.data)
    curr_ticks                               0x20000030   Data           4  main.o(.data)
    flag                                     0x20000034   Data           1  adc.o(.data)
    curr_input                               0x20000035   Data           1  adc.o(.data)
    FUCKYOU                                  0x20000036   Data           1  adc.o(.data)
    _init_count                              0x20000037   Data           1  adc.o(.data)
    sum_gau                                  0x20000038   Data           4  adc.o(.data)
    sum_gaub                                 0x2000003c   Data           4  adc.o(.data)
    NVIC_InitStru                            0x20000044   Data           4  adc.o(.data)
    peak_to_peak                             0x20000048   Data           6  adc.o(.data)
    ADC_MEAN                                 0x2000004e   Data           6  adc.o(.data)
    Gau                                      0x20000054   Data          40  adc.o(.data)
    Gaub                                     0x2000007c   Data          32  adc.o(.data)
    CAN_tx_queue                             0x200000b0   Data          16  can_protocol.o(.data)
    msTicks                                  0x200000d0   Data           4  ticks.o(.data)
    volt_index                               0x200000d4   Data           1  dac.o(.data)
    frequency                                0x200000d6   Data           2  dac.o(.data)
    GPIO_InitStructure                       0x200000d8   Data           8  dac.o(.data)
    volt                                     0x200000e0   Data          20  dac.o(.data)
    true_count                               0x200000f4   Data           1  pos_esti.o(.data)
    sense_method                             0x200000f5   Data           1  pos_esti.o(.data)
    fake_abs_enc                             0x200000f6   Data           2  pos_esti.o(.data)
    init_pos                                 0x200000f8   Data           2  pos_esti.o(.data)
    position                                 0x200000fc   Data           4  pos_esti.o(.data)
    last_deg                                 0x20000100   Data           4  pos_esti.o(.data)
    last_position                            0x20000104   Data           4  pos_esti.o(.data)
    last_pos                                 0x20000108   Data           4  pos_esti.o(.data)
    enc                                      0x2000010c   Data           4  pos_esti.o(.data)
    last_enc                                 0x20000110   Data           4  pos_esti.o(.data)
    enc_vel                                  0x20000114   Data           4  pos_esti.o(.data)
    k                                        0x20000118   Data           4  pos_esti.o(.data)
    ksin                                     0x2000011c   Data           4  pos_esti.o(.data)
    kcos                                     0x20000120   Data           4  pos_esti.o(.data)
    offset                                   0x20000124   Data           4  pos_esti.o(.data)
    shift_pwm                                0x20000128   Data           2  pwm.o(.data)
    pwm_init_count                           0x2000012c   Data           4  pwm.o(.data)
    last_PWM                                 0x20000130   Data           6  pwm.o(.data)
    ADC_buffer                               0x2000016c   Data        1800  adc.o(.bss)
    fil_array                                0x20000874   Data          60  adc.o(.bss)
    gau_count                                0x200008b0   Data          12  adc.o(.bss)
    bemf_array                               0x200008bc   Data          48  adc.o(.bss)
    gaub_count                               0x200008ec   Data          12  adc.o(.bss)
    TIM_TimeBaseStructure                    0x2000095c   Data          12  adc.o(.bss)
    ADC_InitStru                             0x20000968   Data          24  adc.o(.bss)
    DMA_InitStru                             0x20000980   Data          60  adc.o(.bss)
    ADC_CommonInitStru                       0x200009bc   Data          16  adc.o(.bss)
    CAN_Rx_Handlers                          0x200009cc   Data         112  can_protocol.o(.bss)
    x                                        0x200013e8   Data          12  pos_esti.o(.bss)
    bemf_read                                0x200013f4   Data          12  pos_esti.o(.bss)
    WTF                                      0x20001400   Data         876  pos_esti.o(.bss)
    x_vec                                    0x2000176c   Data          24  pos_esti.o(.bss)
    read                                     0x20001784   Data          12  pos_esti.o(.bss)
    output                                   0x20001790   Data          12  pos_esti.o(.bss)
    J                                        0x2000179c   Data          72  pos_esti.o(.bss)
    __initial_sp                             0x20002178   Data           0  startup_stm32f40_41xxx.o(STACK)



==============================================================================

Memory Map of the image

  Image Entry point : 0x08000189

  Load Region LR_IROM1 (Base: 0x08000000, Size: 0x00005308, Max: 0x00100000, ABSOLUTE, COMPRESSED[0x0000521c])

    Execution Region ER_IROM1 (Base: 0x08000000, Size: 0x0000519c, Max: 0x00100000, ABSOLUTE)

    Base Addr    Size         Type   Attr      Idx    E Section Name        Object

    0x08000000   0x00000188   Data   RO         5416    RESET               startup_stm32f40_41xxx.o
    0x08000188   0x00000000   Code   RO         8488  * .ARM.Collect$$$$00000000  mc_w.l(entry.o)
    0x08000188   0x00000004   Code   RO         8587    .ARM.Collect$$$$00000001  mc_w.l(entry2.o)
    0x0800018c   0x00000004   Code   RO         8590    .ARM.Collect$$$$00000004  mc_w.l(entry5.o)
    0x08000190   0x00000000   Code   RO         8592    .ARM.Collect$$$$00000008  mc_w.l(entry7b.o)
    0x08000190   0x00000000   Code   RO         8594    .ARM.Collect$$$$0000000A  mc_w.l(entry8b.o)
    0x08000190   0x00000008   Code   RO         8595    .ARM.Collect$$$$0000000B  mc_w.l(entry9a.o)
    0x08000198   0x00000000   Code   RO         8597    .ARM.Collect$$$$0000000D  mc_w.l(entry10a.o)
    0x08000198   0x00000000   Code   RO         8599    .ARM.Collect$$$$0000000F  mc_w.l(entry11a.o)
    0x08000198   0x00000004   Code   RO         8588    .ARM.Collect$$$$00002712  mc_w.l(entry2.o)
    0x0800019c   0x00000024   Code   RO         5417    .text               startup_stm32f40_41xxx.o
    0x080001c0   0x00000062   Code   RO         8491    .text               mc_w.l(uldiv.o)
    0x08000222   0x0000014e   Code   RO         8521    .text               mf_w.l(dadd.o)
    0x08000370   0x000000e4   Code   RO         8523    .text               mf_w.l(dmul.o)
    0x08000454   0x000000de   Code   RO         8525    .text               mf_w.l(ddiv.o)
    0x08000532   0x0000002c   Code   RO         8604    .text               mc_w.l(uidiv.o)
    0x0800055e   0x0000001e   Code   RO         8606    .text               mc_w.l(llshl.o)
    0x0800057c   0x00000020   Code   RO         8608    .text               mc_w.l(llushr.o)
    0x0800059c   0x00000024   Code   RO         8610    .text               mc_w.l(llsshr.o)
    0x080005c0   0x00000000   Code   RO         8619    .text               mc_w.l(iusefp.o)
    0x080005c0   0x000000ba   Code   RO         8620    .text               mf_w.l(depilogue.o)
    0x0800067a   0x00000030   Code   RO         8624    .text               mf_w.l(dfixul.o)
    0x080006aa   0x00000002   PAD
    0x080006ac   0x00000030   Code   RO         8626    .text               mf_w.l(cdrcmple.o)
    0x080006dc   0x00000024   Code   RO         8638    .text               mc_w.l(init.o)
    0x08000700   0x00000056   Code   RO         8652    .text               mc_w.l(__dczerorl2.o)
    0x08000756   0x00000018   Code   RO           10    i.ADC_Cmd           stm32f4xx_adc.o
    0x0800076e   0x00000002   PAD
    0x08000770   0x0000002c   Code   RO           11    i.ADC_CommonInit    stm32f4xx_adc.o
    0x0800079c   0x00000018   Code   RO           14    i.ADC_DMACmd        stm32f4xx_adc.o
    0x080007b4   0x00000018   Code   RO           16    i.ADC_DeInit        stm32f4xx_adc.o
    0x080007cc   0x00000058   Code   RO           30    i.ADC_Init          stm32f4xx_adc.o
    0x08000824   0x00000028   Code   RO           34    i.ADC_MultiModeDMARequestAfterLastTransferCmd  stm32f4xx_adc.o
    0x0800084c   0x00000090   Code   RO           35    i.ADC_RegularChannelConfig  stm32f4xx_adc.o
    0x080008dc   0x0000000a   Code   RO           37    i.ADC_SoftwareStartConv  stm32f4xx_adc.o
    0x080008e6   0x00000002   PAD
    0x080008e8   0x00000034   Code   RO         6559    i.BEMF_init         dac.o
    0x0800091c   0x00000020   Code   RO         6560    i.BEMF_read         dac.o
    0x0800093c   0x00000002   Code   RO         5122    i.BusFault_Handler  stm32f4xx_it.o
    0x0800093e   0x00000002   PAD
    0x08000940   0x00000058   Code   RO         5840    i.CAN1_RX0_IRQHandler  can_protocol.o
    0x08000998   0x00000058   Code   RO         5841    i.CAN1_RX1_IRQHandler  can_protocol.o
    0x080009f0   0x0000002c   Code   RO         5842    i.CAN1_TX_IRQHandler  can_protocol.o
    0x08000a1c   0x0000005c   Code   RO         5843    i.CAN2_RX0_IRQHandler  can_protocol.o
    0x08000a78   0x0000005c   Code   RO         5844    i.CAN2_RX1_IRQHandler  can_protocol.o
    0x08000ad4   0x0000002c   Code   RO         5845    i.CAN2_TX_IRQHandler  can_protocol.o
    0x08000b00   0x000000a8   Code   RO          359    i.CAN_ClearITPendingBit  stm32f4xx_can.o
    0x08000ba8   0x0000010c   Code   RO          365    i.CAN_GetITStatus   stm32f4xx_can.o
    0x08000cb4   0x000000be   Code   RO          373    i.CAN_Receive       stm32f4xx_can.o
    0x08000d72   0x0000000c   Code   RO          381    i.CheckITStatus     stm32f4xx_can.o
    0x08000d7e   0x00000002   PAD
    0x08000d80   0x00000024   Code   RO          853    i.DAC_Cmd           stm32f4xx_dac.o
    0x08000da4   0x00000024   Code   RO          854    i.DAC_DMACmd        stm32f4xx_dac.o
    0x08000dc8   0x00000038   Code   RO          861    i.DAC_Init          stm32f4xx_dac.o
    0x08000e00   0x00000016   Code   RO          862    i.DAC_SetChannel1Data  stm32f4xx_dac.o
    0x08000e16   0x00000002   PAD
    0x08000e18   0x00000048   Code   RO         6561    i.DAC_TIM4_Config   dac.o
    0x08000e60   0x00000014   Code   RO         6562    i.DAC_enable        dac.o
    0x08000e74   0x00000038   Code   RO         6563    i.DAC_enable_init   dac.o
    0x08000eac   0x00000020   Code   RO         5590    i.DMA2_Stream0_IRQHandler  adc.o
    0x08000ecc   0x00000030   Code   RO         1137    i.DMA_ClearITPendingBit  stm32f4xx_dma.o
    0x08000efc   0x00000018   Code   RO         1138    i.DMA_Cmd           stm32f4xx_dma.o
    0x08000f14   0x00000188   Code   RO         1139    i.DMA_DeInit        stm32f4xx_dma.o
    0x0800109c   0x00000036   Code   RO         1149    i.DMA_ITConfig      stm32f4xx_dma.o
    0x080010d2   0x00000002   PAD
    0x080010d4   0x0000007c   Code   RO         1150    i.DMA_Init          stm32f4xx_dma.o
    0x08001150   0x00000002   Code   RO         5123    i.DebugMon_Handler  stm32f4xx_it.o
    0x08001152   0x00000020   Code   RO         8010    i.EXTI15_10_IRQHandler  spi_xbc_mb.o
    0x08001172   0x00000002   PAD
    0x08001174   0x0000000c   Code   RO         1428    i.EXTI_ClearITPendingBit  stm32f4xx_exti.o
    0x08001180   0x00000014   Code   RO         1432    i.EXTI_GetITStatus  stm32f4xx_exti.o
    0x08001194   0x000000bc   Code   RO         6565    i.FET_gnd           dac.o
    0x08001250   0x00000096   Code   RO         1950    i.GPIO_Init         stm32f4xx_gpio.o
    0x080012e6   0x00000022   Code   RO         1951    i.GPIO_PinAFConfig  stm32f4xx_gpio.o
    0x08001308   0x0000000e   Code   RO         1954    i.GPIO_ReadInputDataBit  stm32f4xx_gpio.o
    0x08001316   0x0000000e   Code   RO         1956    i.GPIO_ReadOutputDataBit  stm32f4xx_gpio.o
    0x08001324   0x00000012   Code   RO         1959    i.GPIO_StructInit   stm32f4xx_gpio.o
    0x08001336   0x0000000c   Code   RO         1962    i.GPIO_WriteBit     stm32f4xx_gpio.o
    0x08001342   0x00000002   PAD
    0x08001344   0x00000090   Code   RO         5592    i.Gaussian_filter   adc.o
    0x080013d4   0x00000034   Code   RO         6566    i.HFI_init          dac.o
    0x08001408   0x00000020   Code   RO         6567    i.HFI_read          dac.o
    0x08001428   0x00000002   Code   RO         5124    i.HardFault_Handler  stm32f4xx_it.o
    0x0800142a   0x00000002   Code   RO         5125    i.MemManage_Handler  stm32f4xx_it.o
    0x0800142c   0x00000002   Code   RO         5126    i.NMI_Handler       stm32f4xx_it.o
    0x0800142e   0x00000002   PAD
    0x08001430   0x00000074   Code   RO         5325    i.NVIC_Init         misc.o
    0x080014a4   0x000001a8   Code   RO         6732    i.N_method          pos_esti.o
    0x0800164c   0x00000014   Code   RO         7131    i.PWM_A             pwm.o
    0x08001660   0x0000000c   Code   RO         7132    i.PWM_AL            pwm.o
    0x0800166c   0x00000014   Code   RO         7133    i.PWM_B             pwm.o
    0x08001680   0x0000000c   Code   RO         7134    i.PWM_BL            pwm.o
    0x0800168c   0x00000014   Code   RO         7135    i.PWM_C             pwm.o
    0x080016a0   0x0000000c   Code   RO         7136    i.PWM_CL            pwm.o
    0x080016ac   0x0000000c   Code   RO         7137    i.PWM_NAH           pwm.o
    0x080016b8   0x0000000c   Code   RO         7138    i.PWM_NBH           pwm.o
    0x080016c4   0x0000000c   Code   RO         7139    i.PWM_NCH           pwm.o
    0x080016d0   0x00000200   Code   RO         7140    i.PWM_init          pwm.o
    0x080018d0   0x00000002   Code   RO         5127    i.PendSV_Handler    stm32f4xx_it.o
    0x080018d2   0x00000002   PAD
    0x080018d4   0x0000001c   Code   RO         2891    i.RCC_AHB1PeriphClockCmd  stm32f4xx_rcc.o
    0x080018f0   0x0000001c   Code   RO         2900    i.RCC_APB1PeriphClockCmd  stm32f4xx_rcc.o
    0x0800190c   0x0000001c   Code   RO         2902    i.RCC_APB1PeriphResetCmd  stm32f4xx_rcc.o
    0x08001928   0x0000001c   Code   RO         2903    i.RCC_APB2PeriphClockCmd  stm32f4xx_rcc.o
    0x08001944   0x0000001c   Code   RO         2905    i.RCC_APB2PeriphResetCmd  stm32f4xx_rcc.o
    0x08001960   0x000000b0   Code   RO         2912    i.RCC_GetClocksFreq  stm32f4xx_rcc.o
    0x08001a10   0x00000030   Code   RO         6487    i.SPI1_IRQHandler   spi_protocol.o
    0x08001a40   0x00000030   Code   RO         6488    i.SPI2_IRQHandler   spi_protocol.o
    0x08001a70   0x00000030   Code   RO         6489    i.SPI3_IRQHandler   spi_protocol.o
    0x08001aa0   0x0000002e   Code   RO         4070    i.SPI_I2S_GetITStatus  stm32f4xx_spi.o
    0x08001ace   0x00000004   Code   RO         4072    i.SPI_I2S_ReceiveData  stm32f4xx_spi.o
    0x08001ad2   0x0000001c   Code   RO         4075    i.SPI_NSSInternalSoftwareConfig  stm32f4xx_spi.o
    0x08001aee   0x00000002   Code   RO         5128    i.SVC_Handler       stm32f4xx_it.o
    0x08001af0   0x00000044   Code   RO         6568    i.Scale_init        dac.o
    0x08001b34   0x000000dc   Code   RO         5376    i.SetSysClock       system_stm32f4xx.o
    0x08001c10   0x00000002   Code   RO         5129    i.SysTick_Handler   stm32f4xx_it.o
    0x08001c12   0x00000002   PAD
    0x08001c14   0x00000090   Code   RO         5377    i.SystemCoreClockUpdate  system_stm32f4xx.o
    0x08001ca4   0x00000060   Code   RO         5378    i.SystemInit        system_stm32f4xx.o
    0x08001d04   0x00000028   Code   RO         6169    i.TIM2_IRQHandler   ticks.o
    0x08001d2c   0x0000000c   Code   RO         6733    i.TIM5_IRQHandler   pos_esti.o
    0x08001d38   0x000000f8   Code   RO         7929    i.TIM7_IRQHandler   timer.o
    0x08001e30   0x00000024   Code   RO         4294    i.TIM_BDTRConfig    stm32f4xx_tim.o
    0x08001e54   0x00000012   Code   RO         4295    i.TIM_BDTRStructInit  stm32f4xx_tim.o
    0x08001e66   0x00000018   Code   RO         4296    i.TIM_CCPreloadControl  stm32f4xx_tim.o
    0x08001e7e   0x00000006   Code   RO         4300    i.TIM_ClearITPendingBit  stm32f4xx_tim.o
    0x08001e84   0x00000018   Code   RO         4305    i.TIM_Cmd           stm32f4xx_tim.o
    0x08001e9c   0x00000020   Code   RO         4307    i.TIM_CtrlPWMOutputs  stm32f4xx_tim.o
    0x08001ebc   0x000001b6   Code   RO         4310    i.TIM_DeInit        stm32f4xx_tim.o
    0x08002072   0x00000016   Code   RO         4326    i.TIM_GetITStatus   stm32f4xx_tim.o
    0x08002088   0x00000016   Code   RO         4330    i.TIM_ITConfig      stm32f4xx_tim.o
    0x0800209e   0x00000070   Code   RO         4334    i.TIM_OC1Init       stm32f4xx_tim.o
    0x0800210e   0x0000000c   Code   RO         4337    i.TIM_OC1PreloadConfig  stm32f4xx_tim.o
    0x0800211a   0x0000008e   Code   RO         4339    i.TIM_OC2Init       stm32f4xx_tim.o
    0x080021a8   0x00000014   Code   RO         4342    i.TIM_OC2PreloadConfig  stm32f4xx_tim.o
    0x080021bc   0x0000008c   Code   RO         4344    i.TIM_OC3Init       stm32f4xx_tim.o
    0x08002248   0x0000000c   Code   RO         4347    i.TIM_OC3PreloadConfig  stm32f4xx_tim.o
    0x08002254   0x0000006c   Code   RO         4349    i.TIM_OC4Init       stm32f4xx_tim.o
    0x080022c0   0x00000014   Code   RO         4351    i.TIM_OC4PreloadConfig  stm32f4xx_tim.o
    0x080022d4   0x00000014   Code   RO         4352    i.TIM_OCStructInit  stm32f4xx_tim.o
    0x080022e8   0x00000010   Code   RO         4363    i.TIM_SelectOutputTrigger  stm32f4xx_tim.o
    0x080022f8   0x00000004   Code   RO         4365    i.TIM_SetAutoreload  stm32f4xx_tim.o
    0x080022fc   0x00000004   Code   RO         4367    i.TIM_SetCompare1   stm32f4xx_tim.o
    0x08002300   0x00000004   Code   RO         4368    i.TIM_SetCompare2   stm32f4xx_tim.o
    0x08002304   0x00000004   Code   RO         4369    i.TIM_SetCompare3   stm32f4xx_tim.o
    0x08002308   0x00000004   Code   RO         4370    i.TIM_SetCompare4   stm32f4xx_tim.o
    0x0800230c   0x00000004   Code   RO         4371    i.TIM_SetCounter    stm32f4xx_tim.o
    0x08002310   0x00000080   Code   RO         4377    i.TIM_TimeBaseInit  stm32f4xx_tim.o
    0x08002390   0x000000a0   Code   RO         6017    i.USART3_IRQHandler  uart.o
    0x08002430   0x00000012   Code   RO         4859    i.USART_ClearITPendingBit  stm32f4xx_usart.o
    0x08002442   0x00000018   Code   RO         4862    i.USART_Cmd         stm32f4xx_usart.o
    0x0800245a   0x0000000e   Code   RO         4865    i.USART_GetFlagStatus  stm32f4xx_usart.o
    0x08002468   0x00000048   Code   RO         4866    i.USART_GetITStatus  stm32f4xx_usart.o
    0x080024b0   0x0000003a   Code   RO         4868    i.USART_ITConfig    stm32f4xx_usart.o
    0x080024ea   0x00000002   PAD
    0x080024ec   0x000000d0   Code   RO         4869    i.USART_Init        stm32f4xx_usart.o
    0x080025bc   0x00000008   Code   RO         4876    i.USART_ReceiveData  stm32f4xx_usart.o
    0x080025c4   0x00000002   Code   RO         5130    i.UsageFault_Handler  stm32f4xx_it.o
    0x080025c6   0x00000002   PAD
    0x080025c8   0x00000024   Code   RO         8500    i.__0vsprintf       mc_w.l(printfa.o)
    0x080025ec   0x00000026   Code   RO         8548    i.__ARM_fpclassifyf  m_wm.l(fpclassifyf.o)
    0x08002612   0x00000002   PAD
    0x08002614   0x00000250   Code   RO         8440    i.__hardfp_atan2f   m_wm.l(atan2f.o)
    0x08002864   0x00000006   Code   RO         8552    i.__mathlib_flt_infnan2  m_wm.l(funder.o)
    0x0800286a   0x00000002   PAD
    0x0800286c   0x00000010   Code   RO         8556    i.__mathlib_flt_underflow  m_wm.l(funder.o)
    0x0800287c   0x0000000e   Code   RO         8646    i.__scatterload_copy  mc_w.l(handlers.o)
    0x0800288a   0x00000002   Code   RO         8647    i.__scatterload_null  mc_w.l(handlers.o)
    0x0800288c   0x0000000e   Code   RO         8648    i.__scatterload_zeroinit  mc_w.l(handlers.o)
    0x0800289a   0x0000001a   Code   RO         6170    i._delay_ms         ticks.o
    0x080028b4   0x0000001a   Code   RO         6171    i._delay_us         ticks.o
    0x080028ce   0x00000002   PAD
    0x080028d0   0x00000184   Code   RO         8501    i._fp_digits        mc_w.l(printfa.o)
    0x08002a54   0x000006dc   Code   RO         8502    i._printf_core      mc_w.l(printfa.o)
    0x08003130   0x00000024   Code   RO         8503    i._printf_post_padding  mc_w.l(printfa.o)
    0x08003154   0x0000002e   Code   RO         8504    i._printf_pre_padding  mc_w.l(printfa.o)
    0x08003182   0x0000000a   Code   RO         8506    i._sputc            mc_w.l(printfa.o)
    0x0800318c   0x0000003c   Code   RO         6687    i.absEnc_init       absenc.o
    0x080031c8   0x00000180   Code   RO         5595    i.adc_dma_init      adc.o
    0x08003348   0x00000014   Code   RO         5596    i.adc_done          adc.o
    0x0800335c   0x0000003c   Code   RO         5597    i.adc_gpio_init     adc.o
    0x08003398   0x00000002   Code   RO         5598    i.adc_init          adc.o
    0x0800339a   0x00000002   PAD
    0x0800339c   0x00000040   Code   RO         6422    i.app_atan2         trigon_math.o
    0x080033dc   0x0000002c   Code   RO         7236    i.btn_init          button.o
    0x08003408   0x00000020   Code   RO         7237    i.btn_onclick       button.o
    0x08003428   0x00000034   Code   RO         7238    i.btn_pressed       button.o
    0x0800345c   0x00000048   Code   RO         7242    i.btn_update        button.o
    0x080034a4   0x00000140   Code   RO         5846    i.can1_tx_dequeue   can_protocol.o
    0x080035e4   0x00000140   Code   RO         5847    i.can2_tx_dequeue   can_protocol.o
    0x08003724   0x00000164   Code   RO         6569    i.dac_init          dac.o
    0x08003888   0x00000008   Code   RO         6915    i.det               vec.o
    0x08003890   0x00000020   Code   RO         6570    i.diode_gnd         dac.o
    0x080038b0   0x00000034   Code   RO         6571    i.diode_init        dac.o
    0x080038e4   0x00000064   Code   RO         6737    i.enc_cal           pos_esti.o
    0x08003948   0x00000098   Code   RO         6217    i.getPinSource      gpio.o
    0x080039e0   0x00000014   Code   RO         6688    i.get_abs           absenc.o
    0x080039f4   0x00000048   Code   RO         6689    i.get_abs_angle     absenc.o
    0x08003a3c   0x0000002c   Code   RO         5853    i.get_can_queue_size  can_protocol.o
    0x08003a68   0x00000014   Code   RO         6573    i.get_interval      dac.o
    0x08003a7c   0x00000018   Code   RO         5601    i.get_pk2pk         adc.o
    0x08003a94   0x0000002c   Code   RO         6018    i.get_uart_queue_size  uart.o
    0x08003ac0   0x00000014   Code   RO         6574    i.get_voltage       dac.o
    0x08003ad4   0x0000004a   Code   RO         6218    i.gpio_af_init      gpio.o
    0x08003b1e   0x00000028   Code   RO         6220    i.gpio_input_init   gpio.o
    0x08003b46   0x00000034   Code   RO         6221    i.gpio_output_init  gpio.o
    0x08003b7a   0x00000002   PAD
    0x08003b7c   0x00000074   Code   RO         6222    i.gpio_rcc_init     gpio.o
    0x08003bf0   0x00000008   Code   RO         6224    i.gpio_read_input   gpio.o
    0x08003bf8   0x00000020   Code   RO         6226    i.gpio_toggle       gpio.o
    0x08003c18   0x00000060   Code   RO         6690    i.gray2bin          absenc.o
    0x08003c78   0x0000009c   Code   RO         6747    i.induc_sense       pos_esti.o
    0x08003d14   0x00000050   Code   RO         5770    i.inv_sqrt          approx_math.o
    0x08003d64   0x0000012c   Code   RO         6919    i.inverse           vec.o
    0x08003e90   0x00000010   Code   RO         7786    i.led_blink         led.o
    0x08003ea0   0x00000028   Code   RO         7788    i.led_init          led.o
    0x08003ec8   0x000000e0   Code   RO         5424    i.main              main.o
    0x08003fa8   0x00000040   Code   RO         6920    i.mat_det           vec.o
    0x08003fe8   0x0000005c   Code   RO         6922    i.mat_vec_prod      vec.o
    0x08004044   0x000001c8   Code   RO         5604    i.pk2pk2            adc.o
    0x0800420c   0x00000154   Code   RO         6748    i.pos_update_induc  pos_esti.o
    0x08004360   0x00000030   Code   RO         5605    i.reset_dma_adc     adc.o
    0x08004390   0x0000004a   Code   RO         6923    i.sca_mat_div       vec.o
    0x080043da   0x00000038   Code   RO         6924    i.sca_mat_prod      vec.o
    0x08004412   0x0000001a   Code   RO         6925    i.sca_vec_div       vec.o
    0x0800442c   0x0000004c   Code   RO         6750    i.sense_init        pos_esti.o
    0x08004478   0x00000054   Code   RO         7142    i.set_PWM           pwm.o
    0x080044cc   0x00000030   Code   RO         7143    i.set_floating      pwm.o
    0x080044fc   0x00000034   Code   RO         8019    i.spi_xbc_update_ssi  spi_xbc_mb.o
    0x08004530   0x00000018   Code   RO         5427    i.test_algo         main.o
    0x08004548   0x00000068   Code   RO         6172    i.ticks_init        ticks.o
    0x080045b0   0x0000000c   Code   RO         5608    i.toggle_FUCK       adc.o
    0x080045bc   0x00000048   Code   RO         6927    i.transpose         vec.o
    0x08004604   0x000000c0   Code   RO         6020    i.uart_init         uart.o
    0x080046c4   0x000000a4   Code   RO         6023    i.uart_tx           uart.o
    0x08004768   0x0000006c   Code   RO         6752    i.v_funct           pos_esti.o
    0x080047d4   0x0000002c   Code   RO         6931    i.vec_sub           vec.o
    0x08004800   0x00000014   Data   RO         6029    .constdata          uart.o
    0x08004814   0x00000008   Data   RO         6254    .constdata          gpio.o
    0x0800481c   0x00000008   Data   RO         6255    .constdata          gpio.o
    0x08004824   0x00000008   Data   RO         6257    .constdata          gpio.o
    0x0800482c   0x00000008   Data   RO         6259    .constdata          gpio.o
    0x08004834   0x00000008   Data   RO         6273    .constdata          gpio.o
    0x0800483c   0x00000500   Data   RO         6575    .constdata          dac.o
    0x08004d3c   0x00000280   Data   RO         6576    .constdata          dac.o
    0x08004fbc   0x00000140   Data   RO         6577    .constdata          dac.o
    0x080050fc   0x00000078   Data   RO         6579    .constdata          dac.o
    0x08005174   0x00000008   Data   RO         7243    .constdata          button.o
    0x0800517c   0x00000020   Data   RO         8644    Region$$Table       anon$$obj.o


    Execution Region RW_IRAM1 (Base: 0x20000000, Size: 0x00002178, Max: 0x00020000, ABSOLUTE, COMPRESSED[0x00000080])

    Base Addr    Size         Type   Attr      Idx    E Section Name        Object

    0x20000000   0x00000010   Data   RW         2944    .data               stm32f4xx_rcc.o
    0x20000010   0x00000018   Data   RW         5379    .data               system_stm32f4xx.o
    0x20000028   0x0000000c   Data   RW         5431    .data               main.o
    0x20000034   0x00000068   Data   RW         5612    .data               adc.o
    0x2000009c   0x00000024   Data   RW         5861    .data               can_protocol.o
    0x200000c0   0x00000010   Data   RW         6030    .data               uart.o
    0x200000d0   0x00000004   Data   RW         6173    .data               ticks.o
    0x200000d4   0x00000020   Data   RW         6580    .data               dac.o
    0x200000f4   0x00000034   Data   RW         6759    .data               pos_esti.o
    0x20000128   0x0000000e   Data   RW         7144    .data               pwm.o
    0x20000136   0x00000002   PAD
    0x20000138   0x00000014   Data   RW         7244    .data               button.o
    0x2000014c   0x00000004   Data   RW         7789    .data               led.o
    0x20000150   0x00000004   Data   RW         7935    .data               timer.o
    0x20000154   0x00000018   Data   RW         8022    .data               spi_xbc_mb.o
    0x2000016c   0x00000860   Zero   RW         5610    .bss                adc.o
    0x200009cc   0x00000070   Zero   RW         5858    .bss                can_protocol.o
    0x20000a3c   0x000004b0   Zero   RW         5859    .bss                can_protocol.o
    0x20000eec   0x000004b0   Zero   RW         5860    .bss                can_protocol.o
    0x2000139c   0x00000040   Zero   RW         6028    .bss                uart.o
    0x200013dc   0x0000000c   Zero   RW         6495    .bss                spi_protocol.o
    0x200013e8   0x000003fc   Zero   RW         6753    .bss                pos_esti.o
    0x200017e4   0x00000190   Zero   RW         7934    .bss                timer.o
    0x20001974   0x00000004   PAD
    0x20001978   0x00000800   Zero   RW         5414    STACK               startup_stm32f40_41xxx.o


==============================================================================

Image component sizes


      Code (inc. data)   RO Data    RW Data    ZI Data      Debug   Object Name

       248         20          0          0          0       2035   absenc.o
      1182        154          0        104       2144      10363   adc.o
         0          0          0          0          0       1184   algorithm.o
        80          8          0          0          0        707   approx_math.o
       200         28          8         20          0       3664   button.o
      1132        130          0         36       2512       5926   can_protocol.o
      1052        122       2360         32          0       8717   dac.o
       474          6         40          0          0       8305   gpio.o
        56         10          0          4          0       1667   led.o
       248         18          0         12          0       2432   main.o
       116          4          0          0          0       3052   misc.o
      1216         54          0         52       1020       6574   pos_esti.o
       776         52          0         14          0       6769   pwm.o
       144         24          0          0         12       2810   spi_protocol.o
        84          8          0         24          0       4215   spi_xbc_mb.o
        36          8        392          0       2048        944   startup_stm32f40_41xxx.o
       398         20          0          0          0     311265   stm32f4xx_adc.o
       638          8          0          0          0      12920   stm32f4xx_can.o
       150         18          0          0          0       8344   stm32f4xx_dac.o
       642        110          0          0          0      18361   stm32f4xx_dma.o
        32         10          0          0          0       1284   stm32f4xx_exti.o
       242          0          0          0          0      11918   stm32f4xx_gpio.o
        18          0          0          0          0      59488   stm32f4xx_it.o
       316         36          0         16          0      22069   stm32f4xx_rcc.o
        78          0          0          0          0      11116   stm32f4xx_spi.o
      1376          8          0          0          0      38919   stm32f4xx_tim.o
       402          6          0          0          0      12518   stm32f4xx_usart.o
       460         76          0         24          0       2739   system_stm32f4xx.o
       196          8          0          4          0       2657   ticks.o
       248         16          0          4        400       2042   timer.o
        64          8          0          0          0        560   trigon_math.o
       560         46         20         16         64       5008   uart.o
       736          0          0          0          0       5618   vec.o

    ----------------------------------------------------------------------
     13632       1016       2852        364       8204     596190   Object Totals
         0          0         32          0          0          0   (incl. Generated)
        32          0          0          2          4          0   (incl. Padding)

    ----------------------------------------------------------------------

      Code (inc. data)   RO Data    RW Data    ZI Data      Debug   Library Member Name

       592         90          0          0          0        184   atan2f.o
        38          0          0          0          0        116   fpclassifyf.o
        22          6          0          0          0        232   funder.o
        86          0          0          0          0          0   __dczerorl2.o
         0          0          0          0          0          0   entry.o
         0          0          0          0          0          0   entry10a.o
         0          0          0          0          0          0   entry11a.o
         8          4          0          0          0          0   entry2.o
         4          0          0          0          0          0   entry5.o
         0          0          0          0          0          0   entry7b.o
         0          0          0          0          0          0   entry8b.o
         8          4          0          0          0          0   entry9a.o
        30          0          0          0          0          0   handlers.o
        36          8          0          0          0         68   init.o
         0          0          0          0          0          0   iusefp.o
        30          0          0          0          0         68   llshl.o
        36          0          0          0          0         68   llsshr.o
        32          0          0          0          0         68   llushr.o
      2272         86          0          0          0        516   printfa.o
        44          0          0          0          0         80   uidiv.o
        98          0          0          0          0         92   uldiv.o
        48          0          0          0          0         68   cdrcmple.o
       334          0          0          0          0        148   dadd.o
       222          0          0          0          0        100   ddiv.o
       186          0          0          0          0        176   depilogue.o
        48          0          0          0          0         68   dfixul.o
       228          0          0          0          0         96   dmul.o

    ----------------------------------------------------------------------
      4408        198          0          0          0       2148   Library Totals
         6          0          0          0          0          0   (incl. Padding)

    ----------------------------------------------------------------------

      Code (inc. data)   RO Data    RW Data    ZI Data      Debug   Library Name

       652         96          0          0          0        532   m_wm.l
      2684        102          0          0          0        960   mc_w.l
      1066          0          0          0          0        656   mf_w.l

    ----------------------------------------------------------------------
      4408        198          0          0          0       2148   Library Totals

    ----------------------------------------------------------------------

==============================================================================


      Code (inc. data)   RO Data    RW Data    ZI Data      Debug   

     18040       1214       2852        364       8204     580090   Grand Totals
     18040       1214       2852        128       8204     580090   ELF Image Totals (compressed)
     18040       1214       2852        128          0          0   ROM Totals

==============================================================================

    Total RO  Size (Code + RO Data)                20892 (  20.40kB)
    Total RW  Size (RW Data + ZI Data)              8568 (   8.37kB)
    Total ROM Size (Code + RO Data + RW Data)      21020 (  20.53kB)

==============================================================================

