Component: ARM Compiler 5.06 update 4 (build 422) Tool: armlink [4d35d2]

==============================================================================

Section Cross References

    stm32f4xx_adc.o(i.ADC_DeInit) refers to stm32f4xx_rcc.o(i.RCC_APB2PeriphResetCmd) for RCC_APB2PeriphResetCmd
    stm32f4xx_can.o(i.CAN_DeInit) refers to stm32f4xx_rcc.o(i.RCC_APB1PeriphResetCmd) for RCC_APB1PeriphResetCmd
    stm32f4xx_can.o(i.CAN_GetITStatus) refers to stm32f4xx_can.o(i.CheckITStatus) for CheckITStatus
    stm32f4xx_cryp.o(i.CRYP_DeInit) refers to stm32f4xx_rcc.o(i.RCC_AHB2PeriphResetCmd) for RCC_AHB2PeriphResetCmd
    stm32f4xx_cryp_aes.o(i.CRYP_AES_CBC) refers to stm32f4xx_cryp.o(i.CRYP_KeyStructInit) for CRYP_KeyStructInit
    stm32f4xx_cryp_aes.o(i.CRYP_AES_CBC) refers to stm32f4xx_cryp.o(i.CRYP_KeyInit) for CRYP_KeyInit
    stm32f4xx_cryp_aes.o(i.CRYP_AES_CBC) refers to stm32f4xx_cryp.o(i.CRYP_Init) for CRYP_Init
    stm32f4xx_cryp_aes.o(i.CRYP_AES_CBC) refers to stm32f4xx_cryp.o(i.CRYP_IVInit) for CRYP_IVInit
    stm32f4xx_cryp_aes.o(i.CRYP_AES_CBC) refers to stm32f4xx_cryp.o(i.CRYP_FIFOFlush) for CRYP_FIFOFlush
    stm32f4xx_cryp_aes.o(i.CRYP_AES_CBC) refers to stm32f4xx_cryp.o(i.CRYP_Cmd) for CRYP_Cmd
    stm32f4xx_cryp_aes.o(i.CRYP_AES_CBC) refers to stm32f4xx_cryp.o(i.CRYP_GetCmdStatus) for CRYP_GetCmdStatus
    stm32f4xx_cryp_aes.o(i.CRYP_AES_CBC) refers to stm32f4xx_cryp.o(i.CRYP_GetFlagStatus) for CRYP_GetFlagStatus
    stm32f4xx_cryp_aes.o(i.CRYP_AES_CBC) refers to stm32f4xx_cryp.o(i.CRYP_DataIn) for CRYP_DataIn
    stm32f4xx_cryp_aes.o(i.CRYP_AES_CBC) refers to stm32f4xx_cryp.o(i.CRYP_DataOut) for CRYP_DataOut
    stm32f4xx_cryp_aes.o(i.CRYP_AES_CCM) refers to stm32f4xx_cryp.o(i.CRYP_KeyStructInit) for CRYP_KeyStructInit
    stm32f4xx_cryp_aes.o(i.CRYP_AES_CCM) refers to stm32f4xx_cryp.o(i.CRYP_FIFOFlush) for CRYP_FIFOFlush
    stm32f4xx_cryp_aes.o(i.CRYP_AES_CCM) refers to stm32f4xx_cryp.o(i.CRYP_KeyInit) for CRYP_KeyInit
    stm32f4xx_cryp_aes.o(i.CRYP_AES_CCM) refers to stm32f4xx_cryp.o(i.CRYP_IVInit) for CRYP_IVInit
    stm32f4xx_cryp_aes.o(i.CRYP_AES_CCM) refers to stm32f4xx_cryp.o(i.CRYP_Init) for CRYP_Init
    stm32f4xx_cryp_aes.o(i.CRYP_AES_CCM) refers to stm32f4xx_cryp.o(i.CRYP_PhaseConfig) for CRYP_PhaseConfig
    stm32f4xx_cryp_aes.o(i.CRYP_AES_CCM) refers to stm32f4xx_cryp.o(i.CRYP_DataIn) for CRYP_DataIn
    stm32f4xx_cryp_aes.o(i.CRYP_AES_CCM) refers to stm32f4xx_cryp.o(i.CRYP_Cmd) for CRYP_Cmd
    stm32f4xx_cryp_aes.o(i.CRYP_AES_CCM) refers to stm32f4xx_cryp.o(i.CRYP_GetCmdStatus) for CRYP_GetCmdStatus
    stm32f4xx_cryp_aes.o(i.CRYP_AES_CCM) refers to stm32f4xx_cryp.o(i.CRYP_GetFlagStatus) for CRYP_GetFlagStatus
    stm32f4xx_cryp_aes.o(i.CRYP_AES_CCM) refers to stm32f4xx_cryp.o(i.CRYP_DataOut) for CRYP_DataOut
    stm32f4xx_cryp_aes.o(i.CRYP_AES_CTR) refers to stm32f4xx_cryp.o(i.CRYP_KeyStructInit) for CRYP_KeyStructInit
    stm32f4xx_cryp_aes.o(i.CRYP_AES_CTR) refers to stm32f4xx_cryp.o(i.CRYP_KeyInit) for CRYP_KeyInit
    stm32f4xx_cryp_aes.o(i.CRYP_AES_CTR) refers to stm32f4xx_cryp.o(i.CRYP_Init) for CRYP_Init
    stm32f4xx_cryp_aes.o(i.CRYP_AES_CTR) refers to stm32f4xx_cryp.o(i.CRYP_IVInit) for CRYP_IVInit
    stm32f4xx_cryp_aes.o(i.CRYP_AES_CTR) refers to stm32f4xx_cryp.o(i.CRYP_FIFOFlush) for CRYP_FIFOFlush
    stm32f4xx_cryp_aes.o(i.CRYP_AES_CTR) refers to stm32f4xx_cryp.o(i.CRYP_Cmd) for CRYP_Cmd
    stm32f4xx_cryp_aes.o(i.CRYP_AES_CTR) refers to stm32f4xx_cryp.o(i.CRYP_GetCmdStatus) for CRYP_GetCmdStatus
    stm32f4xx_cryp_aes.o(i.CRYP_AES_CTR) refers to stm32f4xx_cryp.o(i.CRYP_DataIn) for CRYP_DataIn
    stm32f4xx_cryp_aes.o(i.CRYP_AES_CTR) refers to stm32f4xx_cryp.o(i.CRYP_GetFlagStatus) for CRYP_GetFlagStatus
    stm32f4xx_cryp_aes.o(i.CRYP_AES_CTR) refers to stm32f4xx_cryp.o(i.CRYP_DataOut) for CRYP_DataOut
    stm32f4xx_cryp_aes.o(i.CRYP_AES_ECB) refers to stm32f4xx_cryp.o(i.CRYP_KeyStructInit) for CRYP_KeyStructInit
    stm32f4xx_cryp_aes.o(i.CRYP_AES_ECB) refers to stm32f4xx_cryp.o(i.CRYP_KeyInit) for CRYP_KeyInit
    stm32f4xx_cryp_aes.o(i.CRYP_AES_ECB) refers to stm32f4xx_cryp.o(i.CRYP_Init) for CRYP_Init
    stm32f4xx_cryp_aes.o(i.CRYP_AES_ECB) refers to stm32f4xx_cryp.o(i.CRYP_FIFOFlush) for CRYP_FIFOFlush
    stm32f4xx_cryp_aes.o(i.CRYP_AES_ECB) refers to stm32f4xx_cryp.o(i.CRYP_Cmd) for CRYP_Cmd
    stm32f4xx_cryp_aes.o(i.CRYP_AES_ECB) refers to stm32f4xx_cryp.o(i.CRYP_GetCmdStatus) for CRYP_GetCmdStatus
    stm32f4xx_cryp_aes.o(i.CRYP_AES_ECB) refers to stm32f4xx_cryp.o(i.CRYP_GetFlagStatus) for CRYP_GetFlagStatus
    stm32f4xx_cryp_aes.o(i.CRYP_AES_ECB) refers to stm32f4xx_cryp.o(i.CRYP_DataIn) for CRYP_DataIn
    stm32f4xx_cryp_aes.o(i.CRYP_AES_ECB) refers to stm32f4xx_cryp.o(i.CRYP_DataOut) for CRYP_DataOut
    stm32f4xx_cryp_aes.o(i.CRYP_AES_GCM) refers to stm32f4xx_cryp.o(i.CRYP_KeyStructInit) for CRYP_KeyStructInit
    stm32f4xx_cryp_aes.o(i.CRYP_AES_GCM) refers to stm32f4xx_cryp.o(i.CRYP_FIFOFlush) for CRYP_FIFOFlush
[...]
    Removing dac.o(i.get_freq), (12 bytes).
    Removing dac.o(i.get_interval), (20 bytes).
    Removing dac.o(i.get_voltage), (20 bytes).
    Removing absenc.o(.rev16_text), (4 bytes).
    Removing absenc.o(.revsh_text), (4 bytes).
    Removing absenc.o(.rrx_text), (6 bytes).
    Removing absenc.o(i.absEnc_init), (60 bytes).
    Removing absenc.o(i.get_abs), (20 bytes).
    Removing absenc.o(i.gray2bin), (96 bytes).
    Removing pos_esti.o(.rev16_text), (4 bytes).
    Removing pos_esti.o(.revsh_text), (4 bytes).
    Removing pos_esti.o(.rrx_text), (6 bytes).
    Removing pos_esti.o(i.N_method), (424 bytes).
    Removing pos_esti.o(i.TIM5_init), (120 bytes).
    Removing pos_esti.o(i.enc_cal), (108 bytes).
    Removing pos_esti.o(i.get_enc), (12 bytes).
    Removing pos_esti.o(i.get_k), (548 bytes).
    Removing pos_esti.o(i.get_method), (12 bytes).
    Removing pos_esti.o(i.get_pos), (12 bytes).
    Removing pos_esti.o(i.get_vel), (12 bytes).
    Removing pos_esti.o(i.induc_sense), (172 bytes).
    Removing pos_esti.o(i.pos_update), (1296 bytes).
    Removing pos_esti.o(i.pos_update2), (2936 bytes).
    Removing pos_esti.o(i.pos_update4), (424 bytes).
    Removing pos_esti.o(i.pos_update_bemf), (312 bytes).
    Removing pos_esti.o(i.position_update), (296 bytes).
    Removing pos_esti.o(i.sense_init), (92 bytes).
    Removing pos_esti.o(i.uart_bitch), (100 bytes).
    Removing pos_esti.o(i.v_funct), (108 bytes).
    Removing pos_esti.o(.bss), (19232 bytes).
    Removing pos_esti.o(.bss), (24 bytes).
    Removing pos_esti.o(.data), (96 bytes).
    Removing pos_esti.o(.data), (2 bytes).
    Removing pos_esti.o(.data), (2 bytes).
    Removing pos_esti.o(.data), (2 bytes).
    Removing pos_esti.o(.data), (2 bytes).
    Removing vec.o(.rev16_text), (4 bytes).
    Removing vec.o(.revsh_text), (4 bytes).
    Removing vec.o(.rrx_text), (6 bytes).
    Removing vec.o(i.assign_col), (30 bytes).
    Removing vec.o(i.cross_prod), (66 bytes).
    Removing vec.o(i.det), (8 bytes).
    Removing vec.o(i.dot_prod), (28 bytes).
    Removing vec.o(i.in_rectangle), (492 bytes).
    Removing vec.o(i.in_triangle), (186 bytes).
    Removing vec.o(i.inverse), (300 bytes).
    Removing vec.o(i.mat_det), (64 bytes).
    Removing vec.o(i.mat_prod), (252 bytes).
    Removing vec.o(i.mat_vec_prod), (92 bytes).
    Removing vec.o(i.sca_mat_div), (74 bytes).
    Removing vec.o(i.sca_mat_prod), (56 bytes).
    Removing vec.o(i.sca_vec_div), (26 bytes).
    Removing vec.o(i.sca_vec_mult), (20 bytes).
    Removing vec.o(i.transpose), (72 bytes).
    Removing vec.o(i.vec_add), (44 bytes).
    Removing vec.o(i.vec_length), (20 bytes).
    Removing vec.o(i.vec_length2), (16 bytes).
    Removing vec.o(i.vec_sub), (44 bytes).
    Removing button.o(.rev16_text), (4 bytes).
    Removing button.o(.revsh_text), (4 bytes).
    Removing button.o(.rrx_text), (6 bytes).
    Removing button.o(i.btn_disable_OnClickListener), (16 bytes).
    Removing button.o(i.btn_disable_OnHoldListener), (16 bytes).
    Removing button.o(i.btn_disable_OnReleaseListener), (16 bytes).
    Removing button.o(i.btn_reg_OnClickListener), (12 bytes).
    Removing button.o(i.btn_reg_OnHoldListener), (24 bytes).
    Removing button.o(i.btn_reg_OnReleaseListener), (12 bytes).
    Removing buzzer.o(.rev16_text), (4 bytes).
    Removing buzzer.o(.revsh_text), (4 bytes).
    Removing buzzer.o(.rrx_text), (6 bytes).
    Removing buzzer.o(i.buzzer_init), (28 bytes).
    Removing buzzer.o(i.buzzer_off), (12 bytes).
    Removing buzzer.o(i.buzzer_on), (12 bytes).
    Removing can_motor.o(.rev16_text), (4 bytes).
    Removing can_motor.o(.revsh_text), (4 bytes).
    Removing can_motor.o(.rrx_text), (6 bytes).
    Removing can_motor.o(i.can_get_encoder_value), (12 bytes).
    Removing can_motor.o(i.can_motor_init), (28 bytes).
    Removing can_motor.o(i.can_motor_lock), (34 bytes).
    Removing can_motor.o(i.can_motor_set_accel), (44 bytes).
    Removing can_motor.o(i.can_motor_set_pos), (66 bytes).
    Removing can_motor.o(i.can_motor_set_vel), (60 bytes).
    Removing can_motor.o(i.feedback_decoding), (52 bytes).
    Removing can_motor.o(.bss), (64 bytes).
    Removing gun_can_motor.o(.rev16_text), (4 bytes).
    Removing gun_can_motor.o(.revsh_text), (4 bytes).
    Removing gun_can_motor.o(.rrx_text), (6 bytes).
    Removing gun_can_motor.o(i.feedback_decoding), (304 bytes).
    Removing gun_can_motor.o(i.gun_can_get_encoder), (12 bytes).
    Removing gun_can_motor.o(i.gun_can_get_limit_pos), (16 bytes).
    Removing gun_can_motor.o(i.gun_can_get_limit_trig), (16 bytes).
    Removing gun_can_motor.o(i.gun_can_get_pwm), (12 bytes).
    Removing gun_can_motor.o(i.gun_can_get_state), (40 bytes).
    Removing gun_can_motor.o(i.gun_can_motor_init), (28 bytes).
    Removing gun_can_motor.o(i.gun_can_motor_lock), (34 bytes).
    Removing gun_can_motor.o(i.gun_can_motor_set_accel), (56 bytes).
    Removing gun_can_motor.o(i.gun_can_motor_set_competition_mode), (38 bytes).
    Removing gun_can_motor.o(i.gun_can_motor_set_max_vel), (56 bytes).
    Removing gun_can_motor.o(i.gun_can_motor_set_pos), (56 bytes).
    Removing gun_can_motor.o(i.gun_can_motor_set_vel), (60 bytes).
    Removing gun_can_motor.o(i.gun_can_motor_stfu), (38 bytes).
    Removing gun_can_motor.o(i.gun_disable_OnLimitPosUpdate), (16 bytes).
    Removing gun_can_motor.o(i.gun_disable_OnTargetReached), (16 bytes).
    Removing gun_can_motor.o(i.gun_reg_OnLimitPosUpdate), (12 bytes).
    Removing gun_can_motor.o(i.gun_reg_OnTargetReached), (12 bytes).
    Removing gun_can_motor.o(i.gun_set_PID), (38 bytes).
    Removing gun_can_motor.o(.bss), (496 bytes).
    Removing gpio_test.o(.rev16_text), (4 bytes).
    Removing gpio_test.o(.revsh_text), (4 bytes).
    Removing gpio_test.o(.rrx_text), (6 bytes).
    Removing gpio_test.o(i.gpio_test), (2 bytes).
    Removing lcd_main.o(.rev16_text), (4 bytes).
    Removing lcd_main.o(.revsh_text), (4 bytes).
    Removing lcd_main.o(.rrx_text), (6 bytes).
    Removing lcd_main.o(i.tft_clear), (40 bytes).
    Removing lcd_main.o(i.tft_clear_line), (92 bytes).
    Removing lcd_main.o(i.tft_disable), (12 bytes).
    Removing lcd_main.o(i.tft_enable), (12 bytes).
    Removing lcd_main.o(i.tft_fill_color), (72 bytes).
    Removing lcd_main.o(i.tft_force_clear), (56 bytes).
    Removing lcd_main.o(i.tft_get_buffer_char), (36 bytes).
    Removing lcd_main.o(i.tft_get_buffer_color), (36 bytes).
    Removing lcd_main.o(i.tft_get_orientation), (12 bytes).
    Removing lcd_main.o(i.tft_init), (776 bytes).
    Removing lcd_main.o(i.tft_println), (60 bytes).
    Removing lcd_main.o(i.tft_prints), (56 bytes).
    Removing lcd_main.o(i.tft_put_logo), (5000 bytes).
    Removing lcd_main.o(i.tft_put_pixel), (28 bytes).
    Removing lcd_main.o(i.tft_set_bg_color), (12 bytes).
    Removing lcd_main.o(i.tft_set_buffer), (168 bytes).
    Removing lcd_main.o(i.tft_set_region), (112 bytes).
    Removing lcd_main.o(i.tft_set_special_color), (12 bytes).
    Removing lcd_main.o(i.tft_set_text_color), (12 bytes).
    Removing lcd_main.o(i.tft_spi_init), (72 bytes).
    Removing lcd_main.o(i.tft_update), (540 bytes).
    Removing lcd_main.o(i.tft_write_command), (52 bytes).
    Removing lcd_main.o(i.tft_write_data), (52 bytes).
    Removing lcd_main.o(.bss), (1600 bytes).
    Removing lcd_main.o(.data), (1568 bytes).
    Removing lcd_main.o(.data), (1 bytes).
    Removing lcd_main.o(.data), (1 bytes).
    Removing lcd_main.o(.data), (1 bytes).
    Removing lcd_main.o(.data), (2 bytes).
    Removing led.o(.rev16_text), (4 bytes).
    Removing led.o(.revsh_text), (4 bytes).
    Removing led.o(.rrx_text), (6 bytes).
    Removing led.o(i.led_control), (16 bytes).
    Removing motor_control.o(.rev16_text), (4 bytes).
    Removing motor_control.o(.revsh_text), (4 bytes).
    Removing motor_control.o(.rrx_text), (6 bytes).
    Removing motor_control.o(i.get_encoder_value), (4 bytes).
    Removing motor_control.o(i.motor_init), (4 bytes).
    Removing motor_control.o(i.motor_lock), (4 bytes).
    Removing motor_control.o(i.motor_set_accel), (4 bytes).
    Removing motor_control.o(i.motor_set_pos), (4 bytes).
    Removing motor_control.o(i.motor_set_vel), (24 bytes).
    Removing motor_control.o(.bss), (12 bytes).
    Removing motor_control.o(.data), (3 bytes).
    Removing pneumatic.o(.rev16_text), (4 bytes).
    Removing pneumatic.o(.revsh_text), (4 bytes).
    Removing pneumatic.o(.rrx_text), (6 bytes).
    Removing pneumatic.o(i.pneu_control), (16 bytes).
    Removing pneumatic.o(i.pneu_init), (40 bytes).
    Removing pneumatic.o(i.pneu_toggle), (16 bytes).
    Removing pneumatic.o(.data), (56 bytes).
    Removing timer.o(.rev16_text), (4 bytes).
    Removing timer.o(.revsh_text), (4 bytes).
    Removing timer.o(.rrx_text), (6 bytes).
    Removing timer.o(i.do_after), (8 bytes).
    Removing timer.o(i.do_after_for), (248 bytes).
    Removing timer.o(i.get_timer_size), (12 bytes).
    Removing timer.o(i.timer_init), (132 bytes).
    Removing laser_dt50.o(.rev16_text), (4 bytes).
    Removing laser_dt50.o(.revsh_text), (4 bytes).
    Removing laser_dt50.o(.rrx_text), (6 bytes).
    Removing spi_xbc_mb.o(.rev16_text), (4 bytes).
    Removing spi_xbc_mb.o(.revsh_text), (4 bytes).
    Removing spi_xbc_mb.o(.rrx_text), (6 bytes).
    Removing spi_xbc_mb.o(i.spi_xbc_get_back_buttons), (24 bytes).
    Removing spi_xbc_mb.o(i.spi_xbc_get_button), (44 bytes).
    Removing spi_xbc_mb.o(i.spi_xbc_get_connection), (32 bytes).
    Removing spi_xbc_mb.o(i.spi_xbc_get_digital), (24 bytes).
    Removing spi_xbc_mb.o(i.spi_xbc_get_joy), (136 bytes).
    Removing spi_xbc_mb.o(i.spi_xbc_get_joy_raw), (28 bytes).
    Removing spi_xbc_mb.o(i.spi_xbc_mb_init), (132 bytes).
    Removing spi_xbc_mb.o(i.spi_xbc_rx_handler), (380 bytes).
    Removing spi_xbc_mb.o(.bss), (44 bytes).
    Removing spi_xbc_mb.o(.constdata), (30 bytes).
    Removing xbc_mb.o(.rev16_text), (4 bytes).
    Removing xbc_mb.o(.revsh_text), (4 bytes).
    Removing xbc_mb.o(.rrx_text), (6 bytes).
    Removing xbc_mb.o(i.xbc_button_update), (128 bytes).
    Removing xbc_mb.o(i.xbc_drop_OnClickListener), (16 bytes).
    Removing xbc_mb.o(i.xbc_drop_OnHoldListener), (16 bytes).
    Removing xbc_mb.o(i.xbc_drop_OnReleaseListener), (16 bytes).
    Removing xbc_mb.o(i.xbc_get_button), (54 bytes).
    Removing xbc_mb.o(i.xbc_get_connection), (140 bytes).
    Removing xbc_mb.o(i.xbc_get_digital), (46 bytes).
    Removing xbc_mb.o(i.xbc_get_joy), (54 bytes).
    Removing xbc_mb.o(i.xbc_get_joy_raw), (54 bytes).
    Removing xbc_mb.o(i.xbc_get_priority), (12 bytes).
    Removing xbc_mb.o(i.xbc_mb_init), (28 bytes).
    Removing xbc_mb.o(i.xbc_reg_OnClickListener), (12 bytes).
    Removing xbc_mb.o(i.xbc_reg_OnHoldListener), (24 bytes).
    Removing xbc_mb.o(i.xbc_reg_OnReleaseListener), (12 bytes).
    Removing xbc_mb.o(.bss), (300 bytes).
    Removing xbc_mb.o(.data), (1 bytes).
    Removing can_xbc_mb.o(.rev16_text), (4 bytes).
    Removing can_xbc_mb.o(.revsh_text), (4 bytes).
    Removing can_xbc_mb.o(.rrx_text), (6 bytes).
    Removing can_xbc_mb.o(i.can_xbc_get_button), (40 bytes).
    Removing can_xbc_mb.o(i.can_xbc_get_connection), (32 bytes).
    Removing can_xbc_mb.o(i.can_xbc_get_digital), (24 bytes).
    Removing can_xbc_mb.o(i.can_xbc_get_joy), (136 bytes).
    Removing can_xbc_mb.o(i.can_xbc_get_joy_raw), (28 bytes).
    Removing can_xbc_mb.o(i.can_xbc_mb_decoding), (152 bytes).
    Removing can_xbc_mb.o(i.can_xbc_mb_init), (40 bytes).
    Removing can_xbc_mb.o(.bss), (12 bytes).
    Removing can_xbc_mb.o(.constdata), (30 bytes).
    Removing can_xbc_mb.o(.data), (12 bytes).
    Removing bt_xbc_mb.o(.rev16_text), (4 bytes).
    Removing bt_xbc_mb.o(.revsh_text), (4 bytes).
    Removing bt_xbc_mb.o(.rrx_text), (6 bytes).
    Removing bt_xbc_mb.o(i.bt_xbc_get_button), (28 bytes).
    Removing bt_xbc_mb.o(i.bt_xbc_get_connection), (32 bytes).
    Removing bt_xbc_mb.o(i.bt_xbc_get_digital), (24 bytes).
    Removing bt_xbc_mb.o(i.bt_xbc_get_joy), (120 bytes).
    Removing bt_xbc_mb.o(i.bt_xbc_get_joy_raw), (12 bytes).
    Removing bt_xbc_mb.o(i.bt_xbc_mb_init), (18 bytes).
    Removing bt_xbc_mb.o(i.bt_xbc_receiver), (380 bytes).
    Removing bt_xbc_mb.o(i.get_bt_xbc_error_count), (12 bytes).
    Removing bt_xbc_mb.o(i.get_bt_xbc_last_recv), (12 bytes).
    Removing bt_xbc_mb.o(.bss), (44 bytes).
    Removing bt_xbc_mb.o(.constdata), (30 bytes).
    Removing bt_xbc_mb.o(.data), (20 bytes).
    Removing arm_cos_q15.o(.rev16_text), (4 bytes).
    Removing arm_cos_q15.o(.revsh_text), (4 bytes).
    Removing arm_cos_q15.o(.text), (168 bytes).
    Removing arm_cos_q15.o(.constdata), (518 bytes).
    Removing arm_sin_q15.o(.rev16_text), (4 bytes).
    Removing arm_sin_q15.o(.revsh_text), (4 bytes).
    Removing arm_sin_q15.o(.text), (164 bytes).
    Removing arm_sin_q15.o(.constdata), (518 bytes).
    Removing dadd.o(.text), (334 bytes).
    Removing dmul.o(.text), (228 bytes).
    Removing ddiv.o(.text), (222 bytes).
    Removing dflti.o(.text), (34 bytes).
    Removing dfixi.o(.text), (62 bytes).
    Removing depilogue.o(.text), (186 bytes).
    Removing dneg.o(.text), (6 bytes).
    Removing dfixul.o(.text), (48 bytes).
    Removing cdrcmple.o(.text), (48 bytes).
    Removing dfltui.o(.text), (26 bytes).
    Removing uart.o(i.uart_tx_byte_blocking), (36 bytes).
    Removing uart.o(i.uart_tx_byte), (76 bytes).

1287 unused section(s) (total 117827 bytes) removed from the image.

==============================================================================

Image Symbol Table

    Local Symbols

    Symbol Name                              Value     Ov Type        Size  Object(Section)

    ../clib/microlib/division.c              0x00000000   Number         0  uidiv.o ABSOLUTE
    ../clib/microlib/division.c              0x00000000   Number         0  uldiv.o ABSOLUTE
    ../clib/microlib/errno.c                 0x00000000   Number         0  errno.o ABSOLUTE
    ../clib/microlib/init/entry.s            0x00000000   Number         0  entry8a.o ABSOLUTE
    ../clib/microlib/init/entry.s            0x00000000   Number         0  entry8b.o ABSOLUTE
    ../clib/microlib/init/entry.s            0x00000000   Number         0  entry7b.o ABSOLUTE
    ../clib/microlib/init/entry.s            0x00000000   Number         0  entry11b.o ABSOLUTE
    ../clib/microlib/init/entry.s            0x00000000   Number         0  entry11a.o ABSOLUTE
    ../clib/microlib/init/entry.s            0x00000000   Number         0  entry10b.o ABSOLUTE
    ../clib/microlib/init/entry.s            0x00000000   Number         0  entry10a.o ABSOLUTE
    ../clib/microlib/init/entry.s            0x00000000   Number         0  entry5.o ABSOLUTE
    ../clib/microlib/init/entry.s            0x00000000   Number         0  entry7a.o ABSOLUTE
    ../clib/microlib/init/entry.s            0x00000000   Number         0  entry.o ABSOLUTE
    ../clib/microlib/init/entry.s            0x00000000   Number         0  entry2.o ABSOLUTE
    ../clib/microlib/init/entry.s            0x00000000   Number         0  entry9b.o ABSOLUTE
    ../clib/microlib/init/entry.s            0x00000000   Number         0  entry9a.o ABSOLUTE
    ../clib/microlib/longlong.c              0x00000000   Number         0  llshl.o ABSOLUTE
    ../clib/microlib/longlong.c              0x00000000   Number         0  llsshr.o ABSOLUTE
    ../clib/microlib/longlong.c              0x00000000   Number         0  llushr.o ABSOLUTE
    ../clib/microlib/printf/printf.c         0x00000000   Number         0  printfa.o ABSOLUTE
    ../clib/microlib/stdio/fputc.c           0x00000000   Number         0  fputc.o ABSOLUTE
    ../clib/microlib/stdio/semi.s            0x00000000   Number         0  semi.o ABSOLUTE
    ../clib/microlib/stdio/streams.c         0x00000000   Number         0  stdout.o ABSOLUTE
    ../clib/microlib/stubs.s                 0x00000000   Number         0  iusesemip.o ABSOLUTE
    ../clib/microlib/stubs.s                 0x00000000   Number         0  iusefp.o ABSOLUTE
    ../fplib/microlib/fpadd.c                0x00000000   Number         0  dadd.o ABSOLUTE
    ../fplib/microlib/fpdiv.c                0x00000000   Number         0  ddiv.o ABSOLUTE
    ../fplib/microlib/fpepilogue.c           0x00000000   Number         0  depilogue.o ABSOLUTE
    ../fplib/microlib/fpfix.c                0x00000000   Number         0  dfixi.o ABSOLUTE
    ../fplib/microlib/fpfix.c                0x00000000   Number         0  dfixul.o ABSOLUTE
    ../fplib/microlib/fpflt.c                0x00000000   Number         0  dfltui.o ABSOLUTE
    ../fplib/microlib/fpflt.c                0x00000000   Number         0  dflti.o ABSOLUTE
    ../fplib/microlib/fpmul.c                0x00000000   Number         0  dmul.o ABSOLUTE
    ../fplib/microlib/fpneg.c                0x00000000   Number         0  dneg.o ABSOLUTE
    ../mathlib/acosf.c                       0x00000000   Number         0  acosf_x.o ABSOLUTE
    ../mathlib/acosf.c                       0x00000000   Number         0  acosf.o ABSOLUTE
    ../mathlib/asinf.c                       0x00000000   Number         0  asinf_x.o ABSOLUTE
    ../mathlib/asinf.c                       0x00000000   Number         0  asinf.o ABSOLUTE
    ../mathlib/atan2f.c                      0x00000000   Number         0  atan2f.o ABSOLUTE
    ../mathlib/atan2f.c                      0x00000000   Number         0  atan2f_x.o ABSOLUTE
    ../mathlib/atanf.c                       0x00000000   Number         0  atanf.o ABSOLUTE
    ../mathlib/atanf.c                       0x00000000   Number         0  atanf_x.o ABSOLUTE
    ../mathlib/cos.c                         0x00000000   Number         0  cos_x.o ABSOLUTE
    ../mathlib/cos.c                         0x00000000   Number         0  cos.o ABSOLUTE
    ../mathlib/cos_i.c                       0x00000000   Number         0  cos_i.o ABSOLUTE
    ../mathlib/dunder.c                      0x00000000   Number         0  dunder.o ABSOLUTE
    ../mathlib/fabs.c                        0x00000000   Number         0  fabs.o ABSOLUTE
    ../mathlib/fpclassify.c                  0x00000000   Number         0  fpclassify.o ABSOLUTE
    ../mathlib/fpclassifyf.c                 0x00000000   Number         0  fpclassifyf.o ABSOLUTE
    ../mathlib/funder.c                      0x00000000   Number         0  funder.o ABSOLUTE
    ../mathlib/poly.c                        0x00000000   Number         0  poly.o ABSOLUTE
    ../mathlib/rred.c                        0x00000000   Number         0  rred.o ABSOLUTE
    ../mathlib/sin.c                         0x00000000   Number         0  sin.o ABSOLUTE
    ../mathlib/sin.c                         0x00000000   Number         0  sin_x.o ABSOLUTE
    ../mathlib/sin_i.c                       0x00000000   Number         0  sin_i_x.o ABSOLUTE
    ../mathlib/sin_i.c                       0x00000000   Number         0  sin_i.o ABSOLUTE
    ../mathlib/sqrtf.c                       0x00000000   Number         0  sqrtf.o ABSOLUTE
    ../mathlib/sqrtf.c                       0x00000000   Number         0  sqrtf_x.o ABSOLUTE
    ..\FastMathFunctions\arm_cos_q15.c       0x00000000   Number         0  arm_cos_q15.o ABSOLUTE
    ..\FastMathFunctions\arm_sin_q15.c       0x00000000   Number         0  arm_sin_q15.o ABSOLUTE
    ..\\FastMathFunctions\\arm_cos_q15.c     0x00000000   Number         0  arm_cos_q15.o ABSOLUTE
    ..\\FastMathFunctions\\arm_sin_q15.c     0x00000000   Number         0  arm_sin_q15.o ABSOLUTE
    absEnc.c                                 0x00000000   Number         0  absenc.o ABSOLUTE
    absEnc.c                                 0x00000000   Number         0  absenc.o ABSOLUTE
    cdrcmple.s                               0x00000000   Number         0  cdrcmple.o ABSOLUTE
    core\\adc.c                              0x00000000   Number         0  adc.o ABSOLUTE
    core\\approx_math.c                      0x00000000   Number         0  approx_math.o ABSOLUTE
    core\\can_protocol.c                     0x00000000   Number         0  can_protocol.o ABSOLUTE
    core\\encoder.c                          0x00000000   Number         0  encoder.o ABSOLUTE
    core\\gpio.c                             0x00000000   Number         0  gpio.o ABSOLUTE
    core\\pos_esti.c                         0x00000000   Number         0  pos_esti.o ABSOLUTE
    core\\servo.c                            0x00000000   Number         0  servo.o ABSOLUTE
    core\\spi_protocol.c                     0x00000000   Number         0  spi_protocol.o ABSOLUTE
    core\\ticks.c                            0x00000000   Number         0  ticks.o ABSOLUTE
    core\\trigon_math.c                      0x00000000   Number         0  trigon_math.o ABSOLUTE
    core\\uart.c                             0x00000000   Number         0  uart.o ABSOLUTE
    core\\vec.c                              0x00000000   Number         0  vec.o ABSOLUTE
    core\adc.c                               0x00000000   Number         0  adc.o ABSOLUTE
    core\approx_math.c                       0x00000000   Number         0  approx_math.o ABSOLUTE
    core\can_protocol.c                      0x00000000   Number         0  can_protocol.o ABSOLUTE
    core\encoder.c                           0x00000000   Number         0  encoder.o ABSOLUTE
    core\gpio.c                              0x00000000   Number         0  gpio.o ABSOLUTE
    core\pos_esti.c                          0x00000000   Number         0  pos_esti.o ABSOLUTE
    core\servo.c                             0x00000000   Number         0  servo.o ABSOLUTE
    core\spi_protocol.c                      0x00000000   Number         0  spi_protocol.o ABSOLUTE
    core\ticks.c                             0x00000000   Number         0  ticks.o ABSOLUTE
    core\trigon_math.c                       0x00000000   Number         0  trigon_math.o ABSOLUTE
    core\uart.c                              0x00000000   Number         0  uart.o ABSOLUTE
    core\vec.c                               0x00000000   Number         0  vec.o ABSOLUTE
    dac.c                                    0x00000000   Number         0  dac.o ABSOLUTE
    dac.c                                    0x00000000   Number         0  dac.o ABSOLUTE
    dc.s                                     0x00000000   Number         0  dc.o ABSOLUTE
    ext\LASER_DT50.c                         0x00000000   Number         0  laser_dt50.o ABSOLUTE
    ext\\LASER_DT50.c                        0x00000000   Number         0  laser_dt50.o ABSOLUTE
    ext\\bt_xbc_mb.c                         0x00000000   Number         0  bt_xbc_mb.o ABSOLUTE
    ext\\button.c                            0x00000000   Number         0  button.o ABSOLUTE
    ext\\buzzer.c                            0x00000000   Number         0  buzzer.o ABSOLUTE
    ext\\can_motor.c                         0x00000000   Number         0  can_motor.o ABSOLUTE
    ext\\can_xbc_mb.c                        0x00000000   Number         0  can_xbc_mb.o ABSOLUTE
    ext\\gpio_test.c                         0x00000000   Number         0  gpio_test.o ABSOLUTE
    ext\\gun_can_motor.c                     0x00000000   Number         0  gun_can_motor.o ABSOLUTE
    ext\\lcd_main.c                          0x00000000   Number         0  lcd_main.o ABSOLUTE
    ext\\led.c                               0x00000000   Number         0  led.o ABSOLUTE
    ext\\motor_control.c                     0x00000000   Number         0  motor_control.o ABSOLUTE
    ext\\pneumatic.c                         0x00000000   Number         0  pneumatic.o ABSOLUTE
    ext\\spi_xbc_mb.c                        0x00000000   Number         0  spi_xbc_mb.o ABSOLUTE
    ext\\timer.c                             0x00000000   Number         0  timer.o ABSOLUTE
    ext\\xbc_mb.c                            0x00000000   Number         0  xbc_mb.o ABSOLUTE
    ext\bt_xbc_mb.c                          0x00000000   Number         0  bt_xbc_mb.o ABSOLUTE
    ext\button.c                             0x00000000   Number         0  button.o ABSOLUTE
    ext\buzzer.c                             0x00000000   Number         0  buzzer.o ABSOLUTE
    ext\can_motor.c                          0x00000000   Number         0  can_motor.o ABSOLUTE
    ext\can_xbc_mb.c                         0x00000000   Number         0  can_xbc_mb.o ABSOLUTE
    ext\gpio_test.c                          0x00000000   Number         0  gpio_test.o ABSOLUTE
    ext\gun_can_motor.c                      0x00000000   Number         0  gun_can_motor.o ABSOLUTE
    ext\gyro.c                               0x00000000   Number         0  gyro.o ABSOLUTE
    ext\lcd_main.c                           0x00000000   Number         0  lcd_main.o ABSOLUTE
    ext\led.c                                0x00000000   Number         0  led.o ABSOLUTE
    ext\motor_control.c                      0x00000000   Number         0  motor_control.o ABSOLUTE
    ext\pneumatic.c                          0x00000000   Number         0  pneumatic.o ABSOLUTE
    ext\spi_xbc_mb.c                         0x00000000   Number         0  spi_xbc_mb.o ABSOLUTE
    ext\timer.c                              0x00000000   Number         0  timer.o ABSOLUTE
    ext\xbc_mb.c                             0x00000000   Number         0  xbc_mb.o ABSOLUTE
    handlers.s                               0x00000000   Number         0  handlers.o ABSOLUTE
    init.s                                   0x00000000   Number         0  init.o ABSOLUTE
    sys\Device\ST\STM32F4xx\Source\Templates\arm\startup_stm32f40_41xxx.s 0x00000000   Number         0  startup_stm32f40_41xxx.o ABSOLUTE
    sys\Libraries\STM32F4xx_StdPeriph_Driver\src\misc.c 0x00000000   Number         0  misc.o ABSOLUTE
    sys\Libraries\STM32F4xx_StdPeriph_Driver\src\stm32f4xx_adc.c 0x00000000   Number         0  stm32f4xx_adc.o ABSOLUTE
    sys\Libraries\STM32F4xx_StdPeriph_Driver\src\stm32f4xx_can.c 0x00000000   Number         0  stm32f4xx_can.o ABSOLUTE
    sys\Libraries\STM32F4xx_StdPeriph_Driver\src\stm32f4xx_cec.c 0x00000000   Number         0  stm32f4xx_cec.o ABSOLUTE
    sys\Libraries\STM32F4xx_StdPeriph_Driver\src\stm32f4xx_crc.c 0x00000000   Number         0  stm32f4xx_crc.o ABSOLUTE
    sys\Libraries\STM32F4xx_StdPeriph_Driver\src\stm32f4xx_cryp.c 0x00000000   Number         0  stm32f4xx_cryp.o ABSOLUTE
    sys\Libraries\STM32F4xx_StdPeriph_Driver\src\stm32f4xx_cryp_aes.c 0x00000000   Number         0  stm32f4xx_cryp_aes.o ABSOLUTE
    sys\Libraries\STM32F4xx_StdPeriph_Driver\src\stm32f4xx_cryp_des.c 0x00000000   Number         0  stm32f4xx_cryp_des.o ABSOLUTE
    sys\Libraries\STM32F4xx_StdPeriph_Driver\src\stm32f4xx_cryp_tdes.c 0x00000000   Number         0  stm32f4xx_cryp_tdes.o ABSOLUTE
    sys\Libraries\STM32F4xx_StdPeriph_Driver\src\stm32f4xx_dac.c 0x00000000   Number         0  stm32f4xx_dac.o ABSOLUTE
    sys\Libraries\STM32F4xx_StdPeriph_Driver\src\stm32f4xx_dbgmcu.c 0x00000000   Number         0  stm32f4xx_dbgmcu.o ABSOLUTE
    sys\Libraries\STM32F4xx_StdPeriph_Driver\src\stm32f4xx_dcmi.c 0x00000000   Number         0  stm32f4xx_dcmi.o ABSOLUTE
    sys\Libraries\STM32F4xx_StdPeriph_Driver\src\stm32f4xx_dma.c 0x00000000   Number         0  stm32f4xx_dma.o ABSOLUTE
    sys\Libraries\STM32F4xx_StdPeriph_Driver\src\stm32f4xx_dma2d.c 0x00000000   Number         0  stm32f4xx_dma2d.o ABSOLUTE
    sys\Libraries\STM32F4xx_StdPeriph_Driver\src\stm32f4xx_dsi.c 0x00000000   Number         0  stm32f4xx_dsi.o ABSOLUTE
    sys\Libraries\STM32F4xx_StdPeriph_Driver\src\stm32f4xx_exti.c 0x00000000   Number         0  stm32f4xx_exti.o ABSOLUTE
    sys\Libraries\STM32F4xx_StdPeriph_Driver\src\stm32f4xx_flash.c 0x00000000   Number         0  stm32f4xx_flash.o ABSOLUTE
    sys\Libraries\STM32F4xx_StdPeriph_Driver\src\stm32f4xx_flash_ramfunc.c 0x00000000   Number         0  stm32f4xx_flash_ramfunc.o ABSOLUTE
    sys\Libraries\STM32F4xx_StdPeriph_Driver\src\stm32f4xx_fmpi2c.c 0x00000000   Number         0  stm32f4xx_fmpi2c.o ABSOLUTE
    sys\Libraries\STM32F4xx_StdPeriph_Driver\src\stm32f4xx_fsmc.c 0x00000000   Number         0  stm32f4xx_fsmc.o ABSOLUTE
    sys\Libraries\STM32F4xx_StdPeriph_Driver\src\stm32f4xx_gpio.c 0x00000000   Number         0  stm32f4xx_gpio.o ABSOLUTE
    sys\Libraries\STM32F4xx_StdPeriph_Driver\src\stm32f4xx_hash.c 0x00000000   Number         0  stm32f4xx_hash.o ABSOLUTE
    sys\Libraries\STM32F4xx_StdPeriph_Driver\src\stm32f4xx_hash_md5.c 0x00000000   Number         0  stm32f4xx_hash_md5.o ABSOLUTE
    sys\Libraries\STM32F4xx_StdPeriph_Driver\src\stm32f4xx_hash_sha1.c 0x00000000   Number         0  stm32f4xx_hash_sha1.o ABSOLUTE
    sys\Libraries\STM32F4xx_StdPeriph_Driver\src\stm32f4xx_i2c.c 0x00000000   Number         0  stm32f4xx_i2c.o ABSOLUTE
    sys\Libraries\STM32F4xx_StdPeriph_Driver\src\stm32f4xx_iwdg.c 0x00000000   Number         0  stm32f4xx_iwdg.o ABSOLUTE
    sys\Libraries\STM32F4xx_StdPeriph_Driver\src\stm32f4xx_lptim.c 0x00000000   Number         0  stm32f4xx_lptim.o ABSOLUTE
    sys\Libraries\STM32F4xx_StdPeriph_Driver\src\stm32f4xx_ltdc.c 0x00000000   Number         0  stm32f4xx_ltdc.o ABSOLUTE
    sys\Libraries\STM32F4xx_StdPeriph_Driver\src\stm32f4xx_pwr.c 0x00000000   Number         0  stm32f4xx_pwr.o ABSOLUTE
    sys\Libraries\STM32F4xx_StdPeriph_Driver\src\stm32f4xx_qspi.c 0x00000000   Number         0  stm32f4xx_qspi.o ABSOLUTE
    sys\Libraries\STM32F4xx_StdPeriph_Driver\src\stm32f4xx_rcc.c 0x00000000   Number         0  stm32f4xx_rcc.o ABSOLUTE
    sys\Libraries\STM32F4xx_StdPeriph_Driver\src\stm32f4xx_rng.c 0x00000000   Number         0  stm32f4xx_rng.o ABSOLUTE
    sys\Libraries\STM32F4xx_StdPeriph_Driver\src\stm32f4xx_rtc.c 0x00000000   Number         0  stm32f4xx_rtc.o ABSOLUTE
    sys\Libraries\STM32F4xx_StdPeriph_Driver\src\stm32f4xx_sai.c 0x00000000   Number         0  stm32f4xx_sai.o ABSOLUTE
    sys\Libraries\STM32F4xx_StdPeriph_Driver\src\stm32f4xx_sdio.c 0x00000000   Number         0  stm32f4xx_sdio.o ABSOLUTE
    sys\Libraries\STM32F4xx_StdPeriph_Driver\src\stm32f4xx_spdifrx.c 0x00000000   Number         0  stm32f4xx_spdifrx.o ABSOLUTE
    sys\Libraries\STM32F4xx_StdPeriph_Driver\src\stm32f4xx_spi.c 0x00000000   Number         0  stm32f4xx_spi.o ABSOLUTE
    sys\Libraries\STM32F4xx_StdPeriph_Driver\src\stm32f4xx_syscfg.c 0x00000000   Number         0  stm32f4xx_syscfg.o ABSOLUTE
    sys\Libraries\STM32F4xx_StdPeriph_Driver\src\stm32f4xx_tim.c 0x00000000   Number         0  stm32f4xx_tim.o ABSOLUTE
    sys\Libraries\STM32F4xx_StdPeriph_Driver\src\stm32f4xx_usart.c 0x00000000   Number         0  stm32f4xx_usart.o ABSOLUTE
    sys\Libraries\STM32F4xx_StdPeriph_Driver\src\stm32f4xx_wwdg.c 0x00000000   Number         0  stm32f4xx_wwdg.o ABSOLUTE
    sys\\Libraries\\STM32F4xx_StdPeriph_Driver\\src\\misc.c 0x00000000   Number         0  misc.o ABSOLUTE
    sys\\Libraries\\STM32F4xx_StdPeriph_Driver\\src\\stm32f4xx_adc.c 0x00000000   Number         0  stm32f4xx_adc.o ABSOLUTE
    sys\\Libraries\\STM32F4xx_StdPeriph_Driver\\src\\stm32f4xx_can.c 0x00000000   Number         0  stm32f4xx_can.o ABSOLUTE
    sys\\Libraries\\STM32F4xx_StdPeriph_Driver\\src\\stm32f4xx_cec.c 0x00000000   Number         0  stm32f4xx_cec.o ABSOLUTE
    sys\\Libraries\\STM32F4xx_StdPeriph_Driver\\src\\stm32f4xx_crc.c 0x00000000   Number         0  stm32f4xx_crc.o ABSOLUTE
    sys\\Libraries\\STM32F4xx_StdPeriph_Driver\\src\\stm32f4xx_cryp.c 0x00000000   Number         0  stm32f4xx_cryp.o ABSOLUTE
    sys\\Libraries\\STM32F4xx_StdPeriph_Driver\\src\\stm32f4xx_cryp_aes.c 0x00000000   Number         0  stm32f4xx_cryp_aes.o ABSOLUTE
    sys\\Libraries\\STM32F4xx_StdPeriph_Driver\\src\\stm32f4xx_cryp_des.c 0x00000000   Number         0  stm32f4xx_cryp_des.o ABSOLUTE
    sys\\Libraries\\STM32F4xx_StdPeriph_Driver\\src\\stm32f4xx_cryp_tdes.c 0x00000000   Number         0  stm32f4xx_cryp_tdes.o ABSOLUTE
    sys\\Libraries\\STM32F4xx_StdPeriph_Driver\\src\\stm32f4xx_dac.c 0x00000000   Number         0  stm32f4xx_dac.o ABSOLUTE
    sys\\Libraries\\STM32F4xx_StdPeriph_Driver\\src\\stm32f4xx_dbgmcu.c 0x00000000   Number         0  stm32f4xx_dbgmcu.o ABSOLUTE
    sys\\Libraries\\STM32F4xx_StdPeriph_Driver\\src\\stm32f4xx_dcmi.c 0x00000000   Number         0  stm32f4xx_dcmi.o ABSOLUTE
    sys\\Libraries\\STM32F4xx_StdPeriph_Driver\\src\\stm32f4xx_dma.c 0x00000000   Number         0  stm32f4xx_dma.o ABSOLUTE
    sys\\Libraries\\STM32F4xx_StdPeriph_Driver\\src\\stm32f4xx_dma2d.c 0x00000000   Number         0  stm32f4xx_dma2d.o ABSOLUTE
    sys\\Libraries\\STM32F4xx_StdPeriph_Driver\\src\\stm32f4xx_dsi.c 0x00000000   Number         0  stm32f4xx_dsi.o ABSOLUTE
    sys\\Libraries\\STM32F4xx_StdPeriph_Driver\\src\\stm32f4xx_exti.c 0x00000000   Number         0  stm32f4xx_exti.o ABSOLUTE
    sys\\Libraries\\STM32F4xx_StdPeriph_Driver\\src\\stm32f4xx_flash.c 0x00000000   Number         0  stm32f4xx_flash.o ABSOLUTE
    sys\\Libraries\\STM32F4xx_StdPeriph_Driver\\src\\stm32f4xx_flash_ramfunc.c 0x00000000   Number         0  stm32f4xx_flash_ramfunc.o ABSOLUTE
    sys\\Libraries\\STM32F4xx_StdPeriph_Driver\\src\\stm32f4xx_fmpi2c.c 0x00000000   Number         0  stm32f4xx_fmpi2c.o ABSOLUTE
    sys\\Libraries\\STM32F4xx_StdPeriph_Driver\\src\\stm32f4xx_fsmc.c 0x00000000   Number         0  stm32f4xx_fsmc.o ABSOLUTE
    sys\\Libraries\\STM32F4xx_StdPeriph_Driver\\src\\stm32f4xx_gpio.c 0x00000000   Number         0  stm32f4xx_gpio.o ABSOLUTE
    sys\\Libraries\\STM32F4xx_StdPeriph_Driver\\src\\stm32f4xx_hash.c 0x00000000   Number         0  stm32f4xx_hash.o ABSOLUTE
    sys\\Libraries\\STM32F4xx_StdPeriph_Driver\\src\\stm32f4xx_hash_md5.c 0x00000000   Number         0  stm32f4xx_hash_md5.o ABSOLUTE
    sys\\Libraries\\STM32F4xx_StdPeriph_Driver\\src\\stm32f4xx_hash_sha1.c 0x00000000   Number         0  stm32f4xx_hash_sha1.o ABSOLUTE
    sys\\Libraries\\STM32F4xx_StdPeriph_Driver\\src\\stm32f4xx_i2c.c 0x00000000   Number         0  stm32f4xx_i2c.o ABSOLUTE
    sys\\Libraries\\STM32F4xx_StdPeriph_Driver\\src\\stm32f4xx_iwdg.c 0x00000000   Number         0  stm32f4xx_iwdg.o ABSOLUTE
    sys\\Libraries\\STM32F4xx_StdPeriph_Driver\\src\\stm32f4xx_lptim.c 0x00000000   Number         0  stm32f4xx_lptim.o ABSOLUTE
    sys\\Libraries\\STM32F4xx_StdPeriph_Driver\\src\\stm32f4xx_ltdc.c 0x00000000   Number         0  stm32f4xx_ltdc.o ABSOLUTE
    sys\\Libraries\\STM32F4xx_StdPeriph_Driver\\src\\stm32f4xx_pwr.c 0x00000000   Number         0  stm32f4xx_pwr.o ABSOLUTE
    sys\\Libraries\\STM32F4xx_StdPeriph_Driver\\src\\stm32f4xx_qspi.c 0x00000000   Number         0  stm32f4xx_qspi.o ABSOLUTE
    sys\\Libraries\\STM32F4xx_StdPeriph_Driver\\src\\stm32f4xx_rcc.c 0x00000000   Number         0  stm32f4xx_rcc.o ABSOLUTE
    sys\\Libraries\\STM32F4xx_StdPeriph_Driver\\src\\stm32f4xx_rng.c 0x00000000   Number         0  stm32f4xx_rng.o ABSOLUTE
    sys\\Libraries\\STM32F4xx_StdPeriph_Driver\\src\\stm32f4xx_rtc.c 0x00000000   Number         0  stm32f4xx_rtc.o ABSOLUTE
    sys\\Libraries\\STM32F4xx_StdPeriph_Driver\\src\\stm32f4xx_sai.c 0x00000000   Number         0  stm32f4xx_sai.o ABSOLUTE
    sys\\Libraries\\STM32F4xx_StdPeriph_Driver\\src\\stm32f4xx_sdio.c 0x00000000   Number         0  stm32f4xx_sdio.o ABSOLUTE
    sys\\Libraries\\STM32F4xx_StdPeriph_Driver\\src\\stm32f4xx_spdifrx.c 0x00000000   Number         0  stm32f4xx_spdifrx.o ABSOLUTE
    sys\\Libraries\\STM32F4xx_StdPeriph_Driver\\src\\stm32f4xx_spi.c 0x00000000   Number         0  stm32f4xx_spi.o ABSOLUTE
    sys\\Libraries\\STM32F4xx_StdPeriph_Driver\\src\\stm32f4xx_syscfg.c 0x00000000   Number         0  stm32f4xx_syscfg.o ABSOLUTE
    sys\\Libraries\\STM32F4xx_StdPeriph_Driver\\src\\stm32f4xx_tim.c 0x00000000   Number         0  stm32f4xx_tim.o ABSOLUTE
    sys\\Libraries\\STM32F4xx_StdPeriph_Driver\\src\\stm32f4xx_usart.c 0x00000000   Number         0  stm32f4xx_usart.o ABSOLUTE
    sys\\Libraries\\STM32F4xx_StdPeriph_Driver\\src\\stm32f4xx_wwdg.c 0x00000000   Number         0  stm32f4xx_wwdg.o ABSOLUTE
    sys\\stm32f4xx_it.c                      0x00000000   Number         0  stm32f4xx_it.o ABSOLUTE
    sys\\system_stm32f4xx.c                  0x00000000   Number         0  system_stm32f4xx.o ABSOLUTE
    sys\stm32f4xx_it.c                       0x00000000   Number         0  stm32f4xx_it.o ABSOLUTE
    sys\system_stm32f4xx.c                   0x00000000   Number         0  system_stm32f4xx.o ABSOLUTE
    user\\algorithm.c                        0x00000000   Number         0  algorithm.o ABSOLUTE
    user\\main.c                             0x00000000   Number         0  main.o ABSOLUTE
    user\\robot_control.c                    0x00000000   Number         0  robot_control.o ABSOLUTE
    user\algorithm.c                         0x00000000   Number         0  algorithm.o ABSOLUTE
    user\garuda_receiver.c                   0x00000000   Number         0  garuda_receiver.o ABSOLUTE
    user\garuda_tft.c                        0x00000000   Number         0  garuda_tft.o ABSOLUTE
    user\garuda_transmit.c                   0x00000000   Number         0  garuda_transmit.o ABSOLUTE
    user\main.c                              0x00000000   Number         0  main.o ABSOLUTE
    user\robot_control.c                     0x00000000   Number         0  robot_control.o ABSOLUTE
    RESET                                    0x08000000   Section      392  startup_stm32f40_41xxx.o(RESET)
    .ARM.Collect$$$$00000000                 0x08000188   Section        0  entry.o(.ARM.Collect$$$$00000000)
    .ARM.Collect$$$$00000001                 0x08000188   Section        4  entry2.o(.ARM.Collect$$$$00000001)
    .ARM.Collect$$$$00000004                 0x0800018c   Section        4  entry5.o(.ARM.Collect$$$$00000004)
    .ARM.Collect$$$$00000008                 0x08000190   Section        0  entry7b.o(.ARM.Collect$$$$00000008)
    .ARM.Collect$$$$0000000A                 0x08000190   Section        0  entry8b.o(.ARM.Collect$$$$0000000A)
    .ARM.Collect$$$$0000000B                 0x08000190   Section        8  entry9a.o(.ARM.Collect$$$$0000000B)
    .ARM.Collect$$$$0000000D                 0x08000198   Section        0  entry10a.o(.ARM.Collect$$$$0000000D)
    .ARM.Collect$$$$0000000F                 0x08000198   Section        0  entry11a.o(.ARM.Collect$$$$0000000F)
    .ARM.Collect$$$$00002712                 0x08000198   Section        4  entry2.o(.ARM.Collect$$$$00002712)
    __lit__00000000                          0x08000198   Data           4  entry2.o(.ARM.Collect$$$$00002712)
    .text                                    0x0800019c   Section       36  startup_stm32f40_41xxx.o(.text)
    $v0                                      0x0800019c   Number         0  startup_stm32f40_41xxx.o(.text)
    .text                                    0x080001c0   Section       36  init.o(.text)
    i.BusFault_Handler                       0x080001e4   Section        0  stm32f4xx_it.o(i.BusFault_Handler)
    i.CAN1_RX0_IRQHandler                    0x080001e8   Section        0  can_protocol.o(i.CAN1_RX0_IRQHandler)
    i.CAN1_RX1_IRQHandler                    0x08000240   Section        0  can_protocol.o(i.CAN1_RX1_IRQHandler)
    i.CAN1_TX_IRQHandler                     0x08000298   Section        0  can_protocol.o(i.CAN1_TX_IRQHandler)
    i.CAN2_RX0_IRQHandler                    0x080002c4   Section        0  can_protocol.o(i.CAN2_RX0_IRQHandler)
    i.CAN2_RX1_IRQHandler                    0x08000320   Section        0  can_protocol.o(i.CAN2_RX1_IRQHandler)
    i.CAN2_TX_IRQHandler                     0x0800037c   Section        0  can_protocol.o(i.CAN2_TX_IRQHandler)
    i.CAN_ClearITPendingBit                  0x080003a8   Section        0  stm32f4xx_can.o(i.CAN_ClearITPendingBit)
    i.CAN_GetITStatus                        0x08000450   Section        0  stm32f4xx_can.o(i.CAN_GetITStatus)
    i.CAN_Receive                            0x0800055c   Section        0  stm32f4xx_can.o(i.CAN_Receive)
    i.CheckITStatus                          0x0800061a   Section        0  stm32f4xx_can.o(i.CheckITStatus)
    CheckITStatus                            0x0800061b   Thumb Code    12  stm32f4xx_can.o(i.CheckITStatus)
    i.DAC_Cmd                                0x08000628   Section        0  stm32f4xx_dac.o(i.DAC_Cmd)
    i.DAC_DMACmd                             0x0800064c   Section        0  stm32f4xx_dac.o(i.DAC_DMACmd)
    i.DAC_Init                               0x08000670   Section        0  stm32f4xx_dac.o(i.DAC_Init)
    i.DAC_SetChannel1Data                    0x080006a8   Section        0  stm32f4xx_dac.o(i.DAC_SetChannel1Data)
    i.DAC_TIM4_Config                        0x080006c0   Section        0  dac.o(i.DAC_TIM4_Config)
    i.DAC_enable                             0x08000708   Section        0  dac.o(i.DAC_enable)
    i.DAC_enable_init                        0x080007e4   Section        0  dac.o(i.DAC_enable_init)
    i.DMA2_Stream0_IRQHandler                0x08000820   Section        0  adc.o(i.DMA2_Stream0_IRQHandler)
    i.DMA_ClearITPendingBit                  0x08000840   Section        0  stm32f4xx_dma.o(i.DMA_ClearITPendingBit)
    i.DMA_Cmd                                0x08000870   Section        0  stm32f4xx_dma.o(i.DMA_Cmd)
    i.DMA_DeInit                             0x08000888   Section        0  stm32f4xx_dma.o(i.DMA_DeInit)
    i.DMA_Init                               0x08000a10   Section        0  stm32f4xx_dma.o(i.DMA_Init)
    i.DebugMon_Handler                       0x08000a8c   Section        0  stm32f4xx_it.o(i.DebugMon_Handler)
    i.EXTI15_10_IRQHandler                   0x08000a8e   Section        0  spi_xbc_mb.o(i.EXTI15_10_IRQHandler)
    i.EXTI_ClearITPendingBit                 0x08000ab0   Section        0  stm32f4xx_exti.o(i.EXTI_ClearITPendingBit)
    i.EXTI_GetITStatus                       0x08000abc   Section        0  stm32f4xx_exti.o(i.EXTI_GetITStatus)
    i.GPIO_Init                              0x08000ad0   Section        0  stm32f4xx_gpio.o(i.GPIO_Init)
    i.GPIO_ReadInputDataBit                  0x08000b66   Section        0  stm32f4xx_gpio.o(i.GPIO_ReadInputDataBit)
    i.GPIO_ReadOutputDataBit                 0x08000b74   Section        0  stm32f4xx_gpio.o(i.GPIO_ReadOutputDataBit)
    i.GPIO_StructInit                        0x08000b82   Section        0  stm32f4xx_gpio.o(i.GPIO_StructInit)
    i.GPIO_WriteBit                          0x08000b94   Section        0  stm32f4xx_gpio.o(i.GPIO_WriteBit)
    i.HardFault_Handler                      0x08000ba0   Section        0  stm32f4xx_it.o(i.HardFault_Handler)
    i.MemManage_Handler                      0x08000ba2   Section        0  stm32f4xx_it.o(i.MemManage_Handler)
    i.NMI_Handler                            0x08000ba4   Section        0  stm32f4xx_it.o(i.NMI_Handler)
    i.NVIC_Init                              0x08000ba8   Section        0  misc.o(i.NVIC_Init)
    i.PendSV_Handler                         0x08000c1c   Section        0  stm32f4xx_it.o(i.PendSV_Handler)
    i.RCC_AHB1PeriphClockCmd                 0x08000c20   Section        0  stm32f4xx_rcc.o(i.RCC_AHB1PeriphClockCmd)
    i.RCC_APB1PeriphClockCmd                 0x08000c3c   Section        0  stm32f4xx_rcc.o(i.RCC_APB1PeriphClockCmd)
    i.RCC_APB1PeriphResetCmd                 0x08000c58   Section        0  stm32f4xx_rcc.o(i.RCC_APB1PeriphResetCmd)
    i.RCC_APB2PeriphResetCmd                 0x08000c74   Section        0  stm32f4xx_rcc.o(i.RCC_APB2PeriphResetCmd)
    i.SPI1_IRQHandler                        0x08000c90   Section        0  spi_protocol.o(i.SPI1_IRQHandler)
    i.SPI2_IRQHandler                        0x08000cc0   Section        0  spi_protocol.o(i.SPI2_IRQHandler)
    i.SPI3_IRQHandler                        0x08000cf0   Section        0  spi_protocol.o(i.SPI3_IRQHandler)
    i.SPI_I2S_GetITStatus                    0x08000d20   Section        0  stm32f4xx_spi.o(i.SPI_I2S_GetITStatus)
    i.SPI_I2S_ReceiveData                    0x08000d4e   Section        0  stm32f4xx_spi.o(i.SPI_I2S_ReceiveData)
    i.SPI_NSSInternalSoftwareConfig          0x08000d52   Section        0  stm32f4xx_spi.o(i.SPI_NSSInternalSoftwareConfig)
    i.SVC_Handler                            0x08000d6e   Section        0  stm32f4xx_it.o(i.SVC_Handler)
    i.SetSysClock                            0x08000d70   Section        0  system_stm32f4xx.o(i.SetSysClock)
    SetSysClock                              0x08000d71   Thumb Code   188  system_stm32f4xx.o(i.SetSysClock)
    i.SysTick_Handler                        0x08000e4c   Section        0  stm32f4xx_it.o(i.SysTick_Handler)
    i.SystemCoreClockUpdate                  0x08000e50   Section        0  system_stm32f4xx.o(i.SystemCoreClockUpdate)
    i.SystemInit                             0x08000ee0   Section        0  system_stm32f4xx.o(i.SystemInit)
    i.TIM2_IRQHandler                        0x08000f40   Section        0  ticks.o(i.TIM2_IRQHandler)
    i.TIM5_IRQHandler                        0x08000f68   Section        0  pos_esti.o(i.TIM5_IRQHandler)
    i.TIM7_IRQHandler                        0x08000f74   Section        0  timer.o(i.TIM7_IRQHandler)
    i.TIM_ClearITPendingBit                  0x0800106c   Section        0  stm32f4xx_tim.o(i.TIM_ClearITPendingBit)
    i.TIM_Cmd                                0x08001072   Section        0  stm32f4xx_tim.o(i.TIM_Cmd)
    i.TIM_DeInit                             0x0800108a   Section        0  stm32f4xx_tim.o(i.TIM_DeInit)
    i.TIM_GetITStatus                        0x08001240   Section        0  stm32f4xx_tim.o(i.TIM_GetITStatus)
    i.TIM_ITConfig                           0x08001256   Section        0  stm32f4xx_tim.o(i.TIM_ITConfig)
    i.TIM_SelectOutputTrigger                0x0800126c   Section        0  stm32f4xx_tim.o(i.TIM_SelectOutputTrigger)
    i.TIM_SetAutoreload                      0x0800127c   Section        0  stm32f4xx_tim.o(i.TIM_SetAutoreload)
    i.TIM_SetCounter                         0x08001280   Section        0  stm32f4xx_tim.o(i.TIM_SetCounter)
    i.TIM_TimeBaseInit                       0x08001284   Section        0  stm32f4xx_tim.o(i.TIM_TimeBaseInit)
    i.USART3_IRQHandler                      0x08001304   Section        0  uart.o(i.USART3_IRQHandler)
    i.USART_ClearITPendingBit                0x080013a4   Section        0  stm32f4xx_usart.o(i.USART_ClearITPendingBit)
    i.USART_GetFlagStatus                    0x080013b6   Section        0  stm32f4xx_usart.o(i.USART_GetFlagStatus)
    i.USART_GetITStatus                      0x080013c4   Section        0  stm32f4xx_usart.o(i.USART_GetITStatus)
    i.USART_ReceiveData                      0x0800140c   Section        0  stm32f4xx_usart.o(i.USART_ReceiveData)
    i.UsageFault_Handler                     0x08001414   Section        0  stm32f4xx_it.o(i.UsageFault_Handler)
    i.__scatterload_copy                     0x08001416   Section       14  handlers.o(i.__scatterload_copy)
    i.__scatterload_null                     0x08001424   Section        2  handlers.o(i.__scatterload_null)
    i.__scatterload_zeroinit                 0x08001426   Section       14  handlers.o(i.__scatterload_zeroinit)
    i.btn_init                               0x08001434   Section        0  button.o(i.btn_init)
    i.btn_onclick                            0x08001460   Section        0  button.o(i.btn_onclick)
    i.btn_pressed                            0x08001480   Section        0  button.o(i.btn_pressed)
    i.btn_update                             0x080014b4   Section        0  button.o(i.btn_update)
    i.can1_tx_dequeue                        0x080014fc   Section        0  can_protocol.o(i.can1_tx_dequeue)
    can1_tx_dequeue                          0x080014fd   Thumb Code   294  can_protocol.o(i.can1_tx_dequeue)
    i.can2_tx_dequeue                        0x0800163c   Section        0  can_protocol.o(i.can2_tx_dequeue)
    can2_tx_dequeue                          0x0800163d   Thumb Code   294  can_protocol.o(i.can2_tx_dequeue)
    i.dac_init                               0x0800177c   Section        0  dac.o(i.dac_init)
    i.get_can_queue_size                     0x080018d0   Section        0  can_protocol.o(i.get_can_queue_size)
    i.get_uart_queue_size                    0x080018fc   Section        0  uart.o(i.get_uart_queue_size)
    i.gpio_input_init                        0x08001928   Section        0  gpio.o(i.gpio_input_init)
    i.gpio_output_init                       0x08001950   Section        0  gpio.o(i.gpio_output_init)
    i.gpio_rcc_init                          0x08001984   Section        0  gpio.o(i.gpio_rcc_init)
    i.gpio_read_input                        0x080019f8   Section        0  gpio.o(i.gpio_read_input)
    i.gpio_toggle                            0x08001a00   Section        0  gpio.o(i.gpio_toggle)
    i.led_blink                              0x08001a20   Section        0  led.o(i.led_blink)
    i.led_init                               0x08001a30   Section        0  led.o(i.led_init)
    i.main                                   0x08001a58   Section        0  main.o(i.main)
    i.spi_xbc_update_ssi                     0x08001ae0   Section        0  spi_xbc_mb.o(i.spi_xbc_update_ssi)
    spi_xbc_update_ssi                       0x08001ae1   Thumb Code    44  spi_xbc_mb.o(i.spi_xbc_update_ssi)
    i.ticks_init                             0x08001b14   Section        0  ticks.o(i.ticks_init)
    .constdata                               0x08001b7c   Section       20  uart.o(.constdata)
    UARTPorts                                0x08001b7c   Data          20  uart.o(.constdata)
    .constdata                               0x08001b90   Section        8  gpio.o(.constdata)
    .constdata                               0x08001b98   Section        8  gpio.o(.constdata)
    .constdata                               0x08001ba0   Section        8  gpio.o(.constdata)
    .constdata                               0x08001ba8   Section        8  gpio.o(.constdata)
    .constdata                               0x08001bb0   Section        8  gpio.o(.constdata)
    .constdata                               0x08001bb8   Section      896  dac.o(.constdata)
    .constdata                               0x08001f38   Section      448  dac.o(.constdata)
    .constdata                               0x080020f8   Section      224  dac.o(.constdata)
    .constdata                               0x080021d8   Section       84  dac.o(.constdata)
    .constdata                               0x0800222c   Section        8  button.o(.constdata)
    BUTTONS                                  0x0800222c   Data           8  button.o(.constdata)
    .data                                    0x20000000   Section       24  system_stm32f4xx.o(.data)
    .data                                    0x20000018   Section       12  main.o(.data)
    .data                                    0x20000024   Section       14  adc.o(.data)
    .data                                    0x20000034   Section       36  can_protocol.o(.data)
    CAN_filter_count                         0x20000034   Data           2  can_protocol.o(.data)
    CAN_max_filter                           0x20000036   Data           2  can_protocol.o(.data)
    can_tx_dequeue                           0x20000038   Data           8  can_protocol.o(.data)
    CAN_queue_max_size                       0x20000040   Data           8  can_protocol.o(.data)
    .data                                    0x20000058   Section       16  uart.o(.data)
    tx_buf_max_size                          0x20000058   Data           4  uart.o(.data)
    rxListeners                              0x2000005c   Data           4  uart.o(.data)
    tx_queue                                 0x20000060   Data           8  uart.o(.data)
    .data                                    0x20000068   Section        4  ticks.o(.data)
    .data                                    0x2000006c   Section       26  dac.o(.data)
    .data                                    0x20000088   Section       20  button.o(.data)
    btn_state                                0x20000088   Data           1  button.o(.data)
    clickListeners                           0x2000008c   Data           4  button.o(.data)
    releaseListeners                         0x20000090   Data           4  button.o(.data)
    holdListeners                            0x20000094   Data           8  button.o(.data)
    .data                                    0x2000009c   Section        4  led.o(.data)
    LEDs                                     0x2000009c   Data           4  led.o(.data)
    .data                                    0x200000a0   Section        4  timer.o(.data)
    running                                  0x200000a0   Data           1  timer.o(.data)
    size                                     0x200000a2   Data           2  timer.o(.data)
    .data                                    0x200000a4   Section       24  spi_xbc_mb.o(.data)
    xbc_connection                           0x200000a4   Data           1  spi_xbc_mb.o(.data)
    xbc_back_buttons                         0x200000a6   Data           2  spi_xbc_mb.o(.data)
    xbc_nss                                  0x200000a8   Data           4  spi_xbc_mb.o(.data)
    xbc_digital                              0x200000ac   Data           4  spi_xbc_mb.o(.data)
    pointer                                  0x200000b0   Data           4  spi_xbc_mb.o(.data)
    error_count                              0x200000b4   Data           4  spi_xbc_mb.o(.data)
    last_recv                                0x200000b8   Data           4  spi_xbc_mb.o(.data)
    .bss                                     0x200000bc   Section      112  can_protocol.o(.bss)
    .bss                                     0x2000012c   Section     1200  can_protocol.o(.bss)
    CAN1_tx_queue_items                      0x2000012c   Data        1200  can_protocol.o(.bss)
    .bss                                     0x200005dc   Section     1200  can_protocol.o(.bss)
    CAN2_tx_queue_items                      0x200005dc   Data        1200  can_protocol.o(.bss)
    .bss                                     0x20000a8c   Section       64  uart.o(.bss)
    tx_buf_item_1                            0x20000a8c   Data          64  uart.o(.bss)
    .bss                                     0x20000acc   Section       12  spi_protocol.o(.bss)
    SpiRxListenerList                        0x20000acc   Data          12  spi_protocol.o(.bss)
    .bss                                     0x20000ad8   Section      400  timer.o(.bss)
    actions                                  0x20000ad8   Data         400  timer.o(.bss)
    STACK                                    0x20000c68   Section     2048  startup_stm32f40_41xxx.o(STACK)

    Global Symbols

    Symbol Name                              Value     Ov Type        Size  Object(Section)

    BuildAttributes$$THM_ISAv4$E$P$D$K$B$S$7EM$VFPi3$EXTD16$VFPS$VFMA$PE$A:L22UL41UL21$X:L11$S22US41US21$IEEE1$IW$USESV6$~STKCKD$USESV7$~SHL$OTIME$ROPI$IEEEX$EBA8$MICROLIB$REQ8$PRES8$EABIv2 0x00000000   Number         0  anon$$obj.o ABSOLUTE
    __ARM_use_no_argv                        0x00000000   Number         0  main.o ABSOLUTE
    __cpp_initialize__aeabi_                  - Undefined Weak Reference
    __cxa_finalize                            - Undefined Weak Reference
    __decompress                              - Undefined Weak Reference
    _clock_init                               - Undefined Weak Reference
    _microlib_exit                            - Undefined Weak Reference
    __Vectors_Size                           0x00000188   Number         0  startup_stm32f40_41xxx.o ABSOLUTE
    __Vectors                                0x08000000   Data           4  startup_stm32f40_41xxx.o(RESET)
    __Vectors_End                            0x08000188   Data           0  startup_stm32f40_41xxx.o(RESET)
    __main                                   0x08000189   Thumb Code     0  entry.o(.ARM.Collect$$$$00000000)
    _main_stk                                0x08000189   Thumb Code     0  entry2.o(.ARM.Collect$$$$00000001)
    _main_scatterload                        0x0800018d   Thumb Code     0  entry5.o(.ARM.Collect$$$$00000004)
    __main_after_scatterload                 0x08000191   Thumb Code     0  entry5.o(.ARM.Collect$$$$00000004)
    _main_clock                              0x08000191   Thumb Code     0  entry7b.o(.ARM.Collect$$$$00000008)
    _main_cpp_init                           0x08000191   Thumb Code     0  entry8b.o(.ARM.Collect$$$$0000000A)
    _main_init                               0x08000191   Thumb Code     0  entry9a.o(.ARM.Collect$$$$0000000B)
    __rt_final_cpp                           0x08000199   Thumb Code     0  entry10a.o(.ARM.Collect$$$$0000000D)
    __rt_final_exit                          0x08000199   Thumb Code     0  entry11a.o(.ARM.Collect$$$$0000000F)
    Reset_Handler                            0x0800019d   Thumb Code     8  startup_stm32f40_41xxx.o(.text)
    ADC_IRQHandler                           0x080001b7   Thumb Code     0  startup_stm32f40_41xxx.o(.text)
    CAN1_SCE_IRQHandler                      0x080001b7   Thumb Code     0  startup_stm32f40_41xxx.o(.text)
    CAN2_SCE_IRQHandler                      0x080001b7   Thumb Code     0  startup_stm32f40_41xxx.o(.text)
    CRYP_IRQHandler                          0x080001b7   Thumb Code     0  startup_stm32f40_41xxx.o(.text)
    DCMI_IRQHandler                          0x080001b7   Thumb Code     0  startup_stm32f40_41xxx.o(.text)
    DMA1_Stream0_IRQHandler                  0x080001b7   Thumb Code     0  startup_stm32f40_41xxx.o(.text)
    DMA1_Stream1_IRQHandler                  0x080001b7   Thumb Code     0  startup_stm32f40_41xxx.o(.text)
    DMA1_Stream2_IRQHandler                  0x080001b7   Thumb Code     0  startup_stm32f40_41xxx.o(.text)
    DMA1_Stream3_IRQHandler                  0x080001b7   Thumb Code     0  startup_stm32f40_41xxx.o(.text)
    DMA1_Stream4_IRQHandler                  0x080001b7   Thumb Code     0  startup_stm32f40_41xxx.o(.text)
    DMA1_Stream5_IRQHandler                  0x080001b7   Thumb Code     0  startup_stm32f40_41xxx.o(.text)
    DMA1_Stream6_IRQHandler                  0x080001b7   Thumb Code     0  startup_stm32f40_41xxx.o(.text)
    DMA1_Stream7_IRQHandler                  0x080001b7   Thumb Code     0  startup_stm32f40_41xxx.o(.text)
    DMA2_Stream1_IRQHandler                  0x080001b7   Thumb Code     0  startup_stm32f40_41xxx.o(.text)
    DMA2_Stream2_IRQHandler                  0x080001b7   Thumb Code     0  startup_stm32f40_41xxx.o(.text)
    DMA2_Stream3_IRQHandler                  0x080001b7   Thumb Code     0  startup_stm32f40_41xxx.o(.text)
    DMA2_Stream4_IRQHandler                  0x080001b7   Thumb Code     0  startup_stm32f40_41xxx.o(.text)
    DMA2_Stream5_IRQHandler                  0x080001b7   Thumb Code     0  startup_stm32f40_41xxx.o(.text)
    DMA2_Stream6_IRQHandler                  0x080001b7   Thumb Code     0  startup_stm32f40_41xxx.o(.text)
    DMA2_Stream7_IRQHandler                  0x080001b7   Thumb Code     0  startup_stm32f40_41xxx.o(.text)
    ETH_IRQHandler                           0x080001b7   Thumb Code     0  startup_stm32f40_41xxx.o(.text)
    ETH_WKUP_IRQHandler                      0x080001b7   Thumb Code     0  startup_stm32f40_41xxx.o(.text)
    EXTI0_IRQHandler                         0x080001b7   Thumb Code     0  startup_stm32f40_41xxx.o(.text)
    EXTI1_IRQHandler                         0x080001b7   Thumb Code     0  startup_stm32f40_41xxx.o(.text)
    EXTI2_IRQHandler                         0x080001b7   Thumb Code     0  startup_stm32f40_41xxx.o(.text)
    EXTI3_IRQHandler                         0x080001b7   Thumb Code     0  startup_stm32f40_41xxx.o(.text)
    EXTI4_IRQHandler                         0x080001b7   Thumb Code     0  startup_stm32f40_41xxx.o(.text)
    EXTI9_5_IRQHandler                       0x080001b7   Thumb Code     0  startup_stm32f40_41xxx.o(.text)
    FLASH_IRQHandler                         0x080001b7   Thumb Code     0  startup_stm32f40_41xxx.o(.text)
    FPU_IRQHandler                           0x080001b7   Thumb Code     0  startup_stm32f40_41xxx.o(.text)
    FSMC_IRQHandler                          0x080001b7   Thumb Code     0  startup_stm32f40_41xxx.o(.text)
    HASH_RNG_IRQHandler                      0x080001b7   Thumb Code     0  startup_stm32f40_41xxx.o(.text)
    I2C1_ER_IRQHandler                       0x080001b7   Thumb Code     0  startup_stm32f40_41xxx.o(.text)
    I2C1_EV_IRQHandler                       0x080001b7   Thumb Code     0  startup_stm32f40_41xxx.o(.text)
    I2C2_ER_IRQHandler                       0x080001b7   Thumb Code     0  startup_stm32f40_41xxx.o(.text)
    I2C2_EV_IRQHandler                       0x080001b7   Thumb Code     0  startup_stm32f40_41xxx.o(.text)
    I2C3_ER_IRQHandler                       0x080001b7   Thumb Code     0  startup_stm32f40_41xxx.o(.text)
    I2C3_EV_IRQHandler                       0x080001b7   Thumb Code     0  startup_stm32f40_41xxx.o(.text)
    OTG_FS_IRQHandler                        0x080001b7   Thumb Code     0  startup_stm32f40_41xxx.o(.text)
    OTG_FS_WKUP_IRQHandler                   0x080001b7   Thumb Code     0  startup_stm32f40_41xxx.o(.text)
    OTG_HS_EP1_IN_IRQHandler                 0x080001b7   Thumb Code     0  startup_stm32f40_41xxx.o(.text)
    OTG_HS_EP1_OUT_IRQHandler                0x080001b7   Thumb Code     0  startup_stm32f40_41xxx.o(.text)
    OTG_HS_IRQHandler                        0x080001b7   Thumb Code     0  startup_stm32f40_41xxx.o(.text)
    OTG_HS_WKUP_IRQHandler                   0x080001b7   Thumb Code     0  startup_stm32f40_41xxx.o(.text)
    PVD_IRQHandler                           0x080001b7   Thumb Code     0  startup_stm32f40_41xxx.o(.text)
    RCC_IRQHandler                           0x080001b7   Thumb Code     0  startup_stm32f40_41xxx.o(.text)
    RTC_Alarm_IRQHandler                     0x080001b7   Thumb Code     0  startup_stm32f40_41xxx.o(.text)
    RTC_WKUP_IRQHandler                      0x080001b7   Thumb Code     0  startup_stm32f40_41xxx.o(.text)
    SDIO_IRQHandler                          0x080001b7   Thumb Code     0  startup_stm32f40_41xxx.o(.text)
    TAMP_STAMP_IRQHandler                    0x080001b7   Thumb Code     0  startup_stm32f40_41xxx.o(.text)
    TIM1_BRK_TIM9_IRQHandler                 0x080001b7   Thumb Code     0  startup_stm32f40_41xxx.o(.text)
    TIM1_CC_IRQHandler                       0x080001b7   Thumb Code     0  startup_stm32f40_41xxx.o(.text)
    TIM1_TRG_COM_TIM11_IRQHandler            0x080001b7   Thumb Code     0  startup_stm32f40_41xxx.o(.text)
    TIM1_UP_TIM10_IRQHandler                 0x080001b7   Thumb Code     0  startup_stm32f40_41xxx.o(.text)
    TIM3_IRQHandler                          0x080001b7   Thumb Code     0  startup_stm32f40_41xxx.o(.text)
    TIM4_IRQHandler                          0x080001b7   Thumb Code     0  startup_stm32f40_41xxx.o(.text)
    TIM6_DAC_IRQHandler                      0x080001b7   Thumb Code     0  startup_stm32f40_41xxx.o(.text)
    TIM8_BRK_TIM12_IRQHandler                0x080001b7   Thumb Code     0  startup_stm32f40_41xxx.o(.text)
    TIM8_CC_IRQHandler                       0x080001b7   Thumb Code     0  startup_stm32f40_41xxx.o(.text)
    TIM8_TRG_COM_TIM14_IRQHandler            0x080001b7   Thumb Code     0  startup_stm32f40_41xxx.o(.text)
    TIM8_UP_TIM13_IRQHandler                 0x080001b7   Thumb Code     0  startup_stm32f40_41xxx.o(.text)
    UART4_IRQHandler                         0x080001b7   Thumb Code     0  startup_stm32f40_41xxx.o(.text)
    UART5_IRQHandler                         0x080001b7   Thumb Code     0  startup_stm32f40_41xxx.o(.text)
    USART1_IRQHandler                        0x080001b7   Thumb Code     0  startup_stm32f40_41xxx.o(.text)
    USART2_IRQHandler                        0x080001b7   Thumb Code     0  startup_stm32f40_41xxx.o(.text)
    USART6_IRQHandler                        0x080001b7   Thumb Code     0  startup_stm32f40_41xxx.o(.text)
    WWDG_IRQHandler                          0x080001b7   Thumb Code     0  startup_stm32f40_41xxx.o(.text)
    __scatterload                            0x080001c1   Thumb Code    28  init.o(.text)
    __scatterload_rt2                        0x080001c1   Thumb Code     0  init.o(.text)
    BusFault_Handler                         0x080001e5   Thumb Code     2  stm32f4xx_it.o(i.BusFault_Handler)
    CAN1_RX0_IRQHandler                      0x080001e9   Thumb Code    74  can_protocol.o(i.CAN1_RX0_IRQHandler)
    CAN1_RX1_IRQHandler                      0x08000241   Thumb Code    74  can_protocol.o(i.CAN1_RX1_IRQHandler)
    CAN1_TX_IRQHandler                       0x08000299   Thumb Code    36  can_protocol.o(i.CAN1_TX_IRQHandler)
    CAN2_RX0_IRQHandler                      0x080002c5   Thumb Code    80  can_protocol.o(i.CAN2_RX0_IRQHandler)
    CAN2_RX1_IRQHandler                      0x08000321   Thumb Code    80  can_protocol.o(i.CAN2_RX1_IRQHandler)
    CAN2_TX_IRQHandler                       0x0800037d   Thumb Code    36  can_protocol.o(i.CAN2_TX_IRQHandler)
    CAN_ClearITPendingBit                    0x080003a9   Thumb Code   164  stm32f4xx_can.o(i.CAN_ClearITPendingBit)
    CAN_GetITStatus                          0x08000451   Thumb Code   264  stm32f4xx_can.o(i.CAN_GetITStatus)
    CAN_Receive                              0x0800055d   Thumb Code   190  stm32f4xx_can.o(i.CAN_Receive)
    DAC_Cmd                                  0x08000629   Thumb Code    30  stm32f4xx_dac.o(i.DAC_Cmd)
    DAC_DMACmd                               0x0800064d   Thumb Code    30  stm32f4xx_dac.o(i.DAC_DMACmd)
    DAC_Init                                 0x08000671   Thumb Code    50  stm32f4xx_dac.o(i.DAC_Init)
    DAC_SetChannel1Data                      0x080006a9   Thumb Code    22  stm32f4xx_dac.o(i.DAC_SetChannel1Data)
    DAC_TIM4_Config                          0x080006c1   Thumb Code    66  dac.o(i.DAC_TIM4_Config)
    DAC_enable                               0x08000709   Thumb Code   216  dac.o(i.DAC_enable)
    DAC_enable_init                          0x080007e5   Thumb Code    50  dac.o(i.DAC_enable_init)
    DMA2_Stream0_IRQHandler                  0x08000821   Thumb Code    18  adc.o(i.DMA2_Stream0_IRQHandler)
    DMA_ClearITPendingBit                    0x08000841   Thumb Code    32  stm32f4xx_dma.o(i.DMA_ClearITPendingBit)
    DMA_Cmd                                  0x08000871   Thumb Code    24  stm32f4xx_dma.o(i.DMA_Cmd)
    DMA_DeInit                               0x08000889   Thumb Code   302  stm32f4xx_dma.o(i.DMA_DeInit)
    DMA_Init                                 0x08000a11   Thumb Code   120  stm32f4xx_dma.o(i.DMA_Init)
    DebugMon_Handler                         0x08000a8d   Thumb Code     2  stm32f4xx_it.o(i.DebugMon_Handler)
    EXTI15_10_IRQHandler                     0x08000a8f   Thumb Code    32  spi_xbc_mb.o(i.EXTI15_10_IRQHandler)
    EXTI_ClearITPendingBit                   0x08000ab1   Thumb Code     6  stm32f4xx_exti.o(i.EXTI_ClearITPendingBit)
    EXTI_GetITStatus                         0x08000abd   Thumb Code    16  stm32f4xx_exti.o(i.EXTI_GetITStatus)
    GPIO_Init                                0x08000ad1   Thumb Code   150  stm32f4xx_gpio.o(i.GPIO_Init)
    GPIO_ReadInputDataBit                    0x08000b67   Thumb Code    14  stm32f4xx_gpio.o(i.GPIO_ReadInputDataBit)
    GPIO_ReadOutputDataBit                   0x08000b75   Thumb Code    14  stm32f4xx_gpio.o(i.GPIO_ReadOutputDataBit)
    GPIO_StructInit                          0x08000b83   Thumb Code    18  stm32f4xx_gpio.o(i.GPIO_StructInit)
    GPIO_WriteBit                            0x08000b95   Thumb Code    12  stm32f4xx_gpio.o(i.GPIO_WriteBit)
    HardFault_Handler                        0x08000ba1   Thumb Code     2  stm32f4xx_it.o(i.HardFault_Handler)
    MemManage_Handler                        0x08000ba3   Thumb Code     2  stm32f4xx_it.o(i.MemManage_Handler)
    NMI_Handler                              0x08000ba5   Thumb Code     2  stm32f4xx_it.o(i.NMI_Handler)
    NVIC_Init                                0x08000ba9   Thumb Code   112  misc.o(i.NVIC_Init)
    PendSV_Handler                           0x08000c1d   Thumb Code     2  stm32f4xx_it.o(i.PendSV_Handler)
    RCC_AHB1PeriphClockCmd                   0x08000c21   Thumb Code    24  stm32f4xx_rcc.o(i.RCC_AHB1PeriphClockCmd)
    RCC_APB1PeriphClockCmd                   0x08000c3d   Thumb Code    24  stm32f4xx_rcc.o(i.RCC_APB1PeriphClockCmd)
    RCC_APB1PeriphResetCmd                   0x08000c59   Thumb Code    24  stm32f4xx_rcc.o(i.RCC_APB1PeriphResetCmd)
    RCC_APB2PeriphResetCmd                   0x08000c75   Thumb Code    24  stm32f4xx_rcc.o(i.RCC_APB2PeriphResetCmd)
    SPI1_IRQHandler                          0x08000c91   Thumb Code    40  spi_protocol.o(i.SPI1_IRQHandler)
    SPI2_IRQHandler                          0x08000cc1   Thumb Code    40  spi_protocol.o(i.SPI2_IRQHandler)
    SPI3_IRQHandler                          0x08000cf1   Thumb Code    40  spi_protocol.o(i.SPI3_IRQHandler)
    SPI_I2S_GetITStatus                      0x08000d21   Thumb Code    46  stm32f4xx_spi.o(i.SPI_I2S_GetITStatus)
    SPI_I2S_ReceiveData                      0x08000d4f   Thumb Code     4  stm32f4xx_spi.o(i.SPI_I2S_ReceiveData)
    SPI_NSSInternalSoftwareConfig            0x08000d53   Thumb Code    28  stm32f4xx_spi.o(i.SPI_NSSInternalSoftwareConfig)
    SVC_Handler                              0x08000d6f   Thumb Code     2  stm32f4xx_it.o(i.SVC_Handler)
    SysTick_Handler                          0x08000e4d   Thumb Code     2  stm32f4xx_it.o(i.SysTick_Handler)
    SystemCoreClockUpdate                    0x08000e51   Thumb Code   124  system_stm32f4xx.o(i.SystemCoreClockUpdate)
    SystemInit                               0x08000ee1   Thumb Code    72  system_stm32f4xx.o(i.SystemInit)
    TIM2_IRQHandler                          0x08000f41   Thumb Code    36  ticks.o(i.TIM2_IRQHandler)
    TIM5_IRQHandler                          0x08000f69   Thumb Code     8  pos_esti.o(i.TIM5_IRQHandler)
    TIM7_IRQHandler                          0x08000f75   Thumb Code   232  timer.o(i.TIM7_IRQHandler)
    TIM_ClearITPendingBit                    0x0800106d   Thumb Code     6  stm32f4xx_tim.o(i.TIM_ClearITPendingBit)
    TIM_Cmd                                  0x08001073   Thumb Code    24  stm32f4xx_tim.o(i.TIM_Cmd)
    TIM_DeInit                               0x0800108b   Thumb Code   438  stm32f4xx_tim.o(i.TIM_DeInit)
    TIM_GetITStatus                          0x08001241   Thumb Code    22  stm32f4xx_tim.o(i.TIM_GetITStatus)
    TIM_ITConfig                             0x08001257   Thumb Code    22  stm32f4xx_tim.o(i.TIM_ITConfig)
    TIM_SelectOutputTrigger                  0x0800126d   Thumb Code    16  stm32f4xx_tim.o(i.TIM_SelectOutputTrigger)
    TIM_SetAutoreload                        0x0800127d   Thumb Code     4  stm32f4xx_tim.o(i.TIM_SetAutoreload)
    TIM_SetCounter                           0x08001281   Thumb Code     4  stm32f4xx_tim.o(i.TIM_SetCounter)
    TIM_TimeBaseInit                         0x08001285   Thumb Code   120  stm32f4xx_tim.o(i.TIM_TimeBaseInit)
    USART3_IRQHandler                        0x08001305   Thumb Code   138  uart.o(i.USART3_IRQHandler)
    USART_ClearITPendingBit                  0x080013a5   Thumb Code    18  stm32f4xx_usart.o(i.USART_ClearITPendingBit)
    USART_GetFlagStatus                      0x080013b7   Thumb Code    14  stm32f4xx_usart.o(i.USART_GetFlagStatus)
    USART_GetITStatus                        0x080013c5   Thumb Code    72  stm32f4xx_usart.o(i.USART_GetITStatus)
    USART_ReceiveData                        0x0800140d   Thumb Code     8  stm32f4xx_usart.o(i.USART_ReceiveData)
    UsageFault_Handler                       0x08001415   Thumb Code     2  stm32f4xx_it.o(i.UsageFault_Handler)
    __scatterload_copy                       0x08001417   Thumb Code    14  handlers.o(i.__scatterload_copy)
    __scatterload_null                       0x08001425   Thumb Code     2  handlers.o(i.__scatterload_null)
    __scatterload_zeroinit                   0x08001427   Thumb Code    14  handlers.o(i.__scatterload_zeroinit)
    btn_init                                 0x08001435   Thumb Code    38  button.o(i.btn_init)
    btn_onclick                              0x08001461   Thumb Code    26  button.o(i.btn_onclick)
    btn_pressed                              0x08001481   Thumb Code    46  button.o(i.btn_pressed)
    btn_update                               0x080014b5   Thumb Code    62  button.o(i.btn_update)
    dac_init                                 0x0800177d   Thumb Code   306  dac.o(i.dac_init)
    get_can_queue_size                       0x080018d1   Thumb Code    34  can_protocol.o(i.get_can_queue_size)
    get_uart_queue_size                      0x080018fd   Thumb Code    34  uart.o(i.get_uart_queue_size)
    gpio_input_init                          0x08001929   Thumb Code    40  gpio.o(i.gpio_input_init)
    gpio_output_init                         0x08001951   Thumb Code    52  gpio.o(i.gpio_output_init)
    gpio_rcc_init                            0x08001985   Thumb Code   110  gpio.o(i.gpio_rcc_init)
    gpio_read_input                          0x080019f9   Thumb Code     8  gpio.o(i.gpio_read_input)
    gpio_toggle                              0x08001a01   Thumb Code    32  gpio.o(i.gpio_toggle)
    led_blink                                0x08001a21   Thumb Code    10  led.o(i.led_blink)
    led_init                                 0x08001a31   Thumb Code    36  led.o(i.led_init)
    main                                     0x08001a59   Thumb Code   124  main.o(i.main)
    ticks_init                               0x08001b15   Thumb Code   100  ticks.o(i.ticks_init)
    PB10                                     0x08001b90   Data           8  gpio.o(.constdata)
    PB11                                     0x08001b98   Data           8  gpio.o(.constdata)
    PB13                                     0x08001ba0   Data           8  gpio.o(.constdata)
    PB15                                     0x08001ba8   Data           8  gpio.o(.constdata)
    PC13                                     0x08001bb0   Data           8  gpio.o(.constdata)
    sin1                                     0x08001bb8   Data         896  dac.o(.constdata)
    sin2                                     0x08001f38   Data         448  dac.o(.constdata)
    sin3                                     0x080020f8   Data         224  dac.o(.constdata)
    sine                                     0x080021d8   Data          84  dac.o(.constdata)
    Region$$Table$$Base                      0x08002234   Number         0  anon$$obj.o(Region$$Table)
    Region$$Table$$Limit                     0x08002254   Number         0  anon$$obj.o(Region$$Table)
    IsClockFucked                            0x20000000   Data           1  system_stm32f4xx.o(.data)
    SystemCoreClock                          0x20000004   Data           4  system_stm32f4xx.o(.data)
    AHBPrescTable                            0x20000008   Data          16  system_stm32f4xx.o(.data)
    FFFF                                     0x20000018   Data           1  main.o(.data)
    last_ticks                               0x2000001c   Data           4  main.o(.data)
    curr_ticks                               0x20000020   Data           4  main.o(.data)
    flag                                     0x20000024   Data           1  adc.o(.data)
    curr_input                               0x20000025   Data           1  adc.o(.data)
    count                                    0x20000028   Data           4  adc.o(.data)
    peak_to_peak                             0x2000002c   Data           6  adc.o(.data)
    CAN_tx_queue                             0x20000048   Data          16  can_protocol.o(.data)
    msTicks                                  0x20000068   Data           4  ticks.o(.data)
    volt_index                               0x2000006c   Data           1  dac.o(.data)
    frequency                                0x2000006e   Data           2  dac.o(.data)
    GPIO_InitStructure                       0x20000070   Data           8  dac.o(.data)
    volt                                     0x20000078   Data          14  dac.o(.data)
    CAN_Rx_Handlers                          0x200000bc   Data         112  can_protocol.o(.bss)
    __initial_sp                             0x20001468   Data           0  startup_stm32f40_41xxx.o(STACK)



==============================================================================

Memory Map of the image

  Image Entry point : 0x08000189

  Load Region LR_IROM1 (Base: 0x08000000, Size: 0x00002310, Max: 0x00100000, ABSOLUTE)

    Execution Region ER_IROM1 (Base: 0x08000000, Size: 0x00002254, Max: 0x00100000, ABSOLUTE)

    Base Addr    Size         Type   Attr      Idx    E Section Name        Object

    0x08000000   0x00000188   Data   RO         5514    RESET               startup_stm32f40_41xxx.o
    0x08000188   0x00000000   Code   RO         8398  * .ARM.Collect$$$$00000000  mc_w.l(entry.o)
    0x08000188   0x00000004   Code   RO         8497    .ARM.Collect$$$$00000001  mc_w.l(entry2.o)
    0x0800018c   0x00000004   Code   RO         8500    .ARM.Collect$$$$00000004  mc_w.l(entry5.o)
    0x08000190   0x00000000   Code   RO         8502    .ARM.Collect$$$$00000008  mc_w.l(entry7b.o)
    0x08000190   0x00000000   Code   RO         8504    .ARM.Collect$$$$0000000A  mc_w.l(entry8b.o)
    0x08000190   0x00000008   Code   RO         8505    .ARM.Collect$$$$0000000B  mc_w.l(entry9a.o)
    0x08000198   0x00000000   Code   RO         8507    .ARM.Collect$$$$0000000D  mc_w.l(entry10a.o)
    0x08000198   0x00000000   Code   RO         8509    .ARM.Collect$$$$0000000F  mc_w.l(entry11a.o)
    0x08000198   0x00000004   Code   RO         8498    .ARM.Collect$$$$00002712  mc_w.l(entry2.o)
    0x0800019c   0x00000024   Code   RO         5515    .text               startup_stm32f40_41xxx.o
    0x080001c0   0x00000024   Code   RO         8548    .text               mc_w.l(init.o)
    0x080001e4   0x00000002   Code   RO         5122    i.BusFault_Handler  stm32f4xx_it.o
    0x080001e6   0x00000002   PAD
    0x080001e8   0x00000058   Code   RO         5961    i.CAN1_RX0_IRQHandler  can_protocol.o
    0x08000240   0x00000058   Code   RO         5962    i.CAN1_RX1_IRQHandler  can_protocol.o
    0x08000298   0x0000002c   Code   RO         5963    i.CAN1_TX_IRQHandler  can_protocol.o
    0x080002c4   0x0000005c   Code   RO         5964    i.CAN2_RX0_IRQHandler  can_protocol.o
    0x08000320   0x0000005c   Code   RO         5965    i.CAN2_RX1_IRQHandler  can_protocol.o
    0x0800037c   0x0000002c   Code   RO         5966    i.CAN2_TX_IRQHandler  can_protocol.o
    0x080003a8   0x000000a8   Code   RO          359    i.CAN_ClearITPendingBit  stm32f4xx_can.o
    0x08000450   0x0000010c   Code   RO          365    i.CAN_GetITStatus   stm32f4xx_can.o
    0x0800055c   0x000000be   Code   RO          373    i.CAN_Receive       stm32f4xx_can.o
    0x0800061a   0x0000000c   Code   RO          381    i.CheckITStatus     stm32f4xx_can.o
    0x08000626   0x00000002   PAD
    0x08000628   0x00000024   Code   RO          853    i.DAC_Cmd           stm32f4xx_dac.o
    0x0800064c   0x00000024   Code   RO          854    i.DAC_DMACmd        stm32f4xx_dac.o
    0x08000670   0x00000038   Code   RO          861    i.DAC_Init          stm32f4xx_dac.o
    0x080006a8   0x00000016   Code   RO          862    i.DAC_SetChannel1Data  stm32f4xx_dac.o
    0x080006be   0x00000002   PAD
    0x080006c0   0x00000048   Code   RO         6696    i.DAC_TIM4_Config   dac.o
    0x08000708   0x000000dc   Code   RO         6697    i.DAC_enable        dac.o
    0x080007e4   0x0000003c   Code   RO         6698    i.DAC_enable_init   dac.o
    0x08000820   0x00000020   Code   RO         5660    i.DMA2_Stream0_IRQHandler  adc.o
    0x08000840   0x00000030   Code   RO         1137    i.DMA_ClearITPendingBit  stm32f4xx_dma.o
    0x08000870   0x00000018   Code   RO         1138    i.DMA_Cmd           stm32f4xx_dma.o
    0x08000888   0x00000188   Code   RO         1139    i.DMA_DeInit        stm32f4xx_dma.o
    0x08000a10   0x0000007c   Code   RO         1150    i.DMA_Init          stm32f4xx_dma.o
    0x08000a8c   0x00000002   Code   RO         5123    i.DebugMon_Handler  stm32f4xx_it.o
    0x08000a8e   0x00000020   Code   RO         7917    i.EXTI15_10_IRQHandler  spi_xbc_mb.o
    0x08000aae   0x00000002   PAD
    0x08000ab0   0x0000000c   Code   RO         1428    i.EXTI_ClearITPendingBit  stm32f4xx_exti.o
    0x08000abc   0x00000014   Code   RO         1432    i.EXTI_GetITStatus  stm32f4xx_exti.o
    0x08000ad0   0x00000096   Code   RO         1950    i.GPIO_Init         stm32f4xx_gpio.o
    0x08000b66   0x0000000e   Code   RO         1954    i.GPIO_ReadInputDataBit  stm32f4xx_gpio.o
    0x08000b74   0x0000000e   Code   RO         1956    i.GPIO_ReadOutputDataBit  stm32f4xx_gpio.o
    0x08000b82   0x00000012   Code   RO         1959    i.GPIO_StructInit   stm32f4xx_gpio.o
    0x08000b94   0x0000000c   Code   RO         1962    i.GPIO_WriteBit     stm32f4xx_gpio.o
    0x08000ba0   0x00000002   Code   RO         5124    i.HardFault_Handler  stm32f4xx_it.o
    0x08000ba2   0x00000002   Code   RO         5125    i.MemManage_Handler  stm32f4xx_it.o
    0x08000ba4   0x00000002   Code   RO         5126    i.NMI_Handler       stm32f4xx_it.o
    0x08000ba6   0x00000002   PAD
    0x08000ba8   0x00000074   Code   RO         5366    i.NVIC_Init         misc.o
    0x08000c1c   0x00000002   Code   RO         5127    i.PendSV_Handler    stm32f4xx_it.o
    0x08000c1e   0x00000002   PAD
    0x08000c20   0x0000001c   Code   RO         2891    i.RCC_AHB1PeriphClockCmd  stm32f4xx_rcc.o
    0x08000c3c   0x0000001c   Code   RO         2900    i.RCC_APB1PeriphClockCmd  stm32f4xx_rcc.o
    0x08000c58   0x0000001c   Code   RO         2902    i.RCC_APB1PeriphResetCmd  stm32f4xx_rcc.o
    0x08000c74   0x0000001c   Code   RO         2905    i.RCC_APB2PeriphResetCmd  stm32f4xx_rcc.o
    0x08000c90   0x00000030   Code   RO         6624    i.SPI1_IRQHandler   spi_protocol.o
    0x08000cc0   0x00000030   Code   RO         6625    i.SPI2_IRQHandler   spi_protocol.o
    0x08000cf0   0x00000030   Code   RO         6626    i.SPI3_IRQHandler   spi_protocol.o
    0x08000d20   0x0000002e   Code   RO         4070    i.SPI_I2S_GetITStatus  stm32f4xx_spi.o
    0x08000d4e   0x00000004   Code   RO         4072    i.SPI_I2S_ReceiveData  stm32f4xx_spi.o
    0x08000d52   0x0000001c   Code   RO         4075    i.SPI_NSSInternalSoftwareConfig  stm32f4xx_spi.o
    0x08000d6e   0x00000002   Code   RO         5128    i.SVC_Handler       stm32f4xx_it.o
    0x08000d70   0x000000dc   Code   RO         5417    i.SetSysClock       system_stm32f4xx.o
    0x08000e4c   0x00000002   Code   RO         5129    i.SysTick_Handler   stm32f4xx_it.o
    0x08000e4e   0x00000002   PAD
    0x08000e50   0x00000090   Code   RO         5418    i.SystemCoreClockUpdate  system_stm32f4xx.o
    0x08000ee0   0x00000060   Code   RO         5419    i.SystemInit        system_stm32f4xx.o
    0x08000f40   0x00000028   Code   RO         6300    i.TIM2_IRQHandler   ticks.o
    0x08000f68   0x0000000c   Code   RO         6824    i.TIM5_IRQHandler   pos_esti.o
    0x08000f74   0x000000f8   Code   RO         7839    i.TIM7_IRQHandler   timer.o
    0x0800106c   0x00000006   Code   RO         4300    i.TIM_ClearITPendingBit  stm32f4xx_tim.o
    0x08001072   0x00000018   Code   RO         4305    i.TIM_Cmd           stm32f4xx_tim.o
    0x0800108a   0x000001b6   Code   RO         4310    i.TIM_DeInit        stm32f4xx_tim.o
    0x08001240   0x00000016   Code   RO         4326    i.TIM_GetITStatus   stm32f4xx_tim.o
    0x08001256   0x00000016   Code   RO         4330    i.TIM_ITConfig      stm32f4xx_tim.o
    0x0800126c   0x00000010   Code   RO         4363    i.TIM_SelectOutputTrigger  stm32f4xx_tim.o
    0x0800127c   0x00000004   Code   RO         4365    i.TIM_SetAutoreload  stm32f4xx_tim.o
    0x08001280   0x00000004   Code   RO         4371    i.TIM_SetCounter    stm32f4xx_tim.o
    0x08001284   0x00000080   Code   RO         4377    i.TIM_TimeBaseInit  stm32f4xx_tim.o
    0x08001304   0x000000a0   Code   RO         6138    i.USART3_IRQHandler  uart.o
    0x080013a4   0x00000012   Code   RO         4859    i.USART_ClearITPendingBit  stm32f4xx_usart.o
    0x080013b6   0x0000000e   Code   RO         4865    i.USART_GetFlagStatus  stm32f4xx_usart.o
    0x080013c4   0x00000048   Code   RO         4866    i.USART_GetITStatus  stm32f4xx_usart.o
    0x0800140c   0x00000008   Code   RO         4876    i.USART_ReceiveData  stm32f4xx_usart.o
    0x08001414   0x00000002   Code   RO         5130    i.UsageFault_Handler  stm32f4xx_it.o
    0x08001416   0x0000000e   Code   RO         8556    i.__scatterload_copy  mc_w.l(handlers.o)
    0x08001424   0x00000002   Code   RO         8557    i.__scatterload_null  mc_w.l(handlers.o)
    0x08001426   0x0000000e   Code   RO         8558    i.__scatterload_zeroinit  mc_w.l(handlers.o)
    0x08001434   0x0000002c   Code   RO         7139    i.btn_init          button.o
    0x08001460   0x00000020   Code   RO         7140    i.btn_onclick       button.o
    0x08001480   0x00000034   Code   RO         7141    i.btn_pressed       button.o
    0x080014b4   0x00000048   Code   RO         7145    i.btn_update        button.o
    0x080014fc   0x00000140   Code   RO         5967    i.can1_tx_dequeue   can_protocol.o
    0x0800163c   0x00000140   Code   RO         5968    i.can2_tx_dequeue   can_protocol.o
    0x0800177c   0x00000154   Code   RO         6702    i.dac_init          dac.o
    0x080018d0   0x0000002c   Code   RO         5974    i.get_can_queue_size  can_protocol.o
    0x080018fc   0x0000002c   Code   RO         6139    i.get_uart_queue_size  uart.o
    0x08001928   0x00000028   Code   RO         6354    i.gpio_input_init   gpio.o
    0x08001950   0x00000034   Code   RO         6355    i.gpio_output_init  gpio.o
    0x08001984   0x00000074   Code   RO         6356    i.gpio_rcc_init     gpio.o
    0x080019f8   0x00000008   Code   RO         6358    i.gpio_read_input   gpio.o
    0x08001a00   0x00000020   Code   RO         6360    i.gpio_toggle       gpio.o
    0x08001a20   0x00000010   Code   RO         7696    i.led_blink         led.o
    0x08001a30   0x00000028   Code   RO         7698    i.led_init          led.o
    0x08001a58   0x00000088   Code   RO         5522    i.main              main.o
    0x08001ae0   0x00000034   Code   RO         7926    i.spi_xbc_update_ssi  spi_xbc_mb.o
    0x08001b14   0x00000068   Code   RO         6303    i.ticks_init        ticks.o
    0x08001b7c   0x00000014   Data   RO         6150    .constdata          uart.o
    0x08001b90   0x00000008   Data   RO         6388    .constdata          gpio.o
    0x08001b98   0x00000008   Data   RO         6389    .constdata          gpio.o
    0x08001ba0   0x00000008   Data   RO         6391    .constdata          gpio.o
    0x08001ba8   0x00000008   Data   RO         6393    .constdata          gpio.o
    0x08001bb0   0x00000008   Data   RO         6407    .constdata          gpio.o
    0x08001bb8   0x00000380   Data   RO         6706    .constdata          dac.o
    0x08001f38   0x000001c0   Data   RO         6707    .constdata          dac.o
    0x080020f8   0x000000e0   Data   RO         6708    .constdata          dac.o
    0x080021d8   0x00000054   Data   RO         6709    .constdata          dac.o
    0x0800222c   0x00000008   Data   RO         7146    .constdata          button.o
    0x08002234   0x00000020   Data   RO         8554    Region$$Table       anon$$obj.o


    Execution Region RW_IRAM1 (Base: 0x20000000, Size: 0x00001468, Max: 0x00020000, ABSOLUTE)

    Base Addr    Size         Type   Attr      Idx    E Section Name        Object

    0x20000000   0x00000018   Data   RW         5420    .data               system_stm32f4xx.o
    0x20000018   0x0000000c   Data   RW         5526    .data               main.o
    0x20000024   0x0000000e   Data   RW         5679    .data               adc.o
    0x20000032   0x00000002   PAD
    0x20000034   0x00000024   Data   RW         5982    .data               can_protocol.o
    0x20000058   0x00000010   Data   RW         6151    .data               uart.o
    0x20000068   0x00000004   Data   RW         6304    .data               ticks.o
    0x2000006c   0x0000001a   Data   RW         6710    .data               dac.o
    0x20000086   0x00000002   PAD
    0x20000088   0x00000014   Data   RW         7147    .data               button.o
    0x2000009c   0x00000004   Data   RW         7699    .data               led.o
    0x200000a0   0x00000004   Data   RW         7845    .data               timer.o
    0x200000a4   0x00000018   Data   RW         7929    .data               spi_xbc_mb.o
    0x200000bc   0x00000070   Zero   RW         5979    .bss                can_protocol.o
    0x2000012c   0x000004b0   Zero   RW         5980    .bss                can_protocol.o
    0x200005dc   0x000004b0   Zero   RW         5981    .bss                can_protocol.o
    0x20000a8c   0x00000040   Zero   RW         6149    .bss                uart.o
    0x20000acc   0x0000000c   Zero   RW         6632    .bss                spi_protocol.o
    0x20000ad8   0x00000190   Zero   RW         7844    .bss                timer.o
    0x20000c68   0x00000800   Zero   RW         5512    STACK               startup_stm32f40_41xxx.o


==============================================================================

Image component sizes


      Code (inc. data)   RO Data    RW Data    ZI Data      Debug   Object Name

        32         14          0         14          0       3856   adc.o
         0          0          0          0          0       1176   algorithm.o
       200         28          8         20          0       3664   button.o
      1132        130          0         36       2512       5866   can_protocol.o
       692         54       1652         26          0       3527   dac.o
       248          6         40          0          0       6659   gpio.o
        56         10          0          4          0       1667   led.o
       136         12          0         12          0       1345   main.o
       116          4          0          0          0       3032   misc.o
        12          4          0          0          0        454   pos_esti.o
         0          0          0          0          0       2586   servo.o
       144         24          0          0         12       2782   spi_protocol.o
        84          8          0         24          0       4215   spi_xbc_mb.o
        36          8        392          0       2048        944   startup_stm32f40_41xxx.o
         0          0          0          0          0     235224   stm32f4xx_adc.o
       638          8          0          0          0      12884   stm32f4xx_can.o
       150         18          0          0          0       8304   stm32f4xx_dac.o
       588        110          0          0          0      17622   stm32f4xx_dma.o
        32         10          0          0          0       1272   stm32f4xx_exti.o
       208          0          0          0          0      11167   stm32f4xx_gpio.o
        18          0          0          0          0     280088   stm32f4xx_it.o
       112         16          0          0          0       2660   stm32f4xx_rcc.o
        78          0          0          0          0      11084   stm32f4xx_spi.o
       664          8          0          0          0      27254   stm32f4xx_tim.o
       112          0          0          0          0       9888   stm32f4xx_usart.o
       460         76          0         24          0      11043   system_stm32f4xx.o
       144          8          0          4          0       1557   ticks.o
       248         16          0          4        400       2014   timer.o
       204         32         20         16         64       2802   uart.o

    ----------------------------------------------------------------------
      6558        604       2144        188       5036     676636   Object Totals
         0          0         32          0          0          0   (incl. Generated)
        14          0          0          4          0          0   (incl. Padding)

    ----------------------------------------------------------------------

      Code (inc. data)   RO Data    RW Data    ZI Data      Debug   Library Member Name

         0          0          0          0          0          0   entry.o
         0          0          0          0          0          0   entry10a.o
         0          0          0          0          0          0   entry11a.o
         8          4          0          0          0          0   entry2.o
         4          0          0          0          0          0   entry5.o
         0          0          0          0          0          0   entry7b.o
         0          0          0          0          0          0   entry8b.o
         8          4          0          0          0          0   entry9a.o
        30          0          0          0          0          0   handlers.o
        36          8          0          0          0         68   init.o

    ----------------------------------------------------------------------
        86         16          0          0          0         68   Library Totals
         0          0          0          0          0          0   (incl. Padding)

    ----------------------------------------------------------------------

      Code (inc. data)   RO Data    RW Data    ZI Data      Debug   Library Name

        86         16          0          0          0         68   mc_w.l

    ----------------------------------------------------------------------
        86         16          0          0          0         68   Library Totals

    ----------------------------------------------------------------------

==============================================================================


      Code (inc. data)   RO Data    RW Data    ZI Data      Debug   

      6644        620       2144        188       5036     668608   Grand Totals
      6644        620       2144        188       5036     668608   ELF Image Totals
      6644        620       2144        188          0          0   ROM Totals

==============================================================================

    Total RO  Size (Code + RO Data)                 8788 (   8.58kB)
    Total RW  Size (RW Data + ZI Data)              5224 (   5.10kB)
    Total ROM Size (Code + RO Data + RW Data)       8976 (   8.77kB)

==============================================================================

