Component: ARM Compiler 5.06 update 4 (build 422) Tool: armlink [4d35d2]

==============================================================================

Section Cross References

    stm32f4xx_adc.o(i.ADC_DeInit) refers to stm32f4xx_rcc.o(i.RCC_APB2PeriphResetCmd) for RCC_APB2PeriphResetCmd
    stm32f4xx_can.o(i.CAN_DeInit) refers to stm32f4xx_rcc.o(i.RCC_APB1PeriphResetCmd) for RCC_APB1PeriphResetCmd
    stm32f4xx_can.o(i.CAN_GetITStatus) refers to stm32f4xx_can.o(i.CheckITStatus) for CheckITStatus
    stm32f4xx_cryp.o(i.CRYP_DeInit) refers to stm32f4xx_rcc.o(i.RCC_AHB2PeriphResetCmd) for RCC_AHB2PeriphResetCmd
    stm32f4xx_cryp_aes.o(i.CRYP_AES_CBC) refers to stm32f4xx_cryp.o(i.CRYP_KeyStructInit) for CRYP_KeyStructInit
    stm32f4xx_cryp_aes.o(i.CRYP_AES_CBC) refers to stm32f4xx_cryp.o(i.CRYP_KeyInit) for CRYP_KeyInit
    stm32f4xx_cryp_aes.o(i.CRYP_AES_CBC) refers to stm32f4xx_cryp.o(i.CRYP_Init) for CRYP_Init
    stm32f4xx_cryp_aes.o(i.CRYP_AES_CBC) refers to stm32f4xx_cryp.o(i.CRYP_IVInit) for CRYP_IVInit
    stm32f4xx_cryp_aes.o(i.CRYP_AES_CBC) refers to stm32f4xx_cryp.o(i.CRYP_FIFOFlush) for CRYP_FIFOFlush
    stm32f4xx_cryp_aes.o(i.CRYP_AES_CBC) refers to stm32f4xx_cryp.o(i.CRYP_Cmd) for CRYP_Cmd
    stm32f4xx_cryp_aes.o(i.CRYP_AES_CBC) refers to stm32f4xx_cryp.o(i.CRYP_GetCmdStatus) for CRYP_GetCmdStatus
    stm32f4xx_cryp_aes.o(i.CRYP_AES_CBC) refers to stm32f4xx_cryp.o(i.CRYP_GetFlagStatus) for CRYP_GetFlagStatus
    stm32f4xx_cryp_aes.o(i.CRYP_AES_CBC) refers to stm32f4xx_cryp.o(i.CRYP_DataIn) for CRYP_DataIn
    stm32f4xx_cryp_aes.o(i.CRYP_AES_CBC) refers to stm32f4xx_cryp.o(i.CRYP_DataOut) for CRYP_DataOut
    stm32f4xx_cryp_aes.o(i.CRYP_AES_CCM) refers to stm32f4xx_cryp.o(i.CRYP_KeyStructInit) for CRYP_KeyStructInit
    stm32f4xx_cryp_aes.o(i.CRYP_AES_CCM) refers to stm32f4xx_cryp.o(i.CRYP_FIFOFlush) for CRYP_FIFOFlush
    stm32f4xx_cryp_aes.o(i.CRYP_AES_CCM) refers to stm32f4xx_cryp.o(i.CRYP_KeyInit) for CRYP_KeyInit
    stm32f4xx_cryp_aes.o(i.CRYP_AES_CCM) refers to stm32f4xx_cryp.o(i.CRYP_IVInit) for CRYP_IVInit
    stm32f4xx_cryp_aes.o(i.CRYP_AES_CCM) refers to stm32f4xx_cryp.o(i.CRYP_Init) for CRYP_Init
    stm32f4xx_cryp_aes.o(i.CRYP_AES_CCM) refers to stm32f4xx_cryp.o(i.CRYP_PhaseConfig) for CRYP_PhaseConfig
    stm32f4xx_cryp_aes.o(i.CRYP_AES_CCM) refers to stm32f4xx_cryp.o(i.CRYP_DataIn) for CRYP_DataIn
    stm32f4xx_cryp_aes.o(i.CRYP_AES_CCM) refers to stm32f4xx_cryp.o(i.CRYP_Cmd) for CRYP_Cmd
    stm32f4xx_cryp_aes.o(i.CRYP_AES_CCM) refers to stm32f4xx_cryp.o(i.CRYP_GetCmdStatus) for CRYP_GetCmdStatus
    stm32f4xx_cryp_aes.o(i.CRYP_AES_CCM) refers to stm32f4xx_cryp.o(i.CRYP_GetFlagStatus) for CRYP_GetFlagStatus
    stm32f4xx_cryp_aes.o(i.CRYP_AES_CCM) refers to stm32f4xx_cryp.o(i.CRYP_DataOut) for CRYP_DataOut
    stm32f4xx_cryp_aes.o(i.CRYP_AES_CTR) refers to stm32f4xx_cryp.o(i.CRYP_KeyStructInit) for CRYP_KeyStructInit
    stm32f4xx_cryp_aes.o(i.CRYP_AES_CTR) refers to stm32f4xx_cryp.o(i.CRYP_KeyInit) for CRYP_KeyInit
    stm32f4xx_cryp_aes.o(i.CRYP_AES_CTR) refers to stm32f4xx_cryp.o(i.CRYP_Init) for CRYP_Init
    stm32f4xx_cryp_aes.o(i.CRYP_AES_CTR) refers to stm32f4xx_cryp.o(i.CRYP_IVInit) for CRYP_IVInit
    stm32f4xx_cryp_aes.o(i.CRYP_AES_CTR) refers to stm32f4xx_cryp.o(i.CRYP_FIFOFlush) for CRYP_FIFOFlush
    stm32f4xx_cryp_aes.o(i.CRYP_AES_CTR) refers to stm32f4xx_cryp.o(i.CRYP_Cmd) for CRYP_Cmd
    stm32f4xx_cryp_aes.o(i.CRYP_AES_CTR) refers to stm32f4xx_cryp.o(i.CRYP_GetCmdStatus) for CRYP_GetCmdStatus
    stm32f4xx_cryp_aes.o(i.CRYP_AES_CTR) refers to stm32f4xx_cryp.o(i.CRYP_DataIn) for CRYP_DataIn
    stm32f4xx_cryp_aes.o(i.CRYP_AES_CTR) refers to stm32f4xx_cryp.o(i.CRYP_GetFlagStatus) for CRYP_GetFlagStatus
    stm32f4xx_cryp_aes.o(i.CRYP_AES_CTR) refers to stm32f4xx_cryp.o(i.CRYP_DataOut) for CRYP_DataOut
    stm32f4xx_cryp_aes.o(i.CRYP_AES_ECB) refers to stm32f4xx_cryp.o(i.CRYP_KeyStructInit) for CRYP_KeyStructInit
    stm32f4xx_cryp_aes.o(i.CRYP_AES_ECB) refers to stm32f4xx_cryp.o(i.CRYP_KeyInit) for CRYP_KeyInit
    stm32f4xx_cryp_aes.o(i.CRYP_AES_ECB) refers to stm32f4xx_cryp.o(i.CRYP_Init) for CRYP_Init
    stm32f4xx_cryp_aes.o(i.CRYP_AES_ECB) refers to stm32f4xx_cryp.o(i.CRYP_FIFOFlush) for CRYP_FIFOFlush
    stm32f4xx_cryp_aes.o(i.CRYP_AES_ECB) refers to stm32f4xx_cryp.o(i.CRYP_Cmd) for CRYP_Cmd
    stm32f4xx_cryp_aes.o(i.CRYP_AES_ECB) refers to stm32f4xx_cryp.o(i.CRYP_GetCmdStatus) for CRYP_GetCmdStatus
    stm32f4xx_cryp_aes.o(i.CRYP_AES_ECB) refers to stm32f4xx_cryp.o(i.CRYP_GetFlagStatus) for CRYP_GetFlagStatus
    stm32f4xx_cryp_aes.o(i.CRYP_AES_ECB) refers to stm32f4xx_cryp.o(i.CRYP_DataIn) for CRYP_DataIn
    stm32f4xx_cryp_aes.o(i.CRYP_AES_ECB) refers to stm32f4xx_cryp.o(i.CRYP_DataOut) for CRYP_DataOut
    stm32f4xx_cryp_aes.o(i.CRYP_AES_GCM) refers to stm32f4xx_cryp.o(i.CRYP_KeyStructInit) for CRYP_KeyStructInit
    stm32f4xx_cryp_aes.o(i.CRYP_AES_GCM) refers to stm32f4xx_cryp.o(i.CRYP_FIFOFlush) for CRYP_FIFOFlush
[...]
    sys\\Libraries\\STM32F4xx_StdPeriph_Driver\\src\\stm32f4xx_flash_ramfunc.c 0x00000000   Number         0  stm32f4xx_flash_ramfunc.o ABSOLUTE
    sys\\Libraries\\STM32F4xx_StdPeriph_Driver\\src\\stm32f4xx_fmpi2c.c 0x00000000   Number         0  stm32f4xx_fmpi2c.o ABSOLUTE
    sys\\Libraries\\STM32F4xx_StdPeriph_Driver\\src\\stm32f4xx_fsmc.c 0x00000000   Number         0  stm32f4xx_fsmc.o ABSOLUTE
    sys\\Libraries\\STM32F4xx_StdPeriph_Driver\\src\\stm32f4xx_gpio.c 0x00000000   Number         0  stm32f4xx_gpio.o ABSOLUTE
    sys\\Libraries\\STM32F4xx_StdPeriph_Driver\\src\\stm32f4xx_hash.c 0x00000000   Number         0  stm32f4xx_hash.o ABSOLUTE
    sys\\Libraries\\STM32F4xx_StdPeriph_Driver\\src\\stm32f4xx_hash_md5.c 0x00000000   Number         0  stm32f4xx_hash_md5.o ABSOLUTE
    sys\\Libraries\\STM32F4xx_StdPeriph_Driver\\src\\stm32f4xx_hash_sha1.c 0x00000000   Number         0  stm32f4xx_hash_sha1.o ABSOLUTE
    sys\\Libraries\\STM32F4xx_StdPeriph_Driver\\src\\stm32f4xx_i2c.c 0x00000000   Number         0  stm32f4xx_i2c.o ABSOLUTE
    sys\\Libraries\\STM32F4xx_StdPeriph_Driver\\src\\stm32f4xx_iwdg.c 0x00000000   Number         0  stm32f4xx_iwdg.o ABSOLUTE
    sys\\Libraries\\STM32F4xx_StdPeriph_Driver\\src\\stm32f4xx_lptim.c 0x00000000   Number         0  stm32f4xx_lptim.o ABSOLUTE
    sys\\Libraries\\STM32F4xx_StdPeriph_Driver\\src\\stm32f4xx_ltdc.c 0x00000000   Number         0  stm32f4xx_ltdc.o ABSOLUTE
    sys\\Libraries\\STM32F4xx_StdPeriph_Driver\\src\\stm32f4xx_pwr.c 0x00000000   Number         0  stm32f4xx_pwr.o ABSOLUTE
    sys\\Libraries\\STM32F4xx_StdPeriph_Driver\\src\\stm32f4xx_qspi.c 0x00000000   Number         0  stm32f4xx_qspi.o ABSOLUTE
    sys\\Libraries\\STM32F4xx_StdPeriph_Driver\\src\\stm32f4xx_rcc.c 0x00000000   Number         0  stm32f4xx_rcc.o ABSOLUTE
    sys\\Libraries\\STM32F4xx_StdPeriph_Driver\\src\\stm32f4xx_rng.c 0x00000000   Number         0  stm32f4xx_rng.o ABSOLUTE
    sys\\Libraries\\STM32F4xx_StdPeriph_Driver\\src\\stm32f4xx_rtc.c 0x00000000   Number         0  stm32f4xx_rtc.o ABSOLUTE
    sys\\Libraries\\STM32F4xx_StdPeriph_Driver\\src\\stm32f4xx_sai.c 0x00000000   Number         0  stm32f4xx_sai.o ABSOLUTE
    sys\\Libraries\\STM32F4xx_StdPeriph_Driver\\src\\stm32f4xx_sdio.c 0x00000000   Number         0  stm32f4xx_sdio.o ABSOLUTE
    sys\\Libraries\\STM32F4xx_StdPeriph_Driver\\src\\stm32f4xx_spdifrx.c 0x00000000   Number         0  stm32f4xx_spdifrx.o ABSOLUTE
    sys\\Libraries\\STM32F4xx_StdPeriph_Driver\\src\\stm32f4xx_spi.c 0x00000000   Number         0  stm32f4xx_spi.o ABSOLUTE
    sys\\Libraries\\STM32F4xx_StdPeriph_Driver\\src\\stm32f4xx_syscfg.c 0x00000000   Number         0  stm32f4xx_syscfg.o ABSOLUTE
    sys\\Libraries\\STM32F4xx_StdPeriph_Driver\\src\\stm32f4xx_tim.c 0x00000000   Number         0  stm32f4xx_tim.o ABSOLUTE
    sys\\Libraries\\STM32F4xx_StdPeriph_Driver\\src\\stm32f4xx_usart.c 0x00000000   Number         0  stm32f4xx_usart.o ABSOLUTE
    sys\\Libraries\\STM32F4xx_StdPeriph_Driver\\src\\stm32f4xx_wwdg.c 0x00000000   Number         0  stm32f4xx_wwdg.o ABSOLUTE
    sys\\stm32f4xx_it.c                      0x00000000   Number         0  stm32f4xx_it.o ABSOLUTE
    sys\\system_stm32f4xx.c                  0x00000000   Number         0  system_stm32f4xx.o ABSOLUTE
    sys\stm32f4xx_it.c                       0x00000000   Number         0  stm32f4xx_it.o ABSOLUTE
    sys\system_stm32f4xx.c                   0x00000000   Number         0  system_stm32f4xx.o ABSOLUTE
    user\\algorithm.c                        0x00000000   Number         0  algorithm.o ABSOLUTE
    user\\main.c                             0x00000000   Number         0  main.o ABSOLUTE
    user\\robot_control.c                    0x00000000   Number         0  robot_control.o ABSOLUTE
    user\algorithm.c                         0x00000000   Number         0  algorithm.o ABSOLUTE
    user\garuda_receiver.c                   0x00000000   Number         0  garuda_receiver.o ABSOLUTE
    user\garuda_tft.c                        0x00000000   Number         0  garuda_tft.o ABSOLUTE
    user\garuda_transmit.c                   0x00000000   Number         0  garuda_transmit.o ABSOLUTE
    user\main.c                              0x00000000   Number         0  main.o ABSOLUTE
    user\robot_control.c                     0x00000000   Number         0  robot_control.o ABSOLUTE
    RESET                                    0x08000000   Section      392  startup_stm32f40_41xxx.o(RESET)
    .ARM.Collect$$$$00000000                 0x08000188   Section        0  entry.o(.ARM.Collect$$$$00000000)
    .ARM.Collect$$$$00000001                 0x08000188   Section        4  entry2.o(.ARM.Collect$$$$00000001)
    .ARM.Collect$$$$00000004                 0x0800018c   Section        4  entry5.o(.ARM.Collect$$$$00000004)
    .ARM.Collect$$$$00000008                 0x08000190   Section        0  entry7b.o(.ARM.Collect$$$$00000008)
    .ARM.Collect$$$$0000000A                 0x08000190   Section        0  entry8b.o(.ARM.Collect$$$$0000000A)
    .ARM.Collect$$$$0000000B                 0x08000190   Section        8  entry9a.o(.ARM.Collect$$$$0000000B)
    .ARM.Collect$$$$0000000D                 0x08000198   Section        0  entry10a.o(.ARM.Collect$$$$0000000D)
    .ARM.Collect$$$$0000000F                 0x08000198   Section        0  entry11a.o(.ARM.Collect$$$$0000000F)
    .ARM.Collect$$$$00002712                 0x08000198   Section        4  entry2.o(.ARM.Collect$$$$00002712)
    __lit__00000000                          0x08000198   Data           4  entry2.o(.ARM.Collect$$$$00002712)
    .text                                    0x0800019c   Section       36  startup_stm32f40_41xxx.o(.text)
    $v0                                      0x0800019c   Number         0  startup_stm32f40_41xxx.o(.text)
    .text                                    0x080001c0   Section        0  uldiv.o(.text)
    .text                                    0x08000222   Section        0  dadd.o(.text)
    .text                                    0x08000370   Section        0  dmul.o(.text)
    .text                                    0x08000454   Section        0  ddiv.o(.text)
    .text                                    0x08000532   Section        0  uidiv.o(.text)
    .text                                    0x0800055e   Section        0  llshl.o(.text)
    .text                                    0x0800057c   Section        0  llushr.o(.text)
    .text                                    0x0800059c   Section        0  llsshr.o(.text)
    .text                                    0x080005c0   Section        0  iusefp.o(.text)
    .text                                    0x080005c0   Section        0  depilogue.o(.text)
    .text                                    0x0800067a   Section        0  dfixul.o(.text)
    .text                                    0x080006ac   Section       48  cdrcmple.o(.text)
    .text                                    0x080006dc   Section       36  init.o(.text)
    i.ADC_Cmd                                0x08000700   Section        0  stm32f4xx_adc.o(i.ADC_Cmd)
    i.ADC_CommonInit                         0x08000718   Section        0  stm32f4xx_adc.o(i.ADC_CommonInit)
    i.ADC_DMACmd                             0x08000744   Section        0  stm32f4xx_adc.o(i.ADC_DMACmd)
    i.ADC_DMARequestAfterLastTransferCmd     0x0800075c   Section        0  stm32f4xx_adc.o(i.ADC_DMARequestAfterLastTransferCmd)
    i.ADC_DeInit                             0x08000774   Section        0  stm32f4xx_adc.o(i.ADC_DeInit)
    i.ADC_Init                               0x0800078c   Section        0  stm32f4xx_adc.o(i.ADC_Init)
    i.ADC_RegularChannelConfig               0x080007e4   Section        0  stm32f4xx_adc.o(i.ADC_RegularChannelConfig)
    i.ADC_SoftwareStartConv                  0x08000874   Section        0  stm32f4xx_adc.o(i.ADC_SoftwareStartConv)
    i.BusFault_Handler                       0x0800087e   Section        0  stm32f4xx_it.o(i.BusFault_Handler)
    i.CAN1_RX0_IRQHandler                    0x08000880   Section        0  can_protocol.o(i.CAN1_RX0_IRQHandler)
    i.CAN1_RX1_IRQHandler                    0x080008d8   Section        0  can_protocol.o(i.CAN1_RX1_IRQHandler)
    i.CAN1_TX_IRQHandler                     0x08000930   Section        0  can_protocol.o(i.CAN1_TX_IRQHandler)
    i.CAN2_RX0_IRQHandler                    0x0800095c   Section        0  can_protocol.o(i.CAN2_RX0_IRQHandler)
    i.CAN2_RX1_IRQHandler                    0x080009b8   Section        0  can_protocol.o(i.CAN2_RX1_IRQHandler)
    i.CAN2_TX_IRQHandler                     0x08000a14   Section        0  can_protocol.o(i.CAN2_TX_IRQHandler)
    i.CAN_ClearITPendingBit                  0x08000a40   Section        0  stm32f4xx_can.o(i.CAN_ClearITPendingBit)
    i.CAN_GetITStatus                        0x08000ae8   Section        0  stm32f4xx_can.o(i.CAN_GetITStatus)
    i.CAN_Receive                            0x08000bf4   Section        0  stm32f4xx_can.o(i.CAN_Receive)
    i.CheckITStatus                          0x08000cb2   Section        0  stm32f4xx_can.o(i.CheckITStatus)
    CheckITStatus                            0x08000cb3   Thumb Code    12  stm32f4xx_can.o(i.CheckITStatus)
    i.DAC_Cmd                                0x08000cc0   Section        0  stm32f4xx_dac.o(i.DAC_Cmd)
    i.DAC_DMACmd                             0x08000ce4   Section        0  stm32f4xx_dac.o(i.DAC_DMACmd)
    i.DAC_Init                               0x08000d08   Section        0  stm32f4xx_dac.o(i.DAC_Init)
    i.DAC_SetChannel1Data                    0x08000d40   Section        0  stm32f4xx_dac.o(i.DAC_SetChannel1Data)
    i.DAC_TIM4_Config                        0x08000d58   Section        0  dac.o(i.DAC_TIM4_Config)
    i.DAC_enable                             0x08000da0   Section        0  dac.o(i.DAC_enable)
    i.DAC_enable_init                        0x08000dc0   Section        0  dac.o(i.DAC_enable_init)
    i.DMA2_Stream0_IRQHandler                0x08000e04   Section        0  adc.o(i.DMA2_Stream0_IRQHandler)
    i.DMA_ClearITPendingBit                  0x08000e24   Section        0  stm32f4xx_dma.o(i.DMA_ClearITPendingBit)
    i.DMA_Cmd                                0x08000e54   Section        0  stm32f4xx_dma.o(i.DMA_Cmd)
    i.DMA_DeInit                             0x08000e6c   Section        0  stm32f4xx_dma.o(i.DMA_DeInit)
    i.DMA_ITConfig                           0x08000ff4   Section        0  stm32f4xx_dma.o(i.DMA_ITConfig)
    i.DMA_Init                               0x0800102c   Section        0  stm32f4xx_dma.o(i.DMA_Init)
    i.DebugMon_Handler                       0x080010a8   Section        0  stm32f4xx_it.o(i.DebugMon_Handler)
    i.EXTI15_10_IRQHandler                   0x080010aa   Section        0  spi_xbc_mb.o(i.EXTI15_10_IRQHandler)
    i.EXTI_ClearITPendingBit                 0x080010cc   Section        0  stm32f4xx_exti.o(i.EXTI_ClearITPendingBit)
    i.EXTI_GetITStatus                       0x080010d8   Section        0  stm32f4xx_exti.o(i.EXTI_GetITStatus)
    i.FET_gnd                                0x080010ec   Section        0  dac.o(i.FET_gnd)
    i.GPIO_Init                              0x08001118   Section        0  stm32f4xx_gpio.o(i.GPIO_Init)
    i.GPIO_PinAFConfig                       0x080011ae   Section        0  stm32f4xx_gpio.o(i.GPIO_PinAFConfig)
    i.GPIO_ReadInputDataBit                  0x080011d0   Section        0  stm32f4xx_gpio.o(i.GPIO_ReadInputDataBit)
    i.GPIO_ReadOutputDataBit                 0x080011de   Section        0  stm32f4xx_gpio.o(i.GPIO_ReadOutputDataBit)
    i.GPIO_StructInit                        0x080011ec   Section        0  stm32f4xx_gpio.o(i.GPIO_StructInit)
    i.GPIO_WriteBit                          0x080011fe   Section        0  stm32f4xx_gpio.o(i.GPIO_WriteBit)
    i.HardFault_Handler                      0x0800120a   Section        0  stm32f4xx_it.o(i.HardFault_Handler)
    i.MemManage_Handler                      0x0800120c   Section        0  stm32f4xx_it.o(i.MemManage_Handler)
    i.NMI_Handler                            0x0800120e   Section        0  stm32f4xx_it.o(i.NMI_Handler)
    i.NVIC_Init                              0x08001210   Section        0  misc.o(i.NVIC_Init)
    i.N_method                               0x08001284   Section        0  pos_esti.o(i.N_method)
    i.PendSV_Handler                         0x0800142c   Section        0  stm32f4xx_it.o(i.PendSV_Handler)
    i.RCC_AHB1PeriphClockCmd                 0x08001430   Section        0  stm32f4xx_rcc.o(i.RCC_AHB1PeriphClockCmd)
    i.RCC_APB1PeriphClockCmd                 0x0800144c   Section        0  stm32f4xx_rcc.o(i.RCC_APB1PeriphClockCmd)
    i.RCC_APB1PeriphResetCmd                 0x08001468   Section        0  stm32f4xx_rcc.o(i.RCC_APB1PeriphResetCmd)
    i.RCC_APB2PeriphClockCmd                 0x08001484   Section        0  stm32f4xx_rcc.o(i.RCC_APB2PeriphClockCmd)
    i.RCC_APB2PeriphResetCmd                 0x080014a0   Section        0  stm32f4xx_rcc.o(i.RCC_APB2PeriphResetCmd)
    i.RCC_GetClocksFreq                      0x080014bc   Section        0  stm32f4xx_rcc.o(i.RCC_GetClocksFreq)
    i.SPI1_IRQHandler                        0x0800156c   Section        0  spi_protocol.o(i.SPI1_IRQHandler)
    i.SPI2_IRQHandler                        0x0800159c   Section        0  spi_protocol.o(i.SPI2_IRQHandler)
    i.SPI3_IRQHandler                        0x080015cc   Section        0  spi_protocol.o(i.SPI3_IRQHandler)
    i.SPI_I2S_GetITStatus                    0x080015fc   Section        0  stm32f4xx_spi.o(i.SPI_I2S_GetITStatus)
    i.SPI_I2S_ReceiveData                    0x0800162a   Section        0  stm32f4xx_spi.o(i.SPI_I2S_ReceiveData)
    i.SPI_NSSInternalSoftwareConfig          0x0800162e   Section        0  stm32f4xx_spi.o(i.SPI_NSSInternalSoftwareConfig)
    i.SVC_Handler                            0x0800164a   Section        0  stm32f4xx_it.o(i.SVC_Handler)
    i.SetSysClock                            0x0800164c   Section        0  system_stm32f4xx.o(i.SetSysClock)
    SetSysClock                              0x0800164d   Thumb Code   188  system_stm32f4xx.o(i.SetSysClock)
    i.SysTick_Handler                        0x08001728   Section        0  stm32f4xx_it.o(i.SysTick_Handler)
    i.SystemCoreClockUpdate                  0x0800172c   Section        0  system_stm32f4xx.o(i.SystemCoreClockUpdate)
    i.SystemInit                             0x080017bc   Section        0  system_stm32f4xx.o(i.SystemInit)
    i.TIM2_IRQHandler                        0x0800181c   Section        0  ticks.o(i.TIM2_IRQHandler)
    i.TIM5_IRQHandler                        0x08001844   Section        0  pos_esti.o(i.TIM5_IRQHandler)
    i.TIM5_init                              0x08001850   Section        0  pos_esti.o(i.TIM5_init)
    i.TIM7_IRQHandler                        0x080018c8   Section        0  timer.o(i.TIM7_IRQHandler)
    i.TIM8_init                              0x080019c0   Section        0  adc.o(i.TIM8_init)
    i.TIM_ClearITPendingBit                  0x08001a0c   Section        0  stm32f4xx_tim.o(i.TIM_ClearITPendingBit)
    i.TIM_Cmd                                0x08001a12   Section        0  stm32f4xx_tim.o(i.TIM_Cmd)
    i.TIM_DeInit                             0x08001a2a   Section        0  stm32f4xx_tim.o(i.TIM_DeInit)
    i.TIM_GetITStatus                        0x08001be0   Section        0  stm32f4xx_tim.o(i.TIM_GetITStatus)
    i.TIM_ITConfig                           0x08001bf6   Section        0  stm32f4xx_tim.o(i.TIM_ITConfig)
    i.TIM_SelectOutputTrigger                0x08001c0c   Section        0  stm32f4xx_tim.o(i.TIM_SelectOutputTrigger)
    i.TIM_SetAutoreload                      0x08001c1c   Section        0  stm32f4xx_tim.o(i.TIM_SetAutoreload)
    i.TIM_SetCounter                         0x08001c20   Section        0  stm32f4xx_tim.o(i.TIM_SetCounter)
    i.TIM_TimeBaseInit                       0x08001c24   Section        0  stm32f4xx_tim.o(i.TIM_TimeBaseInit)
    i.USART1_IRQHandler                      0x08001ca4   Section        0  uart.o(i.USART1_IRQHandler)
    i.USART_ClearITPendingBit                0x08001d3c   Section        0  stm32f4xx_usart.o(i.USART_ClearITPendingBit)
    i.USART_Cmd                              0x08001d4e   Section        0  stm32f4xx_usart.o(i.USART_Cmd)
    i.USART_GetFlagStatus                    0x08001d66   Section        0  stm32f4xx_usart.o(i.USART_GetFlagStatus)
    i.USART_GetITStatus                      0x08001d74   Section        0  stm32f4xx_usart.o(i.USART_GetITStatus)
    i.USART_ITConfig                         0x08001dbc   Section        0  stm32f4xx_usart.o(i.USART_ITConfig)
    i.USART_Init                             0x08001df8   Section        0  stm32f4xx_usart.o(i.USART_Init)
    i.USART_ReceiveData                      0x08001ec8   Section        0  stm32f4xx_usart.o(i.USART_ReceiveData)
    i.UsageFault_Handler                     0x08001ed0   Section        0  stm32f4xx_it.o(i.UsageFault_Handler)
    i.__0vsprintf                            0x08001ed4   Section        0  printfa.o(i.__0vsprintf)
    i.__ARM_fpclassifyf                      0x08001ef8   Section        0  fpclassifyf.o(i.__ARM_fpclassifyf)
    i.__hardfp_atan2f                        0x08001f20   Section        0  atan2f.o(i.__hardfp_atan2f)
    i.__mathlib_flt_infnan2                  0x08002170   Section        0  funder.o(i.__mathlib_flt_infnan2)
    i.__mathlib_flt_underflow                0x08002178   Section        0  funder.o(i.__mathlib_flt_underflow)
    i.__scatterload_copy                     0x08002188   Section       14  handlers.o(i.__scatterload_copy)
    i.__scatterload_null                     0x08002196   Section        2  handlers.o(i.__scatterload_null)
    i.__scatterload_zeroinit                 0x08002198   Section       14  handlers.o(i.__scatterload_zeroinit)
    i._delay_ms                              0x080021a6   Section        0  ticks.o(i._delay_ms)
    i._delay_us                              0x080021c0   Section        0  ticks.o(i._delay_us)
    i._fp_digits                             0x080021dc   Section        0  printfa.o(i._fp_digits)
    _fp_digits                               0x080021dd   Thumb Code   366  printfa.o(i._fp_digits)
    i._printf_core                           0x08002360   Section        0  printfa.o(i._printf_core)
    _printf_core                             0x08002361   Thumb Code  1744  printfa.o(i._printf_core)
    i._printf_post_padding                   0x08002a3c   Section        0  printfa.o(i._printf_post_padding)
    _printf_post_padding                     0x08002a3d   Thumb Code    36  printfa.o(i._printf_post_padding)
    i._printf_pre_padding                    0x08002a60   Section        0  printfa.o(i._printf_pre_padding)
    _printf_pre_padding                      0x08002a61   Thumb Code    46  printfa.o(i._printf_pre_padding)
    i._sputc                                 0x08002a8e   Section        0  printfa.o(i._sputc)
    _sputc                                   0x08002a8f   Thumb Code    10  printfa.o(i._sputc)
    i.absEnc_init                            0x08002a98   Section        0  absenc.o(i.absEnc_init)
    i.adc_bemf_init                          0x08002ad4   Section        0  adc.o(i.adc_bemf_init)
    i.adc_dma_init                           0x08002b98   Section        0  adc.o(i.adc_dma_init)
    i.adc_done                               0x08002c64   Section        0  adc.o(i.adc_done)
    i.adc_gpio_init                          0x08002c74   Section        0  adc.o(i.adc_gpio_init)
    i.adc_init                               0x08002cb0   Section        0  adc.o(i.adc_init)
    i.app_atan2                              0x08002d00   Section        0  trigon_math.o(i.app_atan2)
    i.bemf                                   0x08002d40   Section        0  adc.o(i.bemf)
    i.btn_init                               0x08002d70   Section        0  button.o(i.btn_init)
    i.btn_onclick                            0x08002d9c   Section        0  button.o(i.btn_onclick)
    i.btn_pressed                            0x08002dbc   Section        0  button.o(i.btn_pressed)
    i.btn_update                             0x08002df0   Section        0  button.o(i.btn_update)
    i.can1_tx_dequeue                        0x08002e38   Section        0  can_protocol.o(i.can1_tx_dequeue)
    can1_tx_dequeue                          0x08002e39   Thumb Code   294  can_protocol.o(i.can1_tx_dequeue)
    i.can2_tx_dequeue                        0x08002f78   Section        0  can_protocol.o(i.can2_tx_dequeue)
    can2_tx_dequeue                          0x08002f79   Thumb Code   294  can_protocol.o(i.can2_tx_dequeue)
    i.dac_init                               0x080030b8   Section        0  dac.o(i.dac_init)
    i.det                                    0x0800320c   Section        0  vec.o(i.det)
    i.enc_cal                                0x08003214   Section        0  pos_esti.o(i.enc_cal)
    i.getPinSource                           0x08003280   Section        0  gpio.o(i.getPinSource)
    i.get_abs                                0x08003318   Section        0  absenc.o(i.get_abs)
    i.get_bemf                               0x0800332c   Section        0  adc.o(i.get_bemf)
    i.get_can_queue_size                     0x08003344   Section        0  can_protocol.o(i.get_can_queue_size)
    i.get_freq                               0x08003370   Section        0  dac.o(i.get_freq)
    i.get_interval                           0x0800337c   Section        0  dac.o(i.get_interval)
    i.get_method                             0x08003390   Section        0  pos_esti.o(i.get_method)
    i.get_pk2pk                              0x0800339c   Section        0  adc.o(i.get_pk2pk)
    i.get_pos                                0x080033b4   Section        0  pos_esti.o(i.get_pos)
    i.get_uart_queue_size                    0x080033c0   Section        0  uart.o(i.get_uart_queue_size)
    i.get_voltage                            0x080033ec   Section        0  dac.o(i.get_voltage)
    i.gpio_af_init                           0x080033fc   Section        0  gpio.o(i.gpio_af_init)
    i.gpio_input_init                        0x08003446   Section        0  gpio.o(i.gpio_input_init)
    i.gpio_output_init                       0x0800346e   Section        0  gpio.o(i.gpio_output_init)
    i.gpio_rcc_init                          0x080034a4   Section        0  gpio.o(i.gpio_rcc_init)
    i.gpio_read_input                        0x08003518   Section        0  gpio.o(i.gpio_read_input)
    i.gpio_toggle                            0x08003520   Section        0  gpio.o(i.gpio_toggle)
    i.gray2bin                               0x08003540   Section        0  absenc.o(i.gray2bin)
    i.induc_sense                            0x080035a0   Section        0  pos_esti.o(i.induc_sense)
    i.inv_sqrt                               0x0800363c   Section        0  approx_math.o(i.inv_sqrt)
    i.inverse                                0x0800368c   Section        0  vec.o(i.inverse)
    i.led_blink                              0x080037b8   Section        0  led.o(i.led_blink)
    i.led_init                               0x080037c8   Section        0  led.o(i.led_init)
    i.main                                   0x080037f0   Section        0  main.o(i.main)
    i.mat_det                                0x080038a0   Section        0  vec.o(i.mat_det)
    i.mat_vec_prod                           0x080038e0   Section        0  vec.o(i.mat_vec_prod)
    i.pk2pk2                                 0x0800393c   Section        0  adc.o(i.pk2pk2)
    i.pos_update4                            0x08003aac   Section        0  pos_esti.o(i.pos_update4)
    i.pos_update_bemf                        0x08003c54   Section        0  pos_esti.o(i.pos_update_bemf)
    i.position_update                        0x08003d8c   Section        0  pos_esti.o(i.position_update)
    i.record                                 0x08003eb4   Section        0  main.o(i.record)
    i.reset_dma_adc                          0x08003fa0   Section        0  adc.o(i.reset_dma_adc)
    i.reset_dma_adc_bemf                     0x08003fd4   Section        0  adc.o(i.reset_dma_adc_bemf)
    i.sca_mat_div                            0x08004008   Section        0  vec.o(i.sca_mat_div)
    i.sca_mat_prod                           0x08004052   Section        0  vec.o(i.sca_mat_prod)
    i.sca_vec_div                            0x0800408a   Section        0  vec.o(i.sca_vec_div)
    i.sense_init                             0x080040a4   Section        0  pos_esti.o(i.sense_init)
    i.spi_xbc_update_ssi                     0x08004100   Section        0  spi_xbc_mb.o(i.spi_xbc_update_ssi)
    spi_xbc_update_ssi                       0x08004101   Thumb Code    44  spi_xbc_mb.o(i.spi_xbc_update_ssi)
    i.ticks_init                             0x08004134   Section        0  ticks.o(i.ticks_init)
    i.transpose                              0x0800419c   Section        0  vec.o(i.transpose)
    i.uart_bitch                             0x080041e4   Section        0  pos_esti.o(i.uart_bitch)
    i.uart_init                              0x08004248   Section        0  uart.o(i.uart_init)
    i.uart_tx                                0x08004308   Section        0  uart.o(i.uart_tx)
    i.v_funct                                0x080043ac   Section        0  pos_esti.o(i.v_funct)
    i.vec_sub                                0x08004418   Section        0  vec.o(i.vec_sub)
    .constdata                               0x08004444   Section       20  uart.o(.constdata)
    UARTPorts                                0x08004444   Data          20  uart.o(.constdata)
    .constdata                               0x08004458   Section        8  gpio.o(.constdata)
    .constdata                               0x08004460   Section        8  gpio.o(.constdata)
    .constdata                               0x08004468   Section        8  gpio.o(.constdata)
    .constdata                               0x08004470   Section        8  gpio.o(.constdata)
    .constdata                               0x08004478   Section        8  gpio.o(.constdata)
    .constdata                               0x08004480   Section        8  gpio.o(.constdata)
    .constdata                               0x08004488   Section        8  gpio.o(.constdata)
    .constdata                               0x08004490   Section      896  dac.o(.constdata)
    .constdata                               0x08004810   Section      448  dac.o(.constdata)
    .constdata                               0x080049d0   Section      224  dac.o(.constdata)
    .constdata                               0x08004ab0   Section       84  dac.o(.constdata)
    .constdata                               0x08004b04   Section       24  button.o(.constdata)
    BUTTONS                                  0x08004b04   Data          24  button.o(.constdata)
    .data                                    0x20000000   Section       16  stm32f4xx_rcc.o(.data)
    APBAHBPrescTable                         0x20000000   Data          16  stm32f4xx_rcc.o(.data)
    .data                                    0x20000010   Section       24  system_stm32f4xx.o(.data)
    .data                                    0x20000028   Section        8  main.o(.data)
    .data                                    0x20000030   Section       14  adc.o(.data)
    .data                                    0x20000040   Section       36  can_protocol.o(.data)
    CAN_filter_count                         0x20000040   Data           2  can_protocol.o(.data)
    CAN_max_filter                           0x20000042   Data           2  can_protocol.o(.data)
    can_tx_dequeue                           0x20000044   Data           8  can_protocol.o(.data)
    CAN_queue_max_size                       0x2000004c   Data           8  can_protocol.o(.data)
    .data                                    0x20000064   Section       16  uart.o(.data)
    tx_buf_max_size                          0x20000064   Data           4  uart.o(.data)
    rxListeners                              0x20000068   Data           4  uart.o(.data)
    tx_queue                                 0x2000006c   Data           8  uart.o(.data)
    .data                                    0x20000074   Section        4  ticks.o(.data)
    .data                                    0x20000078   Section       18  dac.o(.data)
    .data                                    0x2000008c   Section       92  pos_esti.o(.data)
    .data                                    0x200000e8   Section        3  button.o(.data)
    btn_state                                0x200000e8   Data           3  button.o(.data)
    .data                                    0x200000ec   Section        4  led.o(.data)
    LEDs                                     0x200000ec   Data           4  led.o(.data)
    .data                                    0x200000f0   Section        4  timer.o(.data)
    running                                  0x200000f0   Data           1  timer.o(.data)
    size                                     0x200000f2   Data           2  timer.o(.data)
    .data                                    0x200000f4   Section       24  spi_xbc_mb.o(.data)
    xbc_connection                           0x200000f4   Data           1  spi_xbc_mb.o(.data)
    xbc_back_buttons                         0x200000f6   Data           2  spi_xbc_mb.o(.data)
    xbc_nss                                  0x200000f8   Data           4  spi_xbc_mb.o(.data)
    xbc_digital                              0x200000fc   Data           4  spi_xbc_mb.o(.data)
    pointer                                  0x20000100   Data           4  spi_xbc_mb.o(.data)
    error_count                              0x20000104   Data           4  spi_xbc_mb.o(.data)
    last_recv                                0x20000108   Data           4  spi_xbc_mb.o(.data)
    .bss                                     0x2000010c   Section     2500  main.o(.bss)
    .bss                                     0x20000ad0   Section      300  adc.o(.bss)
    .bss                                     0x20000bfc   Section      112  can_protocol.o(.bss)
    .bss                                     0x20000c6c   Section     1200  can_protocol.o(.bss)
    CAN1_tx_queue_items                      0x20000c6c   Data        1200  can_protocol.o(.bss)
    .bss                                     0x2000111c   Section     1200  can_protocol.o(.bss)
    CAN2_tx_queue_items                      0x2000111c   Data        1200  can_protocol.o(.bss)
    .bss                                     0x200015cc   Section       64  uart.o(.bss)
    tx_buf_item_1                            0x200015cc   Data          64  uart.o(.bss)
    .bss                                     0x2000160c   Section       12  spi_protocol.o(.bss)
    SpiRxListenerList                        0x2000160c   Data          12  spi_protocol.o(.bss)
    .bss                                     0x20001618   Section    19232  pos_esti.o(.bss)
    .bss                                     0x20006138   Section      400  timer.o(.bss)
    actions                                  0x20006138   Data         400  timer.o(.bss)
    STACK                                    0x200062c8   Section     2048  startup_stm32f40_41xxx.o(STACK)

    Global Symbols

    Symbol Name                              Value     Ov Type        Size  Object(Section)

    BuildAttributes$$THM_ISAv4$E$P$D$K$B$S$7EM$VFPi3$EXTD16$VFPS$VFMA$PE$A:L22UL41UL21$X:L11$S22US41US21$IEEE1$IW$USESV6$~STKCKD$USESV7$~SHL$OTIME$ROPI$IEEEX$EBA8$MICROLIB$REQ8$PRES8$EABIv2 0x00000000   Number         0  anon$$obj.o ABSOLUTE
    __ARM_use_no_argv                        0x00000000   Number         0  main.o ABSOLUTE
    __cpp_initialize__aeabi_                  - Undefined Weak Reference
    __cxa_finalize                            - Undefined Weak Reference
    __decompress                              - Undefined Weak Reference
    _clock_init                               - Undefined Weak Reference
    _microlib_exit                            - Undefined Weak Reference
    __Vectors_Size                           0x00000188   Number         0  startup_stm32f40_41xxx.o ABSOLUTE
    __Vectors                                0x08000000   Data           4  startup_stm32f40_41xxx.o(RESET)
    __Vectors_End                            0x08000188   Data           0  startup_stm32f40_41xxx.o(RESET)
    __main                                   0x08000189   Thumb Code     0  entry.o(.ARM.Collect$$$$00000000)
    _main_stk                                0x08000189   Thumb Code     0  entry2.o(.ARM.Collect$$$$00000001)
    _main_scatterload                        0x0800018d   Thumb Code     0  entry5.o(.ARM.Collect$$$$00000004)
    __main_after_scatterload                 0x08000191   Thumb Code     0  entry5.o(.ARM.Collect$$$$00000004)
    _main_clock                              0x08000191   Thumb Code     0  entry7b.o(.ARM.Collect$$$$00000008)
    _main_cpp_init                           0x08000191   Thumb Code     0  entry8b.o(.ARM.Collect$$$$0000000A)
    _main_init                               0x08000191   Thumb Code     0  entry9a.o(.ARM.Collect$$$$0000000B)
    __rt_final_cpp                           0x08000199   Thumb Code     0  entry10a.o(.ARM.Collect$$$$0000000D)
    __rt_final_exit                          0x08000199   Thumb Code     0  entry11a.o(.ARM.Collect$$$$0000000F)
    Reset_Handler                            0x0800019d   Thumb Code     8  startup_stm32f40_41xxx.o(.text)
    ADC_IRQHandler                           0x080001b7   Thumb Code     0  startup_stm32f40_41xxx.o(.text)
    CAN1_SCE_IRQHandler                      0x080001b7   Thumb Code     0  startup_stm32f40_41xxx.o(.text)
    CAN2_SCE_IRQHandler                      0x080001b7   Thumb Code     0  startup_stm32f40_41xxx.o(.text)
    CRYP_IRQHandler                          0x080001b7   Thumb Code     0  startup_stm32f40_41xxx.o(.text)
    DCMI_IRQHandler                          0x080001b7   Thumb Code     0  startup_stm32f40_41xxx.o(.text)
    DMA1_Stream0_IRQHandler                  0x080001b7   Thumb Code     0  startup_stm32f40_41xxx.o(.text)
    DMA1_Stream1_IRQHandler                  0x080001b7   Thumb Code     0  startup_stm32f40_41xxx.o(.text)
    DMA1_Stream2_IRQHandler                  0x080001b7   Thumb Code     0  startup_stm32f40_41xxx.o(.text)
    DMA1_Stream3_IRQHandler                  0x080001b7   Thumb Code     0  startup_stm32f40_41xxx.o(.text)
    DMA1_Stream4_IRQHandler                  0x080001b7   Thumb Code     0  startup_stm32f40_41xxx.o(.text)
    DMA1_Stream5_IRQHandler                  0x080001b7   Thumb Code     0  startup_stm32f40_41xxx.o(.text)
    DMA1_Stream6_IRQHandler                  0x080001b7   Thumb Code     0  startup_stm32f40_41xxx.o(.text)
    DMA1_Stream7_IRQHandler                  0x080001b7   Thumb Code     0  startup_stm32f40_41xxx.o(.text)
    DMA2_Stream1_IRQHandler                  0x080001b7   Thumb Code     0  startup_stm32f40_41xxx.o(.text)
    DMA2_Stream2_IRQHandler                  0x080001b7   Thumb Code     0  startup_stm32f40_41xxx.o(.text)
    DMA2_Stream3_IRQHandler                  0x080001b7   Thumb Code     0  startup_stm32f40_41xxx.o(.text)
    DMA2_Stream4_IRQHandler                  0x080001b7   Thumb Code     0  startup_stm32f40_41xxx.o(.text)
    DMA2_Stream5_IRQHandler                  0x080001b7   Thumb Code     0  startup_stm32f40_41xxx.o(.text)
    DMA2_Stream6_IRQHandler                  0x080001b7   Thumb Code     0  startup_stm32f40_41xxx.o(.text)
    DMA2_Stream7_IRQHandler                  0x080001b7   Thumb Code     0  startup_stm32f40_41xxx.o(.text)
    ETH_IRQHandler                           0x080001b7   Thumb Code     0  startup_stm32f40_41xxx.o(.text)
    ETH_WKUP_IRQHandler                      0x080001b7   Thumb Code     0  startup_stm32f40_41xxx.o(.text)
    EXTI0_IRQHandler                         0x080001b7   Thumb Code     0  startup_stm32f40_41xxx.o(.text)
    EXTI1_IRQHandler                         0x080001b7   Thumb Code     0  startup_stm32f40_41xxx.o(.text)
    EXTI2_IRQHandler                         0x080001b7   Thumb Code     0  startup_stm32f40_41xxx.o(.text)
    EXTI3_IRQHandler                         0x080001b7   Thumb Code     0  startup_stm32f40_41xxx.o(.text)
    EXTI4_IRQHandler                         0x080001b7   Thumb Code     0  startup_stm32f40_41xxx.o(.text)
    EXTI9_5_IRQHandler                       0x080001b7   Thumb Code     0  startup_stm32f40_41xxx.o(.text)
    FLASH_IRQHandler                         0x080001b7   Thumb Code     0  startup_stm32f40_41xxx.o(.text)
    FPU_IRQHandler                           0x080001b7   Thumb Code     0  startup_stm32f40_41xxx.o(.text)
    FSMC_IRQHandler                          0x080001b7   Thumb Code     0  startup_stm32f40_41xxx.o(.text)
    HASH_RNG_IRQHandler                      0x080001b7   Thumb Code     0  startup_stm32f40_41xxx.o(.text)
    I2C1_ER_IRQHandler                       0x080001b7   Thumb Code     0  startup_stm32f40_41xxx.o(.text)
    I2C1_EV_IRQHandler                       0x080001b7   Thumb Code     0  startup_stm32f40_41xxx.o(.text)
    I2C2_ER_IRQHandler                       0x080001b7   Thumb Code     0  startup_stm32f40_41xxx.o(.text)
    I2C2_EV_IRQHandler                       0x080001b7   Thumb Code     0  startup_stm32f40_41xxx.o(.text)
    I2C3_ER_IRQHandler                       0x080001b7   Thumb Code     0  startup_stm32f40_41xxx.o(.text)
    I2C3_EV_IRQHandler                       0x080001b7   Thumb Code     0  startup_stm32f40_41xxx.o(.text)
    OTG_FS_IRQHandler                        0x080001b7   Thumb Code     0  startup_stm32f40_41xxx.o(.text)
    OTG_FS_WKUP_IRQHandler                   0x080001b7   Thumb Code     0  startup_stm32f40_41xxx.o(.text)
    OTG_HS_EP1_IN_IRQHandler                 0x080001b7   Thumb Code     0  startup_stm32f40_41xxx.o(.text)
    OTG_HS_EP1_OUT_IRQHandler                0x080001b7   Thumb Code     0  startup_stm32f40_41xxx.o(.text)
    OTG_HS_IRQHandler                        0x080001b7   Thumb Code     0  startup_stm32f40_41xxx.o(.text)
    OTG_HS_WKUP_IRQHandler                   0x080001b7   Thumb Code     0  startup_stm32f40_41xxx.o(.text)
    PVD_IRQHandler                           0x080001b7   Thumb Code     0  startup_stm32f40_41xxx.o(.text)
    RCC_IRQHandler                           0x080001b7   Thumb Code     0  startup_stm32f40_41xxx.o(.text)
    RTC_Alarm_IRQHandler                     0x080001b7   Thumb Code     0  startup_stm32f40_41xxx.o(.text)
    RTC_WKUP_IRQHandler                      0x080001b7   Thumb Code     0  startup_stm32f40_41xxx.o(.text)
    SDIO_IRQHandler                          0x080001b7   Thumb Code     0  startup_stm32f40_41xxx.o(.text)
    TAMP_STAMP_IRQHandler                    0x080001b7   Thumb Code     0  startup_stm32f40_41xxx.o(.text)
    TIM1_BRK_TIM9_IRQHandler                 0x080001b7   Thumb Code     0  startup_stm32f40_41xxx.o(.text)
    TIM1_CC_IRQHandler                       0x080001b7   Thumb Code     0  startup_stm32f40_41xxx.o(.text)
    TIM1_TRG_COM_TIM11_IRQHandler            0x080001b7   Thumb Code     0  startup_stm32f40_41xxx.o(.text)
    TIM1_UP_TIM10_IRQHandler                 0x080001b7   Thumb Code     0  startup_stm32f40_41xxx.o(.text)
    TIM3_IRQHandler                          0x080001b7   Thumb Code     0  startup_stm32f40_41xxx.o(.text)
    TIM4_IRQHandler                          0x080001b7   Thumb Code     0  startup_stm32f40_41xxx.o(.text)
    TIM6_DAC_IRQHandler                      0x080001b7   Thumb Code     0  startup_stm32f40_41xxx.o(.text)
    TIM8_BRK_TIM12_IRQHandler                0x080001b7   Thumb Code     0  startup_stm32f40_41xxx.o(.text)
    TIM8_CC_IRQHandler                       0x080001b7   Thumb Code     0  startup_stm32f40_41xxx.o(.text)
    TIM8_TRG_COM_TIM14_IRQHandler            0x080001b7   Thumb Code     0  startup_stm32f40_41xxx.o(.text)
    TIM8_UP_TIM13_IRQHandler                 0x080001b7   Thumb Code     0  startup_stm32f40_41xxx.o(.text)
    UART4_IRQHandler                         0x080001b7   Thumb Code     0  startup_stm32f40_41xxx.o(.text)
    UART5_IRQHandler                         0x080001b7   Thumb Code     0  startup_stm32f40_41xxx.o(.text)
    USART2_IRQHandler                        0x080001b7   Thumb Code     0  startup_stm32f40_41xxx.o(.text)
    USART3_IRQHandler                        0x080001b7   Thumb Code     0  startup_stm32f40_41xxx.o(.text)
    USART6_IRQHandler                        0x080001b7   Thumb Code     0  startup_stm32f40_41xxx.o(.text)
    WWDG_IRQHandler                          0x080001b7   Thumb Code     0  startup_stm32f40_41xxx.o(.text)
    __aeabi_uldivmod                         0x080001c1   Thumb Code    98  uldiv.o(.text)
    __aeabi_dadd                             0x08000223   Thumb Code   322  dadd.o(.text)
    __aeabi_dsub                             0x08000365   Thumb Code     6  dadd.o(.text)
    __aeabi_drsub                            0x0800036b   Thumb Code     6  dadd.o(.text)
    __aeabi_dmul                             0x08000371   Thumb Code   228  dmul.o(.text)
    __aeabi_ddiv                             0x08000455   Thumb Code   222  ddiv.o(.text)
    __aeabi_uidiv                            0x08000533   Thumb Code     0  uidiv.o(.text)
    __aeabi_uidivmod                         0x08000533   Thumb Code    44  uidiv.o(.text)
    __aeabi_llsl                             0x0800055f   Thumb Code    30  llshl.o(.text)
    _ll_shift_l                              0x0800055f   Thumb Code     0  llshl.o(.text)
    __aeabi_llsr                             0x0800057d   Thumb Code    32  llushr.o(.text)
    _ll_ushift_r                             0x0800057d   Thumb Code     0  llushr.o(.text)
    __aeabi_lasr                             0x0800059d   Thumb Code    36  llsshr.o(.text)
    _ll_sshift_r                             0x0800059d   Thumb Code     0  llsshr.o(.text)
    __I$use$fp                               0x080005c1   Thumb Code     0  iusefp.o(.text)
    _double_round                            0x080005c1   Thumb Code    30  depilogue.o(.text)
    _double_epilogue                         0x080005df   Thumb Code   156  depilogue.o(.text)
    __aeabi_d2ulz                            0x0800067b   Thumb Code    48  dfixul.o(.text)
    __aeabi_cdrcmple                         0x080006ad   Thumb Code    48  cdrcmple.o(.text)
    __scatterload                            0x080006dd   Thumb Code    28  init.o(.text)
    __scatterload_rt2                        0x080006dd   Thumb Code     0  init.o(.text)
    ADC_Cmd                                  0x08000701   Thumb Code    24  stm32f4xx_adc.o(i.ADC_Cmd)
    ADC_CommonInit                           0x08000719   Thumb Code    36  stm32f4xx_adc.o(i.ADC_CommonInit)
    ADC_DMACmd                               0x08000745   Thumb Code    24  stm32f4xx_adc.o(i.ADC_DMACmd)
    ADC_DMARequestAfterLastTransferCmd       0x0800075d   Thumb Code    24  stm32f4xx_adc.o(i.ADC_DMARequestAfterLastTransferCmd)
    ADC_DeInit                               0x08000775   Thumb Code    24  stm32f4xx_adc.o(i.ADC_DeInit)
    ADC_Init                                 0x0800078d   Thumb Code    82  stm32f4xx_adc.o(i.ADC_Init)
    ADC_RegularChannelConfig                 0x080007e5   Thumb Code   144  stm32f4xx_adc.o(i.ADC_RegularChannelConfig)
    ADC_SoftwareStartConv                    0x08000875   Thumb Code    10  stm32f4xx_adc.o(i.ADC_SoftwareStartConv)
    BusFault_Handler                         0x0800087f   Thumb Code     2  stm32f4xx_it.o(i.BusFault_Handler)
    CAN1_RX0_IRQHandler                      0x08000881   Thumb Code    74  can_protocol.o(i.CAN1_RX0_IRQHandler)
    CAN1_RX1_IRQHandler                      0x080008d9   Thumb Code    74  can_protocol.o(i.CAN1_RX1_IRQHandler)
    CAN1_TX_IRQHandler                       0x08000931   Thumb Code    36  can_protocol.o(i.CAN1_TX_IRQHandler)
    CAN2_RX0_IRQHandler                      0x0800095d   Thumb Code    80  can_protocol.o(i.CAN2_RX0_IRQHandler)
    CAN2_RX1_IRQHandler                      0x080009b9   Thumb Code    80  can_protocol.o(i.CAN2_RX1_IRQHandler)
    CAN2_TX_IRQHandler                       0x08000a15   Thumb Code    36  can_protocol.o(i.CAN2_TX_IRQHandler)
    CAN_ClearITPendingBit                    0x08000a41   Thumb Code   164  stm32f4xx_can.o(i.CAN_ClearITPendingBit)
    CAN_GetITStatus                          0x08000ae9   Thumb Code   264  stm32f4xx_can.o(i.CAN_GetITStatus)
    CAN_Receive                              0x08000bf5   Thumb Code   190  stm32f4xx_can.o(i.CAN_Receive)
    DAC_Cmd                                  0x08000cc1   Thumb Code    30  stm32f4xx_dac.o(i.DAC_Cmd)
    DAC_DMACmd                               0x08000ce5   Thumb Code    30  stm32f4xx_dac.o(i.DAC_DMACmd)
    DAC_Init                                 0x08000d09   Thumb Code    50  stm32f4xx_dac.o(i.DAC_Init)
    DAC_SetChannel1Data                      0x08000d41   Thumb Code    22  stm32f4xx_dac.o(i.DAC_SetChannel1Data)
    DAC_TIM4_Config                          0x08000d59   Thumb Code    66  dac.o(i.DAC_TIM4_Config)
    DAC_enable                               0x08000da1   Thumb Code    26  dac.o(i.DAC_enable)
    DAC_enable_init                          0x08000dc1   Thumb Code    64  dac.o(i.DAC_enable_init)
    DMA2_Stream0_IRQHandler                  0x08000e05   Thumb Code    18  adc.o(i.DMA2_Stream0_IRQHandler)
    DMA_ClearITPendingBit                    0x08000e25   Thumb Code    32  stm32f4xx_dma.o(i.DMA_ClearITPendingBit)
    DMA_Cmd                                  0x08000e55   Thumb Code    24  stm32f4xx_dma.o(i.DMA_Cmd)
    DMA_DeInit                               0x08000e6d   Thumb Code   302  stm32f4xx_dma.o(i.DMA_DeInit)
    DMA_ITConfig                             0x08000ff5   Thumb Code    54  stm32f4xx_dma.o(i.DMA_ITConfig)
    DMA_Init                                 0x0800102d   Thumb Code   120  stm32f4xx_dma.o(i.DMA_Init)
    DebugMon_Handler                         0x080010a9   Thumb Code     2  stm32f4xx_it.o(i.DebugMon_Handler)
    EXTI15_10_IRQHandler                     0x080010ab   Thumb Code    32  spi_xbc_mb.o(i.EXTI15_10_IRQHandler)
    EXTI_ClearITPendingBit                   0x080010cd   Thumb Code     6  stm32f4xx_exti.o(i.EXTI_ClearITPendingBit)
    EXTI_GetITStatus                         0x080010d9   Thumb Code    16  stm32f4xx_exti.o(i.EXTI_GetITStatus)
    FET_gnd                                  0x080010ed   Thumb Code    40  dac.o(i.FET_gnd)
    GPIO_Init                                0x08001119   Thumb Code   150  stm32f4xx_gpio.o(i.GPIO_Init)
    GPIO_PinAFConfig                         0x080011af   Thumb Code    34  stm32f4xx_gpio.o(i.GPIO_PinAFConfig)
    GPIO_ReadInputDataBit                    0x080011d1   Thumb Code    14  stm32f4xx_gpio.o(i.GPIO_ReadInputDataBit)
    GPIO_ReadOutputDataBit                   0x080011df   Thumb Code    14  stm32f4xx_gpio.o(i.GPIO_ReadOutputDataBit)
    GPIO_StructInit                          0x080011ed   Thumb Code    18  stm32f4xx_gpio.o(i.GPIO_StructInit)
    GPIO_WriteBit                            0x080011ff   Thumb Code    12  stm32f4xx_gpio.o(i.GPIO_WriteBit)
    HardFault_Handler                        0x0800120b   Thumb Code     2  stm32f4xx_it.o(i.HardFault_Handler)
    MemManage_Handler                        0x0800120d   Thumb Code     2  stm32f4xx_it.o(i.MemManage_Handler)
    NMI_Handler                              0x0800120f   Thumb Code     2  stm32f4xx_it.o(i.NMI_Handler)
    NVIC_Init                                0x08001211   Thumb Code   112  misc.o(i.NVIC_Init)
    N_method                                 0x08001285   Thumb Code   418  pos_esti.o(i.N_method)
    PendSV_Handler                           0x0800142d   Thumb Code     2  stm32f4xx_it.o(i.PendSV_Handler)
    RCC_AHB1PeriphClockCmd                   0x08001431   Thumb Code    24  stm32f4xx_rcc.o(i.RCC_AHB1PeriphClockCmd)
    RCC_APB1PeriphClockCmd                   0x0800144d   Thumb Code    24  stm32f4xx_rcc.o(i.RCC_APB1PeriphClockCmd)
    RCC_APB1PeriphResetCmd                   0x08001469   Thumb Code    24  stm32f4xx_rcc.o(i.RCC_APB1PeriphResetCmd)
    RCC_APB2PeriphClockCmd                   0x08001485   Thumb Code    24  stm32f4xx_rcc.o(i.RCC_APB2PeriphClockCmd)
    RCC_APB2PeriphResetCmd                   0x080014a1   Thumb Code    24  stm32f4xx_rcc.o(i.RCC_APB2PeriphResetCmd)
    RCC_GetClocksFreq                        0x080014bd   Thumb Code   160  stm32f4xx_rcc.o(i.RCC_GetClocksFreq)
    SPI1_IRQHandler                          0x0800156d   Thumb Code    40  spi_protocol.o(i.SPI1_IRQHandler)
    SPI2_IRQHandler                          0x0800159d   Thumb Code    40  spi_protocol.o(i.SPI2_IRQHandler)
    SPI3_IRQHandler                          0x080015cd   Thumb Code    40  spi_protocol.o(i.SPI3_IRQHandler)
    SPI_I2S_GetITStatus                      0x080015fd   Thumb Code    46  stm32f4xx_spi.o(i.SPI_I2S_GetITStatus)
    SPI_I2S_ReceiveData                      0x0800162b   Thumb Code     4  stm32f4xx_spi.o(i.SPI_I2S_ReceiveData)
    SPI_NSSInternalSoftwareConfig            0x0800162f   Thumb Code    28  stm32f4xx_spi.o(i.SPI_NSSInternalSoftwareConfig)
    SVC_Handler                              0x0800164b   Thumb Code     2  stm32f4xx_it.o(i.SVC_Handler)
    SysTick_Handler                          0x08001729   Thumb Code     2  stm32f4xx_it.o(i.SysTick_Handler)
    SystemCoreClockUpdate                    0x0800172d   Thumb Code   124  system_stm32f4xx.o(i.SystemCoreClockUpdate)
    SystemInit                               0x080017bd   Thumb Code    72  system_stm32f4xx.o(i.SystemInit)
    TIM2_IRQHandler                          0x0800181d   Thumb Code    36  ticks.o(i.TIM2_IRQHandler)
    TIM5_IRQHandler                          0x08001845   Thumb Code     8  pos_esti.o(i.TIM5_IRQHandler)
    TIM5_init                                0x08001851   Thumb Code   110  pos_esti.o(i.TIM5_init)
    TIM7_IRQHandler                          0x080018c9   Thumb Code   232  timer.o(i.TIM7_IRQHandler)
    TIM8_init                                0x080019c1   Thumb Code    70  adc.o(i.TIM8_init)
    TIM_ClearITPendingBit                    0x08001a0d   Thumb Code     6  stm32f4xx_tim.o(i.TIM_ClearITPendingBit)
    TIM_Cmd                                  0x08001a13   Thumb Code    24  stm32f4xx_tim.o(i.TIM_Cmd)
    TIM_DeInit                               0x08001a2b   Thumb Code   438  stm32f4xx_tim.o(i.TIM_DeInit)
    TIM_GetITStatus                          0x08001be1   Thumb Code    22  stm32f4xx_tim.o(i.TIM_GetITStatus)
    TIM_ITConfig                             0x08001bf7   Thumb Code    22  stm32f4xx_tim.o(i.TIM_ITConfig)
    TIM_SelectOutputTrigger                  0x08001c0d   Thumb Code    16  stm32f4xx_tim.o(i.TIM_SelectOutputTrigger)
    TIM_SetAutoreload                        0x08001c1d   Thumb Code     4  stm32f4xx_tim.o(i.TIM_SetAutoreload)
    TIM_SetCounter                           0x08001c21   Thumb Code     4  stm32f4xx_tim.o(i.TIM_SetCounter)
    TIM_TimeBaseInit                         0x08001c25   Thumb Code   120  stm32f4xx_tim.o(i.TIM_TimeBaseInit)
    USART1_IRQHandler                        0x08001ca5   Thumb Code   136  uart.o(i.USART1_IRQHandler)
    USART_ClearITPendingBit                  0x08001d3d   Thumb Code    18  stm32f4xx_usart.o(i.USART_ClearITPendingBit)
    USART_Cmd                                0x08001d4f   Thumb Code    24  stm32f4xx_usart.o(i.USART_Cmd)
    USART_GetFlagStatus                      0x08001d67   Thumb Code    14  stm32f4xx_usart.o(i.USART_GetFlagStatus)
    USART_GetITStatus                        0x08001d75   Thumb Code    72  stm32f4xx_usart.o(i.USART_GetITStatus)
    USART_ITConfig                           0x08001dbd   Thumb Code    58  stm32f4xx_usart.o(i.USART_ITConfig)
    USART_Init                               0x08001df9   Thumb Code   202  stm32f4xx_usart.o(i.USART_Init)
    USART_ReceiveData                        0x08001ec9   Thumb Code     8  stm32f4xx_usart.o(i.USART_ReceiveData)
    UsageFault_Handler                       0x08001ed1   Thumb Code     2  stm32f4xx_it.o(i.UsageFault_Handler)
    __0vsprintf                              0x08001ed5   Thumb Code    30  printfa.o(i.__0vsprintf)
    __1vsprintf                              0x08001ed5   Thumb Code     0  printfa.o(i.__0vsprintf)
    __2vsprintf                              0x08001ed5   Thumb Code     0  printfa.o(i.__0vsprintf)
    __c89vsprintf                            0x08001ed5   Thumb Code     0  printfa.o(i.__0vsprintf)
    vsprintf                                 0x08001ed5   Thumb Code     0  printfa.o(i.__0vsprintf)
    __ARM_fpclassifyf                        0x08001ef9   Thumb Code    38  fpclassifyf.o(i.__ARM_fpclassifyf)
    __hardfp_atan2f                          0x08001f21   Thumb Code   502  atan2f.o(i.__hardfp_atan2f)
    __mathlib_flt_infnan2                    0x08002171   Thumb Code     6  funder.o(i.__mathlib_flt_infnan2)
    __mathlib_flt_underflow                  0x08002179   Thumb Code    10  funder.o(i.__mathlib_flt_underflow)
    __scatterload_copy                       0x08002189   Thumb Code    14  handlers.o(i.__scatterload_copy)
    __scatterload_null                       0x08002197   Thumb Code     2  handlers.o(i.__scatterload_null)
    __scatterload_zeroinit                   0x08002199   Thumb Code    14  handlers.o(i.__scatterload_zeroinit)
    _delay_ms                                0x080021a7   Thumb Code    26  ticks.o(i._delay_ms)
    _delay_us                                0x080021c1   Thumb Code    26  ticks.o(i._delay_us)
    absEnc_init                              0x08002a99   Thumb Code    54  absenc.o(i.absEnc_init)
    adc_bemf_init                            0x08002ad5   Thumb Code   178  adc.o(i.adc_bemf_init)
    adc_dma_init                             0x08002b99   Thumb Code   186  adc.o(i.adc_dma_init)
    adc_done                                 0x08002c65   Thumb Code    10  adc.o(i.adc_done)
    adc_gpio_init                            0x08002c75   Thumb Code    56  adc.o(i.adc_gpio_init)
    adc_init                                 0x08002cb1   Thumb Code    80  adc.o(i.adc_init)
    app_atan2                                0x08002d01   Thumb Code    56  trigon_math.o(i.app_atan2)
    bemf                                     0x08002d41   Thumb Code    40  adc.o(i.bemf)
    btn_init                                 0x08002d71   Thumb Code    38  button.o(i.btn_init)
    btn_onclick                              0x08002d9d   Thumb Code    26  button.o(i.btn_onclick)
    btn_pressed                              0x08002dbd   Thumb Code    46  button.o(i.btn_pressed)
    btn_update                               0x08002df1   Thumb Code    62  button.o(i.btn_update)
    dac_init                                 0x080030b9   Thumb Code   306  dac.o(i.dac_init)
    det                                      0x0800320d   Thumb Code     8  vec.o(i.det)
    enc_cal                                  0x08003215   Thumb Code   104  pos_esti.o(i.enc_cal)
    getPinSource                             0x08003281   Thumb Code   152  gpio.o(i.getPinSource)
    get_abs                                  0x08003319   Thumb Code    16  absenc.o(i.get_abs)
    get_bemf                                 0x0800332d   Thumb Code    18  adc.o(i.get_bemf)
    get_can_queue_size                       0x08003345   Thumb Code    34  can_protocol.o(i.get_can_queue_size)
    get_freq                                 0x08003371   Thumb Code     6  dac.o(i.get_freq)
    get_interval                             0x0800337d   Thumb Code    14  dac.o(i.get_interval)
    get_method                               0x08003391   Thumb Code     6  pos_esti.o(i.get_method)
    get_pk2pk                                0x0800339d   Thumb Code    18  adc.o(i.get_pk2pk)
    get_pos                                  0x080033b5   Thumb Code     6  pos_esti.o(i.get_pos)
    get_uart_queue_size                      0x080033c1   Thumb Code    34  uart.o(i.get_uart_queue_size)
    get_voltage                              0x080033ed   Thumb Code    12  dac.o(i.get_voltage)
    gpio_af_init                             0x080033fd   Thumb Code    74  gpio.o(i.gpio_af_init)
    gpio_input_init                          0x08003447   Thumb Code    40  gpio.o(i.gpio_input_init)
    gpio_output_init                         0x0800346f   Thumb Code    52  gpio.o(i.gpio_output_init)
    gpio_rcc_init                            0x080034a5   Thumb Code   110  gpio.o(i.gpio_rcc_init)
    gpio_read_input                          0x08003519   Thumb Code     8  gpio.o(i.gpio_read_input)
    gpio_toggle                              0x08003521   Thumb Code    32  gpio.o(i.gpio_toggle)
    gray2bin                                 0x08003541   Thumb Code    96  absenc.o(i.gray2bin)
    induc_sense                              0x080035a1   Thumb Code   150  pos_esti.o(i.induc_sense)
    inv_sqrt                                 0x0800363d   Thumb Code    72  approx_math.o(i.inv_sqrt)
    inverse                                  0x0800368d   Thumb Code   300  vec.o(i.inverse)
    led_blink                                0x080037b9   Thumb Code    10  led.o(i.led_blink)
    led_init                                 0x080037c9   Thumb Code    36  led.o(i.led_init)
    main                                     0x080037f1   Thumb Code   164  main.o(i.main)
    mat_det                                  0x080038a1   Thumb Code    64  vec.o(i.mat_det)
    mat_vec_prod                             0x080038e1   Thumb Code    92  vec.o(i.mat_vec_prod)
    pk2pk2                                   0x0800393d   Thumb Code   354  adc.o(i.pk2pk2)
    pos_update4                              0x08003aad   Thumb Code   408  pos_esti.o(i.pos_update4)
    pos_update_bemf                          0x08003c55   Thumb Code   294  pos_esti.o(i.pos_update_bemf)
    position_update                          0x08003d8d   Thumb Code   274  pos_esti.o(i.position_update)
    record                                   0x08003eb5   Thumb Code   176  main.o(i.record)
    reset_dma_adc                            0x08003fa1   Thumb Code    38  adc.o(i.reset_dma_adc)
    reset_dma_adc_bemf                       0x08003fd5   Thumb Code    38  adc.o(i.reset_dma_adc_bemf)
    sca_mat_div                              0x08004009   Thumb Code    74  vec.o(i.sca_mat_div)
    sca_mat_prod                             0x08004053   Thumb Code    56  vec.o(i.sca_mat_prod)
    sca_vec_div                              0x0800408b   Thumb Code    26  vec.o(i.sca_vec_div)
    sense_init                               0x080040a5   Thumb Code    78  pos_esti.o(i.sense_init)
    ticks_init                               0x08004135   Thumb Code   100  ticks.o(i.ticks_init)
    transpose                                0x0800419d   Thumb Code    72  vec.o(i.transpose)
    uart_bitch                               0x080041e5   Thumb Code    80  pos_esti.o(i.uart_bitch)
    uart_init                                0x08004249   Thumb Code   186  uart.o(i.uart_init)
    uart_tx                                  0x08004309   Thumb Code   156  uart.o(i.uart_tx)
    v_funct                                  0x080043ad   Thumb Code   102  pos_esti.o(i.v_funct)
    vec_sub                                  0x08004419   Thumb Code    44  vec.o(i.vec_sub)
    PA9                                      0x08004458   Data           8  gpio.o(.constdata)
    PA10                                     0x08004460   Data           8  gpio.o(.constdata)
    PA12                                     0x08004468   Data           8  gpio.o(.constdata)
    PB12                                     0x08004470   Data           8  gpio.o(.constdata)
    PB13                                     0x08004478   Data           8  gpio.o(.constdata)
    PB14                                     0x08004480   Data           8  gpio.o(.constdata)
    PC13                                     0x08004488   Data           8  gpio.o(.constdata)
    sin1                                     0x08004490   Data         896  dac.o(.constdata)
    sin2                                     0x08004810   Data         448  dac.o(.constdata)
    sin3                                     0x080049d0   Data         224  dac.o(.constdata)
    sine                                     0x08004ab0   Data          84  dac.o(.constdata)
    Region$$Table$$Base                      0x08004b1c   Number         0  anon$$obj.o(Region$$Table)
    Region$$Table$$Limit                     0x08004b3c   Number         0  anon$$obj.o(Region$$Table)
    IsClockFucked                            0x20000010   Data           1  system_stm32f4xx.o(.data)
    SystemCoreClock                          0x20000014   Data           4  system_stm32f4xx.o(.data)
    AHBPrescTable                            0x20000018   Data          16  system_stm32f4xx.o(.data)
    last_ticks                               0x20000028   Data           4  main.o(.data)
    curr_ticks                               0x2000002c   Data           4  main.o(.data)
    flag                                     0x20000030   Data           1  adc.o(.data)
    curr_input                               0x20000031   Data           1  adc.o(.data)
    count                                    0x20000034   Data           4  adc.o(.data)
    peak_to_peak                             0x20000038   Data           6  adc.o(.data)
    CAN_tx_queue                             0x20000054   Data          16  can_protocol.o(.data)
    msTicks                                  0x20000074   Data           4  ticks.o(.data)
    volt_index                               0x20000078   Data           1  dac.o(.data)
    frequency                                0x2000007a   Data           2  dac.o(.data)
    volt                                     0x2000007c   Data          14  dac.o(.data)
    positive                                 0x2000008c   Data           1  pos_esti.o(.data)
    ratio                                    0x2000008d   Data           1  pos_esti.o(.data)
    true_count                               0x2000008e   Data           1  pos_esti.o(.data)
    k                                        0x2000008f   Data           1  pos_esti.o(.data)
    method_flag                              0x20000090   Data           1  pos_esti.o(.data)
    sense_method                             0x20000091   Data           1  pos_esti.o(.data)
    last_sense                               0x20000092   Data           1  pos_esti.o(.data)
    mean_vel                                 0x20000094   Data           2  pos_esti.o(.data)
    init_pos                                 0x20000096   Data           2  pos_esti.o(.data)
    last                                     0x20000098   Data           2  pos_esti.o(.data)
    vel                                      0x2000009a   Data           2  pos_esti.o(.data)
    position                                 0x2000009c   Data           4  pos_esti.o(.data)
    last_deg                                 0x200000a0   Data           4  pos_esti.o(.data)
    last_position                            0x200000a4   Data           4  pos_esti.o(.data)
    curr_position                            0x200000a8   Data           4  pos_esti.o(.data)
    last_pos                                 0x200000ac   Data           4  pos_esti.o(.data)
    enc                                      0x200000b0   Data           4  pos_esti.o(.data)
    last_enc                                 0x200000b4   Data           4  pos_esti.o(.data)
    enc_vel                                  0x200000b8   Data           4  pos_esti.o(.data)
    vel_count                                0x200000bc   Data           4  pos_esti.o(.data)
    ksin                                     0x200000c0   Data           4  pos_esti.o(.data)
    kcos                                     0x200000c4   Data           4  pos_esti.o(.data)
    offset                                   0x200000c8   Data           4  pos_esti.o(.data)
    sense_count                              0x200000cc   Data           4  pos_esti.o(.data)
    min                                      0x200000d0   Data          24  pos_esti.o(.data)
    ide_pos                                  0x2000010c   Data        1000  main.o(.bss)
    mea_pos                                  0x200004f4   Data        1000  main.o(.bss)
    method                                   0x200008dc   Data         500  main.o(.bss)
    ADC_buffer                               0x20000ad0   Data         300  adc.o(.bss)
    CAN_Rx_Handlers                          0x20000bfc   Data         112  can_protocol.o(.bss)
    x                                        0x20001618   Data          32  pos_esti.o(.bss)
    lastx                                    0x20001638   Data          24  pos_esti.o(.bss)
    result                                   0x20001650   Data          12  pos_esti.o(.bss)
    max                                      0x2000165c   Data          24  pos_esti.o(.bss)
    save_x                                   0x20001674   Data        1728  pos_esti.o(.bss)
    WTF                                      0x20001d34   Data         876  pos_esti.o(.bss)
    x_offset                                 0x200020a0   Data          12  pos_esti.o(.bss)
    bitch                                    0x200020ac   Data        4096  pos_esti.o(.bss)
    bitch1                                   0x200030ac   Data       12288  pos_esti.o(.bss)
    vel_buffer                               0x200060ac   Data          20  pos_esti.o(.bss)
    x_vec                                    0x200060c0   Data          24  pos_esti.o(.bss)
    read                                     0x200060d8   Data          12  pos_esti.o(.bss)
    output                                   0x200060e4   Data          12  pos_esti.o(.bss)
    J                                        0x200060f0   Data          72  pos_esti.o(.bss)
    __initial_sp                             0x20006ac8   Data           0  startup_stm32f40_41xxx.o(STACK)



==============================================================================

Memory Map of the image

  Image Entry point : 0x08000189

  Load Region LR_IROM1 (Base: 0x08000000, Size: 0x00004c48, Max: 0x00100000, ABSOLUTE)

    Execution Region ER_IROM1 (Base: 0x08000000, Size: 0x00004b3c, Max: 0x00100000, ABSOLUTE)

    Base Addr    Size         Type   Attr      Idx    E Section Name        Object

    0x08000000   0x00000188   Data   RO         5413    RESET               startup_stm32f40_41xxx.o
    0x08000188   0x00000000   Code   RO         8234  * .ARM.Collect$$$$00000000  mc_w.l(entry.o)
    0x08000188   0x00000004   Code   RO         8361    .ARM.Collect$$$$00000001  mc_w.l(entry2.o)
    0x0800018c   0x00000004   Code   RO         8364    .ARM.Collect$$$$00000004  mc_w.l(entry5.o)
    0x08000190   0x00000000   Code   RO         8366    .ARM.Collect$$$$00000008  mc_w.l(entry7b.o)
    0x08000190   0x00000000   Code   RO         8368    .ARM.Collect$$$$0000000A  mc_w.l(entry8b.o)
    0x08000190   0x00000008   Code   RO         8369    .ARM.Collect$$$$0000000B  mc_w.l(entry9a.o)
    0x08000198   0x00000000   Code   RO         8371    .ARM.Collect$$$$0000000D  mc_w.l(entry10a.o)
    0x08000198   0x00000000   Code   RO         8373    .ARM.Collect$$$$0000000F  mc_w.l(entry11a.o)
    0x08000198   0x00000004   Code   RO         8362    .ARM.Collect$$$$00002712  mc_w.l(entry2.o)
    0x0800019c   0x00000024   Code   RO         5414    .text               startup_stm32f40_41xxx.o
    0x080001c0   0x00000062   Code   RO         8237    .text               mc_w.l(uldiv.o)
    0x08000222   0x0000014e   Code   RO         8295    .text               mf_w.l(dadd.o)
    0x08000370   0x000000e4   Code   RO         8297    .text               mf_w.l(dmul.o)
    0x08000454   0x000000de   Code   RO         8299    .text               mf_w.l(ddiv.o)
    0x08000532   0x0000002c   Code   RO         8378    .text               mc_w.l(uidiv.o)
    0x0800055e   0x0000001e   Code   RO         8380    .text               mc_w.l(llshl.o)
    0x0800057c   0x00000020   Code   RO         8382    .text               mc_w.l(llushr.o)
    0x0800059c   0x00000024   Code   RO         8384    .text               mc_w.l(llsshr.o)
    0x080005c0   0x00000000   Code   RO         8399    .text               mc_w.l(iusefp.o)
    0x080005c0   0x000000ba   Code   RO         8400    .text               mf_w.l(depilogue.o)
    0x0800067a   0x00000030   Code   RO         8404    .text               mf_w.l(dfixul.o)
    0x080006aa   0x00000002   PAD
    0x080006ac   0x00000030   Code   RO         8406    .text               mf_w.l(cdrcmple.o)
    0x080006dc   0x00000024   Code   RO         8418    .text               mc_w.l(init.o)
    0x08000700   0x00000018   Code   RO           10    i.ADC_Cmd           stm32f4xx_adc.o
    0x08000718   0x0000002c   Code   RO           11    i.ADC_CommonInit    stm32f4xx_adc.o
    0x08000744   0x00000018   Code   RO           14    i.ADC_DMACmd        stm32f4xx_adc.o
    0x0800075c   0x00000018   Code   RO           15    i.ADC_DMARequestAfterLastTransferCmd  stm32f4xx_adc.o
    0x08000774   0x00000018   Code   RO           16    i.ADC_DeInit        stm32f4xx_adc.o
    0x0800078c   0x00000058   Code   RO           30    i.ADC_Init          stm32f4xx_adc.o
    0x080007e4   0x00000090   Code   RO           35    i.ADC_RegularChannelConfig  stm32f4xx_adc.o
    0x08000874   0x0000000a   Code   RO           37    i.ADC_SoftwareStartConv  stm32f4xx_adc.o
    0x0800087e   0x00000002   Code   RO         5122    i.BusFault_Handler  stm32f4xx_it.o
    0x08000880   0x00000058   Code   RO         5771    i.CAN1_RX0_IRQHandler  can_protocol.o
    0x080008d8   0x00000058   Code   RO         5772    i.CAN1_RX1_IRQHandler  can_protocol.o
    0x08000930   0x0000002c   Code   RO         5773    i.CAN1_TX_IRQHandler  can_protocol.o
    0x0800095c   0x0000005c   Code   RO         5774    i.CAN2_RX0_IRQHandler  can_protocol.o
    0x080009b8   0x0000005c   Code   RO         5775    i.CAN2_RX1_IRQHandler  can_protocol.o
    0x08000a14   0x0000002c   Code   RO         5776    i.CAN2_TX_IRQHandler  can_protocol.o
    0x08000a40   0x000000a8   Code   RO          359    i.CAN_ClearITPendingBit  stm32f4xx_can.o
    0x08000ae8   0x0000010c   Code   RO          365    i.CAN_GetITStatus   stm32f4xx_can.o
    0x08000bf4   0x000000be   Code   RO          373    i.CAN_Receive       stm32f4xx_can.o
    0x08000cb2   0x0000000c   Code   RO          381    i.CheckITStatus     stm32f4xx_can.o
    0x08000cbe   0x00000002   PAD
    0x08000cc0   0x00000024   Code   RO          853    i.DAC_Cmd           stm32f4xx_dac.o
    0x08000ce4   0x00000024   Code   RO          854    i.DAC_DMACmd        stm32f4xx_dac.o
    0x08000d08   0x00000038   Code   RO          861    i.DAC_Init          stm32f4xx_dac.o
    0x08000d40   0x00000016   Code   RO          862    i.DAC_SetChannel1Data  stm32f4xx_dac.o
    0x08000d56   0x00000002   PAD
    0x08000d58   0x00000048   Code   RO         6490    i.DAC_TIM4_Config   dac.o
    0x08000da0   0x00000020   Code   RO         6491    i.DAC_enable        dac.o
    0x08000dc0   0x00000044   Code   RO         6492    i.DAC_enable_init   dac.o
    0x08000e04   0x00000020   Code   RO         5548    i.DMA2_Stream0_IRQHandler  adc.o
    0x08000e24   0x00000030   Code   RO         1137    i.DMA_ClearITPendingBit  stm32f4xx_dma.o
    0x08000e54   0x00000018   Code   RO         1138    i.DMA_Cmd           stm32f4xx_dma.o
    0x08000e6c   0x00000188   Code   RO         1139    i.DMA_DeInit        stm32f4xx_dma.o
    0x08000ff4   0x00000036   Code   RO         1149    i.DMA_ITConfig      stm32f4xx_dma.o
    0x0800102a   0x00000002   PAD
    0x0800102c   0x0000007c   Code   RO         1150    i.DMA_Init          stm32f4xx_dma.o
    0x080010a8   0x00000002   Code   RO         5123    i.DebugMon_Handler  stm32f4xx_it.o
    0x080010aa   0x00000020   Code   RO         7756    i.EXTI15_10_IRQHandler  spi_xbc_mb.o
    0x080010ca   0x00000002   PAD
    0x080010cc   0x0000000c   Code   RO         1428    i.EXTI_ClearITPendingBit  stm32f4xx_exti.o
    0x080010d8   0x00000014   Code   RO         1432    i.EXTI_GetITStatus  stm32f4xx_exti.o
    0x080010ec   0x0000002c   Code   RO         6493    i.FET_gnd           dac.o
    0x08001118   0x00000096   Code   RO         1950    i.GPIO_Init         stm32f4xx_gpio.o
    0x080011ae   0x00000022   Code   RO         1951    i.GPIO_PinAFConfig  stm32f4xx_gpio.o
    0x080011d0   0x0000000e   Code   RO         1954    i.GPIO_ReadInputDataBit  stm32f4xx_gpio.o
    0x080011de   0x0000000e   Code   RO         1956    i.GPIO_ReadOutputDataBit  stm32f4xx_gpio.o
    0x080011ec   0x00000012   Code   RO         1959    i.GPIO_StructInit   stm32f4xx_gpio.o
    0x080011fe   0x0000000c   Code   RO         1962    i.GPIO_WriteBit     stm32f4xx_gpio.o
    0x0800120a   0x00000002   Code   RO         5124    i.HardFault_Handler  stm32f4xx_it.o
    0x0800120c   0x00000002   Code   RO         5125    i.MemManage_Handler  stm32f4xx_it.o
    0x0800120e   0x00000002   Code   RO         5126    i.NMI_Handler       stm32f4xx_it.o
    0x08001210   0x00000074   Code   RO         5322    i.NVIC_Init         misc.o
    0x08001284   0x000001a8   Code   RO         6605    i.N_method          pos_esti.o
    0x0800142c   0x00000002   Code   RO         5127    i.PendSV_Handler    stm32f4xx_it.o
    0x0800142e   0x00000002   PAD
    0x08001430   0x0000001c   Code   RO         2891    i.RCC_AHB1PeriphClockCmd  stm32f4xx_rcc.o
    0x0800144c   0x0000001c   Code   RO         2900    i.RCC_APB1PeriphClockCmd  stm32f4xx_rcc.o
    0x08001468   0x0000001c   Code   RO         2902    i.RCC_APB1PeriphResetCmd  stm32f4xx_rcc.o
    0x08001484   0x0000001c   Code   RO         2903    i.RCC_APB2PeriphClockCmd  stm32f4xx_rcc.o
    0x080014a0   0x0000001c   Code   RO         2905    i.RCC_APB2PeriphResetCmd  stm32f4xx_rcc.o
    0x080014bc   0x000000b0   Code   RO         2912    i.RCC_GetClocksFreq  stm32f4xx_rcc.o
    0x0800156c   0x00000030   Code   RO         6418    i.SPI1_IRQHandler   spi_protocol.o
    0x0800159c   0x00000030   Code   RO         6419    i.SPI2_IRQHandler   spi_protocol.o
    0x080015cc   0x00000030   Code   RO         6420    i.SPI3_IRQHandler   spi_protocol.o
    0x080015fc   0x0000002e   Code   RO         4070    i.SPI_I2S_GetITStatus  stm32f4xx_spi.o
    0x0800162a   0x00000004   Code   RO         4072    i.SPI_I2S_ReceiveData  stm32f4xx_spi.o
    0x0800162e   0x0000001c   Code   RO         4075    i.SPI_NSSInternalSoftwareConfig  stm32f4xx_spi.o
    0x0800164a   0x00000002   Code   RO         5128    i.SVC_Handler       stm32f4xx_it.o
    0x0800164c   0x000000dc   Code   RO         5373    i.SetSysClock       system_stm32f4xx.o
    0x08001728   0x00000002   Code   RO         5129    i.SysTick_Handler   stm32f4xx_it.o
    0x0800172a   0x00000002   PAD
    0x0800172c   0x00000090   Code   RO         5374    i.SystemCoreClockUpdate  system_stm32f4xx.o
    0x080017bc   0x00000060   Code   RO         5375    i.SystemInit        system_stm32f4xx.o
    0x0800181c   0x00000028   Code   RO         6100    i.TIM2_IRQHandler   ticks.o
    0x08001844   0x0000000c   Code   RO         6606    i.TIM5_IRQHandler   pos_esti.o
    0x08001850   0x00000078   Code   RO         6607    i.TIM5_init         pos_esti.o
    0x080018c8   0x000000f8   Code   RO         7681    i.TIM7_IRQHandler   timer.o
    0x080019c0   0x0000004c   Code   RO         5549    i.TIM8_init         adc.o
    0x08001a0c   0x00000006   Code   RO         4300    i.TIM_ClearITPendingBit  stm32f4xx_tim.o
    0x08001a12   0x00000018   Code   RO         4305    i.TIM_Cmd           stm32f4xx_tim.o
    0x08001a2a   0x000001b6   Code   RO         4310    i.TIM_DeInit        stm32f4xx_tim.o
    0x08001be0   0x00000016   Code   RO         4326    i.TIM_GetITStatus   stm32f4xx_tim.o
    0x08001bf6   0x00000016   Code   RO         4330    i.TIM_ITConfig      stm32f4xx_tim.o
    0x08001c0c   0x00000010   Code   RO         4363    i.TIM_SelectOutputTrigger  stm32f4xx_tim.o
    0x08001c1c   0x00000004   Code   RO         4365    i.TIM_SetAutoreload  stm32f4xx_tim.o
    0x08001c20   0x00000004   Code   RO         4371    i.TIM_SetCounter    stm32f4xx_tim.o
    0x08001c24   0x00000080   Code   RO         4377    i.TIM_TimeBaseInit  stm32f4xx_tim.o
    0x08001ca4   0x00000098   Code   RO         5948    i.USART1_IRQHandler  uart.o
    0x08001d3c   0x00000012   Code   RO         4859    i.USART_ClearITPendingBit  stm32f4xx_usart.o
    0x08001d4e   0x00000018   Code   RO         4862    i.USART_Cmd         stm32f4xx_usart.o
    0x08001d66   0x0000000e   Code   RO         4865    i.USART_GetFlagStatus  stm32f4xx_usart.o
    0x08001d74   0x00000048   Code   RO         4866    i.USART_GetITStatus  stm32f4xx_usart.o
    0x08001dbc   0x0000003a   Code   RO         4868    i.USART_ITConfig    stm32f4xx_usart.o
    0x08001df6   0x00000002   PAD
    0x08001df8   0x000000d0   Code   RO         4869    i.USART_Init        stm32f4xx_usart.o
    0x08001ec8   0x00000008   Code   RO         4876    i.USART_ReceiveData  stm32f4xx_usart.o
    0x08001ed0   0x00000002   Code   RO         5130    i.UsageFault_Handler  stm32f4xx_it.o
    0x08001ed2   0x00000002   PAD
    0x08001ed4   0x00000024   Code   RO         8246    i.__0vsprintf       mc_w.l(printfa.o)
    0x08001ef8   0x00000026   Code   RO         8322    i.__ARM_fpclassifyf  m_wm.l(fpclassifyf.o)
    0x08001f1e   0x00000002   PAD
    0x08001f20   0x00000250   Code   RO         8186    i.__hardfp_atan2f   m_wm.l(atan2f.o)
    0x08002170   0x00000006   Code   RO         8326    i.__mathlib_flt_infnan2  m_wm.l(funder.o)
    0x08002176   0x00000002   PAD
    0x08002178   0x00000010   Code   RO         8330    i.__mathlib_flt_underflow  m_wm.l(funder.o)
    0x08002188   0x0000000e   Code   RO         8426    i.__scatterload_copy  mc_w.l(handlers.o)
    0x08002196   0x00000002   Code   RO         8427    i.__scatterload_null  mc_w.l(handlers.o)
    0x08002198   0x0000000e   Code   RO         8428    i.__scatterload_zeroinit  mc_w.l(handlers.o)
    0x080021a6   0x0000001a   Code   RO         6101    i._delay_ms         ticks.o
    0x080021c0   0x0000001a   Code   RO         6102    i._delay_us         ticks.o
    0x080021da   0x00000002   PAD
    0x080021dc   0x00000184   Code   RO         8247    i._fp_digits        mc_w.l(printfa.o)
    0x08002360   0x000006dc   Code   RO         8248    i._printf_core      mc_w.l(printfa.o)
    0x08002a3c   0x00000024   Code   RO         8249    i._printf_post_padding  mc_w.l(printfa.o)
    0x08002a60   0x0000002e   Code   RO         8250    i._printf_pre_padding  mc_w.l(printfa.o)
    0x08002a8e   0x0000000a   Code   RO         8252    i._sputc            mc_w.l(printfa.o)
    0x08002a98   0x0000003c   Code   RO         6566    i.absEnc_init       absenc.o
    0x08002ad4   0x000000c4   Code   RO         5550    i.adc_bemf_init     adc.o
    0x08002b98   0x000000cc   Code   RO         5551    i.adc_dma_init      adc.o
    0x08002c64   0x00000010   Code   RO         5552    i.adc_done          adc.o
    0x08002c74   0x0000003c   Code   RO         5553    i.adc_gpio_init     adc.o
    0x08002cb0   0x00000050   Code   RO         5554    i.adc_init          adc.o
    0x08002d00   0x00000040   Code   RO         6353    i.app_atan2         trigon_math.o
    0x08002d40   0x00000030   Code   RO         5555    i.bemf              adc.o
    0x08002d70   0x0000002c   Code   RO         6914    i.btn_init          button.o
    0x08002d9c   0x00000020   Code   RO         6915    i.btn_onclick       button.o
    0x08002dbc   0x00000034   Code   RO         6916    i.btn_pressed       button.o
    0x08002df0   0x00000048   Code   RO         6920    i.btn_update        button.o
    0x08002e38   0x00000140   Code   RO         5777    i.can1_tx_dequeue   can_protocol.o
    0x08002f78   0x00000140   Code   RO         5778    i.can2_tx_dequeue   can_protocol.o
    0x080030b8   0x00000154   Code   RO         6494    i.dac_init          dac.o
    0x0800320c   0x00000008   Code   RO         6778    i.det               vec.o
    0x08003214   0x0000006c   Code   RO         6608    i.enc_cal           pos_esti.o
    0x08003280   0x00000098   Code   RO         6148    i.getPinSource      gpio.o
    0x08003318   0x00000014   Code   RO         6567    i.get_abs           absenc.o
    0x0800332c   0x00000018   Code   RO         5556    i.get_bemf          adc.o
    0x08003344   0x0000002c   Code   RO         5784    i.get_can_queue_size  can_protocol.o
    0x08003370   0x0000000c   Code   RO         6495    i.get_freq          dac.o
    0x0800337c   0x00000014   Code   RO         6496    i.get_interval      dac.o
    0x08003390   0x0000000c   Code   RO         6611    i.get_method        pos_esti.o
    0x0800339c   0x00000018   Code   RO         5558    i.get_pk2pk         adc.o
    0x080033b4   0x0000000c   Code   RO         6612    i.get_pos           pos_esti.o
    0x080033c0   0x0000002c   Code   RO         5949    i.get_uart_queue_size  uart.o
    0x080033ec   0x00000010   Code   RO         6497    i.get_voltage       dac.o
    0x080033fc   0x0000004a   Code   RO         6149    i.gpio_af_init      gpio.o
    0x08003446   0x00000028   Code   RO         6151    i.gpio_input_init   gpio.o
    0x0800346e   0x00000034   Code   RO         6152    i.gpio_output_init  gpio.o
    0x080034a2   0x00000002   PAD
    0x080034a4   0x00000074   Code   RO         6153    i.gpio_rcc_init     gpio.o
    0x08003518   0x00000008   Code   RO         6155    i.gpio_read_input   gpio.o
    0x08003520   0x00000020   Code   RO         6157    i.gpio_toggle       gpio.o
    0x08003540   0x00000060   Code   RO         6568    i.gray2bin          absenc.o
    0x080035a0   0x0000009c   Code   RO         6614    i.induc_sense       pos_esti.o
    0x0800363c   0x00000050   Code   RO         5701    i.inv_sqrt          approx_math.o
    0x0800368c   0x0000012c   Code   RO         6782    i.inverse           vec.o
    0x080037b8   0x00000010   Code   RO         7465    i.led_blink         led.o
    0x080037c8   0x00000028   Code   RO         7467    i.led_init          led.o
    0x080037f0   0x000000b0   Code   RO         5421    i.main              main.o
    0x080038a0   0x00000040   Code   RO         6783    i.mat_det           vec.o
    0x080038e0   0x0000005c   Code   RO         6785    i.mat_vec_prod      vec.o
    0x0800393c   0x00000170   Code   RO         5561    i.pk2pk2            adc.o
    0x08003aac   0x000001a8   Code   RO         6617    i.pos_update4       pos_esti.o
    0x08003c54   0x00000138   Code   RO         6618    i.pos_update_bemf   pos_esti.o
    0x08003d8c   0x00000128   Code   RO         6619    i.position_update   pos_esti.o
    0x08003eb4   0x000000ec   Code   RO         5422    i.record            main.o
    0x08003fa0   0x00000034   Code   RO         5562    i.reset_dma_adc     adc.o
    0x08003fd4   0x00000034   Code   RO         5563    i.reset_dma_adc_bemf  adc.o
    0x08004008   0x0000004a   Code   RO         6786    i.sca_mat_div       vec.o
    0x08004052   0x00000038   Code   RO         6787    i.sca_mat_prod      vec.o
    0x0800408a   0x0000001a   Code   RO         6788    i.sca_vec_div       vec.o
    0x080040a4   0x0000005c   Code   RO         6620    i.sense_init        pos_esti.o
    0x08004100   0x00000034   Code   RO         7765    i.spi_xbc_update_ssi  spi_xbc_mb.o
    0x08004134   0x00000068   Code   RO         6103    i.ticks_init        ticks.o
    0x0800419c   0x00000048   Code   RO         6790    i.transpose         vec.o
    0x080041e4   0x00000064   Code   RO         6621    i.uart_bitch        pos_esti.o
    0x08004248   0x000000c0   Code   RO         5951    i.uart_init         uart.o
    0x08004308   0x000000a4   Code   RO         5954    i.uart_tx           uart.o
    0x080043ac   0x0000006c   Code   RO         6622    i.v_funct           pos_esti.o
    0x08004418   0x0000002c   Code   RO         6794    i.vec_sub           vec.o
    0x08004444   0x00000014   Data   RO         5960    .constdata          uart.o
    0x08004458   0x00000008   Data   RO         6168    .constdata          gpio.o
    0x08004460   0x00000008   Data   RO         6169    .constdata          gpio.o
    0x08004468   0x00000008   Data   RO         6171    .constdata          gpio.o
    0x08004470   0x00000008   Data   RO         6187    .constdata          gpio.o
    0x08004478   0x00000008   Data   RO         6188    .constdata          gpio.o
    0x08004480   0x00000008   Data   RO         6189    .constdata          gpio.o
    0x08004488   0x00000008   Data   RO         6204    .constdata          gpio.o
    0x08004490   0x00000380   Data   RO         6498    .constdata          dac.o
    0x08004810   0x000001c0   Data   RO         6499    .constdata          dac.o
    0x080049d0   0x000000e0   Data   RO         6500    .constdata          dac.o
    0x08004ab0   0x00000054   Data   RO         6501    .constdata          dac.o
    0x08004b04   0x00000018   Data   RO         6922    .constdata          button.o
    0x08004b1c   0x00000020   Data   RO         8424    Region$$Table       anon$$obj.o


    Execution Region RW_IRAM1 (Base: 0x20000000, Size: 0x00006ac8, Max: 0x00020000, ABSOLUTE)

    Base Addr    Size         Type   Attr      Idx    E Section Name        Object

    0x20000000   0x00000010   Data   RW         2944    .data               stm32f4xx_rcc.o
    0x20000010   0x00000018   Data   RW         5376    .data               system_stm32f4xx.o
    0x20000028   0x00000008   Data   RW         5425    .data               main.o
    0x20000030   0x0000000e   Data   RW         5567    .data               adc.o
    0x2000003e   0x00000002   PAD
    0x20000040   0x00000024   Data   RW         5792    .data               can_protocol.o
    0x20000064   0x00000010   Data   RW         5961    .data               uart.o
    0x20000074   0x00000004   Data   RW         6104    .data               ticks.o
    0x20000078   0x00000012   Data   RW         6502    .data               dac.o
    0x2000008a   0x00000002   PAD
    0x2000008c   0x0000005c   Data   RW         6625    .data               pos_esti.o
    0x200000e8   0x00000003   Data   RW         6923    .data               button.o
    0x200000eb   0x00000001   PAD
    0x200000ec   0x00000004   Data   RW         7468    .data               led.o
    0x200000f0   0x00000004   Data   RW         7687    .data               timer.o
    0x200000f4   0x00000018   Data   RW         7768    .data               spi_xbc_mb.o
    0x2000010c   0x000009c4   Zero   RW         5423    .bss                main.o
    0x20000ad0   0x0000012c   Zero   RW         5565    .bss                adc.o
    0x20000bfc   0x00000070   Zero   RW         5789    .bss                can_protocol.o
    0x20000c6c   0x000004b0   Zero   RW         5790    .bss                can_protocol.o
    0x2000111c   0x000004b0   Zero   RW         5791    .bss                can_protocol.o
    0x200015cc   0x00000040   Zero   RW         5959    .bss                uart.o
    0x2000160c   0x0000000c   Zero   RW         6426    .bss                spi_protocol.o
    0x20001618   0x00004b20   Zero   RW         6623    .bss                pos_esti.o
    0x20006138   0x00000190   Zero   RW         7686    .bss                timer.o
    0x200062c8   0x00000800   Zero   RW         5411    STACK               startup_stm32f40_41xxx.o


==============================================================================

Image component sizes


      Code (inc. data)   RO Data    RW Data    ZI Data      Debug   Object Name

       176         10          0          0          0       1535   absenc.o
      1232        128          0         14        300      10889   adc.o
         0          0          0          0          0       1176   algorithm.o
        80          8          0          0          0        703   approx_math.o
       200         28         24          3          0       3700   button.o
      1132        130          0         36       2512       5866   can_protocol.o
       604         70       1652         18          0       5114   dac.o
       474          6         56          0          0       8241   gpio.o
        56         10          0          4          0       1647   led.o
       412         72          0          8       2500       2001   main.o
       116          4          0          0          0       3032   misc.o
      2176        138          0         92      19232      10248   pos_esti.o
       144         24          0          0         12       2782   spi_protocol.o
        84          8          0         24          0       4187   spi_xbc_mb.o
        36          8        392          0       2048        944   startup_stm32f40_41xxx.o
       382         14          0          0          0     311192   stm32f4xx_adc.o
       638          8          0          0          0      12884   stm32f4xx_can.o
       150         18          0          0          0       8304   stm32f4xx_dac.o
       642        110          0          0          0      18329   stm32f4xx_dma.o
        32         10          0          0          0       1272   stm32f4xx_exti.o
       242          0          0          0          0      11866   stm32f4xx_gpio.o
        18          0          0          0          0      59412   stm32f4xx_it.o
       316         36          0         16          0      22001   stm32f4xx_rcc.o
        78          0          0          0          0      11084   stm32f4xx_spi.o
       664          8          0          0          0      27254   stm32f4xx_tim.o
       402          6          0          0          0      12458   stm32f4xx_usart.o
       460         76          0         24          0       2707   system_stm32f4xx.o
       196          8          0          4          0       2621   ticks.o
       248         16          0          4        400       2014   timer.o
        64          8          0          0          0        552   trigon_math.o
       552         40         20         16         64       4960   uart.o
       736          0          0          0          0       5946   vec.o

    ----------------------------------------------------------------------
     12762       1002       2176        268      27068     576921   Object Totals
         0          0         32          0          0          0   (incl. Generated)
        20          0          0          5          0          0   (incl. Padding)

    ----------------------------------------------------------------------

      Code (inc. data)   RO Data    RW Data    ZI Data      Debug   Library Member Name

       592         90          0          0          0        184   atan2f.o
        38          0          0          0          0        116   fpclassifyf.o
        22          6          0          0          0        232   funder.o
         0          0          0          0          0          0   entry.o
         0          0          0          0          0          0   entry10a.o
         0          0          0          0          0          0   entry11a.o
         8          4          0          0          0          0   entry2.o
         4          0          0          0          0          0   entry5.o
         0          0          0          0          0          0   entry7b.o
         0          0          0          0          0          0   entry8b.o
         8          4          0          0          0          0   entry9a.o
        30          0          0          0          0          0   handlers.o
        36          8          0          0          0         68   init.o
         0          0          0          0          0          0   iusefp.o
        30          0          0          0          0         68   llshl.o
        36          0          0          0          0         68   llsshr.o
        32          0          0          0          0         68   llushr.o
      2272         86          0          0          0        516   printfa.o
        44          0          0          0          0         80   uidiv.o
        98          0          0          0          0         92   uldiv.o
        48          0          0          0          0         68   cdrcmple.o
       334          0          0          0          0        148   dadd.o
       222          0          0          0          0        100   ddiv.o
       186          0          0          0          0        176   depilogue.o
        48          0          0          0          0         68   dfixul.o
       228          0          0          0          0         96   dmul.o

    ----------------------------------------------------------------------
      4322        198          0          0          0       2148   Library Totals
         6          0          0          0          0          0   (incl. Padding)

    ----------------------------------------------------------------------

      Code (inc. data)   RO Data    RW Data    ZI Data      Debug   Library Name

       652         96          0          0          0        532   m_wm.l
      2598        102          0          0          0        960   mc_w.l
      1066          0          0          0          0        656   mf_w.l

    ----------------------------------------------------------------------
      4322        198          0          0          0       2148   Library Totals

    ----------------------------------------------------------------------

==============================================================================


      Code (inc. data)   RO Data    RW Data    ZI Data      Debug   

     17084       1200       2176        268      27068     563441   Grand Totals
     17084       1200       2176        268      27068     563441   ELF Image Totals
     17084       1200       2176        268          0          0   ROM Totals

==============================================================================

    Total RO  Size (Code + RO Data)                19260 (  18.81kB)
    Total RW  Size (RW Data + ZI Data)             27336 (  26.70kB)
    Total ROM Size (Code + RO Data + RW Data)      19528 (  19.07kB)

==============================================================================

